Archive member included to satisfy reference by file (symbol)

/opt/gcc-arm-none-eabi-5_3-2016q1/bin/../lib/gcc/arm-none-eabi/5.3.1/armv7-m/libgcc.a(_aeabi_uldivmod.o)
                              obj_zoul/spi-legacy.o (__aeabi_uldivmod)
/opt/gcc-arm-none-eabi-5_3-2016q1/bin/../lib/gcc/arm-none-eabi/5.3.1/armv7-m/libgcc.a(_udivmoddi4.o)
                              /opt/gcc-arm-none-eabi-5_3-2016q1/bin/../lib/gcc/arm-none-eabi/5.3.1/armv7-m/libgcc.a(_aeabi_uldivmod.o) (__udivmoddi4)
/opt/gcc-arm-none-eabi-5_3-2016q1/bin/../lib/gcc/arm-none-eabi/5.3.1/armv7-m/libgcc.a(_dvmd_tls.o)
                              /opt/gcc-arm-none-eabi-5_3-2016q1/bin/../lib/gcc/arm-none-eabi/5.3.1/armv7-m/libgcc.a(_aeabi_uldivmod.o) (__aeabi_ldiv0)
/opt/gcc-arm-none-eabi-5_3-2016q1/bin/../lib/gcc/arm-none-eabi/5.3.1/../../../../arm-none-eabi/lib/armv7-m/libc.a(lib_a-ctype_.o)
                              obj_zoul/resolv.o (__ctype_ptr__)
/opt/gcc-arm-none-eabi-5_3-2016q1/bin/../lib/gcc/arm-none-eabi/5.3.1/../../../../arm-none-eabi/lib/armv7-m/libc.a(lib_a-memcmp.o)
                              obj_zoul/linkaddr.o (memcmp)
/opt/gcc-arm-none-eabi-5_3-2016q1/bin/../lib/gcc/arm-none-eabi/5.3.1/../../../../arm-none-eabi/lib/armv7-m/libc.a(lib_a-memcpy.o)
                              obj_zoul/ecc-algorithm.o (memcpy)
/opt/gcc-arm-none-eabi-5_3-2016q1/bin/../lib/gcc/arm-none-eabi/5.3.1/../../../../arm-none-eabi/lib/armv7-m/libc.a(lib_a-memmove.o)
                              obj_zoul/uip-icmp6.o (memmove)
/opt/gcc-arm-none-eabi-5_3-2016q1/bin/../lib/gcc/arm-none-eabi/5.3.1/../../../../arm-none-eabi/lib/armv7-m/libc.a(lib_a-memset.o)
                              obj_zoul/udma.o (memset)
/opt/gcc-arm-none-eabi-5_3-2016q1/bin/../lib/gcc/arm-none-eabi/5.3.1/../../../../arm-none-eabi/lib/armv7-m/libc.a(lib_a-reent.o)
                              obj_zoul/syscalls.o (errno)
/opt/gcc-arm-none-eabi-5_3-2016q1/bin/../lib/gcc/arm-none-eabi/5.3.1/../../../../arm-none-eabi/lib/armv7-m/libc.a(lib_a-strcasecmp.o)
                              obj_zoul/resolv.o (strcasecmp)
/opt/gcc-arm-none-eabi-5_3-2016q1/bin/../lib/gcc/arm-none-eabi/5.3.1/../../../../arm-none-eabi/lib/armv7-m/libc.a(lib_a-strcmp.o)
                              obj_zoul/cfs-coffee.o (strcmp)
/opt/gcc-arm-none-eabi-5_3-2016q1/bin/../lib/gcc/arm-none-eabi/5.3.1/../../../../arm-none-eabi/lib/armv7-m/libc.a(lib_a-strlen-stub.o)
                              obj_zoul/sensors.o (strlen)
/opt/gcc-arm-none-eabi-5_3-2016q1/bin/../lib/gcc/arm-none-eabi/5.3.1/../../../../arm-none-eabi/lib/armv7-m/libc.a(lib_a-strncasecmp.o)
                              obj_zoul/resolv.o (strncasecmp)
/opt/gcc-arm-none-eabi-5_3-2016q1/bin/../lib/gcc/arm-none-eabi/5.3.1/../../../../arm-none-eabi/lib/armv7-m/libc.a(lib_a-strncat.o)
                              obj_zoul/resolv.o (strncat)
/opt/gcc-arm-none-eabi-5_3-2016q1/bin/../lib/gcc/arm-none-eabi/5.3.1/../../../../arm-none-eabi/lib/armv7-m/libc.a(lib_a-strncmp.o)
                              obj_zoul/sensors.o (strncmp)
/opt/gcc-arm-none-eabi-5_3-2016q1/bin/../lib/gcc/arm-none-eabi/5.3.1/../../../../arm-none-eabi/lib/armv7-m/libc.a(lib_a-strncpy.o)
                              obj_zoul/cfs-coffee.o (strncpy)
/opt/gcc-arm-none-eabi-5_3-2016q1/bin/../lib/gcc/arm-none-eabi/5.3.1/../../../../arm-none-eabi/lib/armv7-m/libc.a(lib_a-freer.o)
                              /opt/gcc-arm-none-eabi-5_3-2016q1/bin/../lib/gcc/arm-none-eabi/5.3.1/../../../../arm-none-eabi/lib/armv7-m/libc.a(lib_a-reent.o) (_free_r)
/opt/gcc-arm-none-eabi-5_3-2016q1/bin/../lib/gcc/arm-none-eabi/5.3.1/../../../../arm-none-eabi/lib/armv7-m/libc.a(lib_a-impure.o)
                              /opt/gcc-arm-none-eabi-5_3-2016q1/bin/../lib/gcc/arm-none-eabi/5.3.1/../../../../arm-none-eabi/lib/armv7-m/libc.a(lib_a-reent.o) (_impure_ptr)
/opt/gcc-arm-none-eabi-5_3-2016q1/bin/../lib/gcc/arm-none-eabi/5.3.1/../../../../arm-none-eabi/lib/armv7-m/libc.a(lib_a-mallocr.o)
                              /opt/gcc-arm-none-eabi-5_3-2016q1/bin/../lib/gcc/arm-none-eabi/5.3.1/../../../../arm-none-eabi/lib/armv7-m/libc.a(lib_a-freer.o) (__malloc_current_mallinfo)
/opt/gcc-arm-none-eabi-5_3-2016q1/bin/../lib/gcc/arm-none-eabi/5.3.1/../../../../arm-none-eabi/lib/armv7-m/libc.a(lib_a-mlock.o)
                              /opt/gcc-arm-none-eabi-5_3-2016q1/bin/../lib/gcc/arm-none-eabi/5.3.1/../../../../arm-none-eabi/lib/armv7-m/libc.a(lib_a-freer.o) (__malloc_lock)
/opt/gcc-arm-none-eabi-5_3-2016q1/bin/../lib/gcc/arm-none-eabi/5.3.1/../../../../arm-none-eabi/lib/armv7-m/libc.a(lib_a-sbrkr.o)
                              /opt/gcc-arm-none-eabi-5_3-2016q1/bin/../lib/gcc/arm-none-eabi/5.3.1/../../../../arm-none-eabi/lib/armv7-m/libc.a(lib_a-freer.o) (_sbrk_r)

Allocating common symbols
Common symbol       size              file

compower_idle_activity
                    0x10              obj_zoul/compower.o
uip_ds6_timer_ra    0x8               obj_zoul/uip-ds6.o
[...]
Memory Configuration

Name             Origin             Length             Attributes
FLASH_FW         0x00202000         0x0007dfd4         xr
FLASH_CCA        0x0027ffd4         0x0000002c         xr
NRSRAM           0x20000000         0x00004000         xrw
FRSRAM           0x20004000         0x00004000         xrw
*default*        0x00000000         0xffffffff

Linker script and memory map

LOAD obj_zoul/startup-gcc.o
LOAD obj_zoul/platform.o
LOAD obj_zoul/leds-arch.o
LOAD obj_zoul/leds.o
LOAD obj_zoul/cc1200-zoul-arch.o
LOAD obj_zoul/adc-zoul.o
LOAD obj_zoul/board-buttons.o
LOAD obj_zoul/zoul-sensors.o
LOAD obj_zoul/board.o
LOAD obj_zoul/soc.o
LOAD obj_zoul/clock.o
LOAD obj_zoul/rtimer-arch.o
LOAD obj_zoul/uart.o
LOAD obj_zoul/watchdog.o
LOAD obj_zoul/nvic.o
LOAD obj_zoul/sys-ctrl.o
LOAD obj_zoul/gpio.o
LOAD obj_zoul/ioc.o
LOAD obj_zoul/spi-legacy.o
LOAD obj_zoul/adc.o
LOAD obj_zoul/spi-arch.o
LOAD obj_zoul/crypto.o
LOAD obj_zoul/aes.o
LOAD obj_zoul/ecb.o
LOAD obj_zoul/cbc.o
LOAD obj_zoul/ctr.o
LOAD obj_zoul/cbc-mac.o
LOAD obj_zoul/gcm.o
LOAD obj_zoul/ccm.o
LOAD obj_zoul/sha256.o
LOAD obj_zoul/gpio-hal-arch.o
LOAD obj_zoul/cc2538-aes-128.o
LOAD obj_zoul/cc2538-ccm-star.o
LOAD obj_zoul/cc2538-rf.o
LOAD obj_zoul/udma.o
LOAD obj_zoul/lpm.o
LOAD obj_zoul/int-master.o
LOAD obj_zoul/pka.o
LOAD obj_zoul/bignum-driver.o
LOAD obj_zoul/ecc-driver.o
LOAD obj_zoul/ecc-algorithm.o
LOAD obj_zoul/ecc-curve.o
LOAD obj_zoul/dbg.o
LOAD obj_zoul/ieee-addr.o
LOAD obj_zoul/slip-arch.o
LOAD obj_zoul/slip.o
LOAD obj_zoul/i2c.o
LOAD obj_zoul/cc2538-temp-sensor.o
LOAD obj_zoul/vdd3-sensor.o
LOAD obj_zoul/cfs-coffee.o
LOAD obj_zoul/cfs-coffee-arch.o
LOAD obj_zoul/pwm.o
LOAD obj_zoul/usb-core.o
LOAD obj_zoul/cdc-acm.o
LOAD obj_zoul/usb-arch.o
LOAD obj_zoul/usb-serial.o
LOAD obj_zoul/cdc-acm-descriptors.o
LOAD obj_zoul/contiki-main.o
LOAD obj_zoul/autostart.o
LOAD obj_zoul/stimer.o
LOAD obj_zoul/log.o
LOAD obj_zoul/energest.o
LOAD obj_zoul/etimer.o
LOAD obj_zoul/node-id.o
LOAD obj_zoul/mutex.o
LOAD obj_zoul/ctimer.o
LOAD obj_zoul/compower.o
LOAD obj_zoul/process.o
LOAD obj_zoul/rtimer.o
LOAD obj_zoul/timer.o
LOAD obj_zoul/stack-check.o
LOAD obj_zoul/button-hal.o
LOAD obj_zoul/serial-line.o
LOAD obj_zoul/spi.o
LOAD obj_zoul/nullradio.o
LOAD obj_zoul/gpio-hal.o
LOAD obj_zoul/dbl-circ-list.o
LOAD obj_zoul/crc16.o
LOAD obj_zoul/ifft.o
LOAD obj_zoul/sensors.o
LOAD obj_zoul/ccm-star.o
LOAD obj_zoul/dbl-list.o
LOAD obj_zoul/ringbufindex.o
LOAD obj_zoul/list.o
LOAD obj_zoul/circular-list.o
LOAD obj_zoul/aes-128.o
LOAD obj_zoul/trickle-timer.o
LOAD obj_zoul/memb.o
LOAD obj_zoul/heapmem.o
LOAD obj_zoul/random.o
LOAD obj_zoul/assert.o
LOAD obj_zoul/ringbuf.o
LOAD obj_zoul/queuebuf.o
LOAD obj_zoul/nbr-table.o
LOAD obj_zoul/packetbuf.o
LOAD obj_zoul/netstack.o
LOAD obj_zoul/linkaddr.o
LOAD obj_zoul/net-debug.o
LOAD obj_zoul/link-stats.o
LOAD obj_zoul/mac-sequence.o
LOAD obj_zoul/mac.o
LOAD obj_zoul/frame802154e-ie.o
LOAD obj_zoul/framer-802154.o
LOAD obj_zoul/nullframer.o
LOAD obj_zoul/frame802154.o
LOAD obj_zoul/syscalls.o
LOAD obj_zoul/strformat.o
LOAD obj_zoul/printf.o
LOAD obj_zoul/sprintf.o
LOAD obj_zoul/snprintf.o
LOAD obj_zoul/puts.o
LOAD obj_zoul/putchar.o
LOAD obj_zoul/cc1200-868-fsk-1-2kbps.o
LOAD obj_zoul/cc1200.o
LOAD obj_zoul/cc1200-802154g-863-870-fsk-50kbps.o
LOAD obj_zoul/cc1200-868-4gfsk-1000kbps.o
LOAD obj_zoul/rgb-led.o
LOAD obj_zoul/csma-security.o
LOAD obj_zoul/anti-replay.o
LOAD obj_zoul/csma.o
LOAD obj_zoul/csma-output.o
LOAD obj_zoul/ccm-star-packetbuf.o
LOAD obj_zoul/uipbuf.o
LOAD obj_zoul/uip-icmp6.o
LOAD obj_zoul/uip-sr.o
LOAD obj_zoul/uip-ds6.o
LOAD obj_zoul/uip-packetqueue.o
LOAD obj_zoul/tcp-socket.o
LOAD obj_zoul/uiplib.o
LOAD obj_zoul/tcpip.o
LOAD obj_zoul/ip64-addr.o
LOAD obj_zoul/uip-udp-packet.o
LOAD obj_zoul/uip-ds6-route.o
LOAD obj_zoul/psock.o
LOAD obj_zoul/uip-ds6-nbr.o
LOAD obj_zoul/uip6.o
LOAD obj_zoul/resolv.o
LOAD obj_zoul/uip-nameserver.o
LOAD obj_zoul/uip-nd6.o
LOAD obj_zoul/udp-socket.o
LOAD obj_zoul/simple-udp.o
LOAD obj_zoul/sicslowpan.o
LOAD obj_zoul/rpl-nbr-policy.o
LOAD obj_zoul/rpl-of0.o
LOAD obj_zoul/rpl-neighbor.o
LOAD obj_zoul/rpl-dag.o
LOAD obj_zoul/rpl-timers.o
LOAD obj_zoul/rpl-ext-header.o
LOAD obj_zoul/rpl.o
LOAD obj_zoul/rpl-mrhof.o
LOAD obj_zoul/rpl-icmp6.o
LOAD obj_zoul/rpl-dag-root.o
LOAD hello-world.o
START GROUP
LOAD /opt/gcc-arm-none-eabi-5_3-2016q1/bin/../lib/gcc/arm-none-eabi/5.3.1/../../../../arm-none-eabi/lib/armv7-m/libm.a
END GROUP
START GROUP
LOAD /opt/gcc-arm-none-eabi-5_3-2016q1/bin/../lib/gcc/arm-none-eabi/5.3.1/armv7-m/libgcc.a
LOAD /opt/gcc-arm-none-eabi-5_3-2016q1/bin/../lib/gcc/arm-none-eabi/5.3.1/../../../../arm-none-eabi/lib/armv7-m/libc.a
END GROUP

.text           0x00202000     0x9eef
                0x00202000                _text = .
 *(SORT(.vectors))
 .vectors       0x00202000      0x28c obj_zoul/startup-gcc.o
                0x00202000                vectors
 *(SORT(.text*))
 .text.reset_handler
                0x0020228c       0x40 obj_zoul/startup-gcc.o
                0x0020228c                reset_handler
 .text.platform_init_stage_two
                0x002022cc       0x4c obj_zoul/platform.o
                0x002022cc                platform_init_stage_two
 .text.platform_init_stage_three
                0x00202318       0x8c obj_zoul/platform.o
                0x00202318                platform_init_stage_three
 .text.leds_on  0x002023a4       0x60 obj_zoul/leds.o
                0x002023a4                leds_on
 .text.leds_off
                0x00202404       0x48 obj_zoul/leds.o
                0x00202404                leds_off
 .text.leds_init
                0x0020244c       0x44 obj_zoul/leds.o
                0x0020244c                leds_init
 .text.soc_get_rev
                0x00202490       0x18 obj_zoul/soc.o
                0x00202490                soc_get_rev
 .text.soc_print_info
                0x002024a8       0x10 obj_zoul/soc.o
                0x002024a8                soc_print_info
 .text.update_ticks
                0x002024b8       0x4c obj_zoul/clock.o
 .text.clock_init
                0x00202504       0x4c obj_zoul/clock.o
                0x00202504                clock_init
 .text.clock_time
                0x00202550       0x14 obj_zoul/clock.o
                0x00202550                clock_time
 .text.clock_seconds
                0x00202564       0x14 obj_zoul/clock.o
                0x00202564                clock_seconds
 .text.clock_delay_usec
                0x00202578       0x1c obj_zoul/clock.o
                0x00202578                clock_delay_usec
 .text.clock_adjust
                0x00202594       0x20 obj_zoul/clock.o
                0x00202594                clock_adjust
 .text.rtimer_arch_next_trigger
                0x002025b4        0xc obj_zoul/rtimer-arch.o
                0x002025b4                rtimer_arch_next_trigger
 .text.rtimer_arch_now
                0x002025c0       0x2c obj_zoul/rtimer-arch.o
                0x002025c0                rtimer_arch_now
 .text.rtimer_arch_schedule
                0x002025ec       0x58 obj_zoul/rtimer-arch.o
                0x002025ec                rtimer_arch_schedule
 .text.rtimer_isr
                0x00202644       0x2c obj_zoul/rtimer-arch.o
                0x00202644                rtimer_isr
 .text.permit_pm1
                0x00202670       0x24 obj_zoul/uart.o
 .text.uart_isr
                0x00202694       0x64 obj_zoul/uart.o
 .text.uart_init
                0x002026f8      0x198 obj_zoul/uart.o
                0x002026f8                uart_init
 .text.uart_set_input
                0x00202890       0x10 obj_zoul/uart.o
                0x00202890                uart_set_input
 .text.uart_write_byte
                0x002028a0       0x1c obj_zoul/uart.o
                0x002028a0                uart_write_byte
 .text.watchdog_init
                0x002028bc        0xc obj_zoul/watchdog.o
                0x002028bc                watchdog_init
 .text.watchdog_start
                0x002028c8        0xc obj_zoul/watchdog.o
                0x002028c8                watchdog_start
 .text.watchdog_periodic
                0x002028d4       0x10 obj_zoul/watchdog.o
                0x002028d4                watchdog_periodic
 .text.nvic_init
                0x002028e4       0x10 obj_zoul/nvic.o
                0x002028e4                nvic_init
 .text.sys_ctrl_init
                0x002028f4       0x74 obj_zoul/sys-ctrl.o
                0x002028f4                sys_ctrl_init
 .text.gpio_port_isr
                0x00202968       0x4c obj_zoul/gpio.o
 .text.ioc_init
                0x002029b4       0x1c obj_zoul/ioc.o
                0x002029b4                ioc_init
 .text.ioc_set_over
                0x002029d0       0x14 obj_zoul/ioc.o
                0x002029d0                ioc_set_over
 .text.ioc_set_sel
                0x002029e4       0x14 obj_zoul/ioc.o
                0x002029e4                ioc_set_sel
 .text.adc_get  0x002029f8       0x74 obj_zoul/adc.o
                0x002029f8                adc_get
 .text.permit_pm1
                0x00202a6c       0x10 obj_zoul/crypto.o
 .text.crypto_isr
                0x00202a7c       0x28 obj_zoul/crypto.o
                0x00202a7c                crypto_isr
 .text.crypto_enable
                0x00202aa4       0x20 obj_zoul/crypto.o
                0x00202aa4                crypto_enable
 .text.crypto_init
                0x00202ac4       0x3c obj_zoul/crypto.o
                0x00202ac4                crypto_init
 .text.crypto_disable
                0x00202b00       0x20 obj_zoul/crypto.o
                0x00202b00                crypto_disable
 .text.gpio_hal_arch_pin_cfg_set
                0x00202b20       0xe0 obj_zoul/gpio-hal-arch.o
                0x00202b20                gpio_hal_arch_pin_cfg_set
 .text.on       0x00202c00       0x28 obj_zoul/cc2538-rf.o
 .text.off      0x00202c28       0x40 obj_zoul/cc2538-rf.o
 .text.set_channel
                0x00202c68       0x38 obj_zoul/cc2538-rf.o
 .text.channel_clear
                0x00202ca0       0x3c obj_zoul/cc2538-rf.o
 .text.receiving_packet
                0x00202cdc       0x18 obj_zoul/cc2538-rf.o
 .text.pending_packet
                0x00202cf4       0x10 obj_zoul/cc2538-rf.o
 .text.get_value
                0x00202d04      0x168 obj_zoul/cc2538-rf.o
 .text.prepare  0x00202e6c       0x60 obj_zoul/cc2538-rf.o
 .text.transmit
                0x00202ecc       0x98 obj_zoul/cc2538-rf.o
 .text.set_poll_mode
                0x00202f64       0x9c obj_zoul/cc2538-rf.o
 .text.set_object
                0x00203000       0x30 obj_zoul/cc2538-rf.o
 .text.read     0x00203030       0xdc obj_zoul/cc2538-rf.o
 .text.init     0x0020310c       0xe8 obj_zoul/cc2538-rf.o
 .text.process_thread_cc2538_rf_process
                0x002031f4       0x90 obj_zoul/cc2538-rf.o
 .text.get_object
                0x00203284      0x144 obj_zoul/cc2538-rf.o
 .text.set_value
                0x002033c8      0x108 obj_zoul/cc2538-rf.o
 .text.cc2538_rf_rx_tx_isr
                0x002034d0       0x24 obj_zoul/cc2538-rf.o
                0x002034d0                cc2538_rf_rx_tx_isr
 .text.cc2538_rf_err_isr
                0x002034f4       0x28 obj_zoul/cc2538-rf.o
                0x002034f4                cc2538_rf_err_isr
 .text.udma_init
                0x0020351c       0x34 obj_zoul/udma.o
                0x0020351c                udma_init
 .text.udma_set_channel_src
                0x00203550       0x10 obj_zoul/udma.o
                0x00203550                udma_set_channel_src
 .text.udma_set_channel_dst
                0x00203560       0x14 obj_zoul/udma.o
                0x00203560                udma_set_channel_dst
 .text.udma_set_channel_control_word
                0x00203574       0x14 obj_zoul/udma.o
                0x00203574                udma_set_channel_control_word
 .text.udma_channel_enable
                0x00203588       0x18 obj_zoul/udma.o
                0x00203588                udma_channel_enable
 .text.udma_channel_mask_set
                0x002035a0       0x18 obj_zoul/udma.o
                0x002035a0                udma_channel_mask_set
 .text.udma_channel_sw_request
                0x002035b8       0x18 obj_zoul/udma.o
                0x002035b8                udma_channel_sw_request
 .text.udma_channel_get_mode
                0x002035d0       0x1c obj_zoul/udma.o
                0x002035d0                udma_channel_get_mode
 .text.udma_isr
                0x002035ec       0x10 obj_zoul/udma.o
                0x002035ec                udma_isr
 .text.udma_err_isr
                0x002035fc        0xc obj_zoul/udma.o
                0x002035fc                udma_err_isr
 .text.select_32_mhz_xosc
                0x00203608       0x30 obj_zoul/lpm.o
 .text.lpm_exit
                0x00203638       0x34 obj_zoul/lpm.o
                0x00203638                lpm_exit
 .text.lpm_enter
                0x0020366c       0xb8 obj_zoul/lpm.o
                0x0020366c                lpm_enter
 .text.lpm_register_peripheral
                0x00203724       0x24 obj_zoul/lpm.o
                0x00203724                lpm_register_peripheral
 .text.lpm_init
                0x00203748       0x24 obj_zoul/lpm.o
                0x00203748                lpm_init
 .text.pka_isr  0x0020376c       0x28 obj_zoul/pka.o
                0x0020376c                pka_isr
 .text.ieee_addr_cpy_to
                0x00203794       0x60 obj_zoul/ieee-addr.o
                0x00203794                ieee_addr_cpy_to
 .text.startup.main
                0x002037f4      0x1ec obj_zoul/contiki-main.o
                0x002037f4                main
 .text.stimer_expired
                0x002039e0       0x20 obj_zoul/stimer.o
                0x002039e0                stimer_expired
 .text.log_6addr
                0x00203a00       0x20 obj_zoul/log.o
                0x00203a00                log_6addr
 .text.log_lladdr
                0x00203a20       0x3c obj_zoul/log.o
                0x00203a20                log_lladdr
 .text.update_time
                0x00203a5c       0x44 obj_zoul/etimer.o
 .text.etimer_request_poll
                0x00203aa0        0xc obj_zoul/etimer.o
                0x00203aa0                etimer_request_poll
 .text.process_thread_etimer_process
                0x00203aac       0xac obj_zoul/etimer.o
 .text.add_timer
                0x00203b58       0x40 obj_zoul/etimer.o
 .text.etimer_pending
                0x00203b98       0x10 obj_zoul/etimer.o
                0x00203b98                etimer_pending
 .text.etimer_stop
                0x00203ba8       0x34 obj_zoul/etimer.o
                0x00203ba8                etimer_stop
 .text.node_id_init
                0x00203bdc       0x18 obj_zoul/node-id.o
                0x00203bdc                node_id_init
 .text.process_thread_ctimer_process
                0x00203bf4       0x80 obj_zoul/ctimer.o
 .text.ctimer_init
                0x00203c74       0x28 obj_zoul/ctimer.o
                0x00203c74                ctimer_init
 .text.ctimer_set_with_process
                0x00203c9c       0x44 obj_zoul/ctimer.o
                0x00203c9c                ctimer_set_with_process
 .text.ctimer_set
                0x00203ce0       0x14 obj_zoul/ctimer.o
                0x00203ce0                ctimer_set
 .text.ctimer_reset
                0x00203cf4       0x38 obj_zoul/ctimer.o
                0x00203cf4                ctimer_reset
 .text.ctimer_stop
                0x00203d2c       0x2c obj_zoul/ctimer.o
                0x00203d2c                ctimer_stop
 .text.ctimer_expired
                0x00203d58       0x34 obj_zoul/ctimer.o
                0x00203d58                ctimer_expired
 .text.call_process.part.0
                0x00203d8c       0x38 obj_zoul/process.o
 .text.exit_process
                0x00203dc4       0x80 obj_zoul/process.o
 .text.do_poll  0x00203e44       0x34 obj_zoul/process.o
 .text.process_alloc_event
                0x00203e78       0x10 obj_zoul/process.o
                0x00203e78                process_alloc_event
 .text.process_init
                0x00203e88       0x30 obj_zoul/process.o
                0x00203e88                process_init
 .text.process_run
                0x00203eb8       0x84 obj_zoul/process.o
                0x00203eb8                process_run
 .text.process_nevents
                0x00203f3c       0x14 obj_zoul/process.o
                0x00203f3c                process_nevents
 .text.process_post
                0x00203f50       0x3c obj_zoul/process.o
                0x00203f50                process_post
 .text.process_post_synch
                0x00203f8c       0x14 obj_zoul/process.o
                0x00203f8c                process_post_synch
 .text.process_start
                0x00203fa0       0x30 obj_zoul/process.o
                0x00203fa0                process_start
 .text.process_poll
                0x00203fd0       0x18 obj_zoul/process.o
                0x00203fd0                process_poll
 .text.rtimer_run_next
                0x00203fe8       0x28 obj_zoul/rtimer.o
                0x00203fe8                rtimer_run_next
 .text.stack_check_init
                0x00204010       0x28 obj_zoul/stack-check.o
                0x00204010                stack_check_init
 .text.stack_check_get_usage
                0x00204038       0x44 obj_zoul/stack-check.o
                0x00204038                stack_check_get_usage
 .text.process_thread_stack_check_process
                0x0020407c       0x88 obj_zoul/stack-check.o
 .text.duration_exceeded_callback
                0x00204104       0x34 obj_zoul/button-hal.o
 .text.process_thread_button_hal_process
                0x00204138       0x70 obj_zoul/button-hal.o
 .text.press_release_handler
                0x002041a8       0x18 obj_zoul/button-hal.o
 .text.debounce_handler
                0x002041c0       0x64 obj_zoul/button-hal.o
 .text.button_hal_init
                0x00204224       0xf4 obj_zoul/button-hal.o
                0x00204224                button_hal_init
 .text.process_thread_serial_line_process
                0x00204318       0x9c obj_zoul/serial-line.o
 .text.serial_line_input_byte
                0x002043b4       0x44 obj_zoul/serial-line.o
                0x002043b4                serial_line_input_byte
 .text.serial_line_init
                0x002043f8       0x24 obj_zoul/serial-line.o
                0x002043f8                serial_line_init
 .text.gpio_hal_register_handler
                0x0020441c        0xc obj_zoul/gpio-hal.o
                0x0020441c                gpio_hal_register_handler
 .text.gpio_hal_event_handler
                0x00204428       0x24 obj_zoul/gpio-hal.o
                0x00204428                gpio_hal_event_handler
 .text.gpio_hal_init
                0x0020444c        0xc obj_zoul/gpio-hal.o
                0x0020444c                gpio_hal_init
 .text.process_thread_sensors_process
                0x00204458       0xdc obj_zoul/sensors.o
 .text.random_rand
                0x00204534       0x20 obj_zoul/random.o
                0x00204534                random_rand
 .text.random_init
                0x00204554       0x7c obj_zoul/random.o
                0x00204554                random_init
 .text.queuebuf_init
                0x002045d0       0x1c obj_zoul/queuebuf.o
                0x002045d0                queuebuf_init
 .text.queuebuf_numfree
                0x002045ec        0xc obj_zoul/queuebuf.o
                0x002045ec                queuebuf_numfree
 .text.queuebuf_new_from_packetbuf
                0x002045f8       0x44 obj_zoul/queuebuf.o
                0x002045f8                queuebuf_new_from_packetbuf
 .text.queuebuf_free
                0x0020463c       0x2c obj_zoul/queuebuf.o
                0x0020463c                queuebuf_free
 .text.queuebuf_to_packetbuf
                0x00204668       0x30 obj_zoul/queuebuf.o
                0x00204668                queuebuf_to_packetbuf
 .text.index_from_key
                0x00204698       0x20 obj_zoul/nbr-table.o
 .text.index_from_lladdr
                0x002046b8       0x40 obj_zoul/nbr-table.o
 .text.nbr_get_bit.constprop.0
                0x002046f8       0x2c obj_zoul/nbr-table.o
 .text.nbr_table_is_registered
                0x00204724       0x20 obj_zoul/nbr-table.o
                0x00204724                nbr_table_is_registered
 .text.nbr_table_register
                0x00204744       0x30 obj_zoul/nbr-table.o
                0x00204744                nbr_table_register
 .text.nbr_table_next
                0x00204774       0x48 obj_zoul/nbr-table.o
                0x00204774                nbr_table_next
 .text.nbr_table_head
                0x002047bc       0x38 obj_zoul/nbr-table.o
                0x002047bc                nbr_table_head
 .text.nbr_table_add_lladdr
                0x002047f4      0x164 obj_zoul/nbr-table.o
                0x002047f4                nbr_table_add_lladdr
 .text.nbr_table_remove
                0x00204958       0x2c obj_zoul/nbr-table.o
                0x00204958                nbr_table_remove
 .text.nbr_table_lock
                0x00204984       0x10 obj_zoul/nbr-table.o
                0x00204984                nbr_table_lock
 .text.nbr_table_unlock
                0x00204994       0x10 obj_zoul/nbr-table.o
                0x00204994                nbr_table_unlock
 .text.nbr_table_get_lladdr
                0x002049a4       0x24 obj_zoul/nbr-table.o
                0x002049a4                nbr_table_get_lladdr
 .text.packetbuf_hdrreduce
                0x002049c8       0x28 obj_zoul/packetbuf.o
                0x002049c8                packetbuf_hdrreduce
 .text.packetbuf_set_datalen
                0x002049f0        0xc obj_zoul/packetbuf.o
                0x002049f0                packetbuf_set_datalen
 .text.packetbuf_hdrptr
                0x002049fc        0x8 obj_zoul/packetbuf.o
                0x002049fc                packetbuf_hdrptr
 .text.packetbuf_datalen
                0x00204a04        0xc obj_zoul/packetbuf.o
                0x00204a04                packetbuf_datalen
 .text.packetbuf_hdrlen
                0x00204a10       0x18 obj_zoul/packetbuf.o
                0x00204a10                packetbuf_hdrlen
 .text.packetbuf_dataptr
                0x00204a28       0x10 obj_zoul/packetbuf.o
                0x00204a28                packetbuf_dataptr
 .text.packetbuf_copyto
                0x00204a38       0x44 obj_zoul/packetbuf.o
                0x00204a38                packetbuf_copyto
 .text.packetbuf_totlen
                0x00204a7c       0x14 obj_zoul/packetbuf.o
                0x00204a7c                packetbuf_totlen
 .text.packetbuf_hdralloc
                0x00204a90       0x3c obj_zoul/packetbuf.o
                0x00204a90                packetbuf_hdralloc
 .text.packetbuf_attr_clear
                0x00204acc       0x34 obj_zoul/packetbuf.o
                0x00204acc                packetbuf_attr_clear
 .text.packetbuf_clear
                0x00204b00       0x20 obj_zoul/packetbuf.o
                0x00204b00                packetbuf_clear
 .text.packetbuf_copyfrom
                0x00204b20       0x2c obj_zoul/packetbuf.o
                0x00204b20                packetbuf_copyfrom
 .text.packetbuf_attr_copyto
                0x00204b4c       0x24 obj_zoul/packetbuf.o
                0x00204b4c                packetbuf_attr_copyto
 .text.packetbuf_attr_copyfrom
                0x00204b70       0x24 obj_zoul/packetbuf.o
                0x00204b70                packetbuf_attr_copyfrom
 .text.packetbuf_set_attr
                0x00204b94       0x10 obj_zoul/packetbuf.o
                0x00204b94                packetbuf_set_attr
 .text.packetbuf_attr
                0x00204ba4        0xc obj_zoul/packetbuf.o
                0x00204ba4                packetbuf_attr
 .text.packetbuf_set_addr
                0x00204bb0       0x18 obj_zoul/packetbuf.o
                0x00204bb0                packetbuf_set_addr
 .text.packetbuf_addr
                0x00204bc8       0x10 obj_zoul/packetbuf.o
                0x00204bc8                packetbuf_addr
 .text.packetbuf_holds_broadcast
                0x00204bd8       0x10 obj_zoul/packetbuf.o
                0x00204bd8                packetbuf_holds_broadcast
 .text.netstack_process_ip_callback
                0x00204be8       0x40 obj_zoul/netstack.o
                0x00204be8                netstack_process_ip_callback
 .text.netstack_init
                0x00204c28       0x24 obj_zoul/netstack.o
                0x00204c28                netstack_init
 .text.periodic
                0x00204c4c       0x2c obj_zoul/link-stats.o
 .text.link_stats_from_lladdr
                0x00204c78        0xc obj_zoul/link-stats.o
                0x00204c78                link_stats_from_lladdr
 .text.link_stats_packet_sent
                0x00204c84       0x74 obj_zoul/link-stats.o
                0x00204c84                link_stats_packet_sent
 .text.link_stats_input_callback
                0x00204cf8       0x4c obj_zoul/link-stats.o
                0x00204cf8                link_stats_input_callback
 .text.link_stats_reset
                0x00204d44       0x24 obj_zoul/link-stats.o
                0x00204d44                link_stats_reset
 .text.link_stats_init
                0x00204d68       0x28 obj_zoul/link-stats.o
                0x00204d68                link_stats_init
 .text.mac_sequence_is_duplicate
                0x00204d90       0x4c obj_zoul/mac-sequence.o
                0x00204d90                mac_sequence_is_duplicate
 .text.mac_sequence_register_seqno
                0x00204ddc       0x60 obj_zoul/mac-sequence.o
                0x00204ddc                mac_sequence_register_seqno
 .text.create_frame
                0x00204e3c       0xd0 obj_zoul/framer-802154.o
 .text.frame802154_get_pan_id
                0x00204f0c        0xc obj_zoul/frame802154.o
                0x00204f0c                frame802154_get_pan_id
 .text.frame802154_parse
                0x00204f18      0x124 obj_zoul/frame802154.o
                0x00204f18                frame802154_parse
 .text.fill_space
                0x0020503c       0x34 obj_zoul/strformat.o
 .text.format_str_v
                0x00205070      0x6c8 obj_zoul/strformat.o
                0x00205070                format_str_v
 .text.printf   0x00205738       0x20 obj_zoul/printf.o
                0x00205738                printf
 .text.vsnprintf
                0x00205758       0x28 obj_zoul/snprintf.o
                0x00205758                vsnprintf
 .text.csma_security_create_frame
                0x00205780       0x18 obj_zoul/csma-security.o
                0x00205780                csma_security_create_frame
 .text.csma_security_parse_frame
                0x00205798        0xc obj_zoul/csma-security.o
                0x00205798                csma_security_parse_frame
 .text.on       0x002057a4        0xc obj_zoul/csma.o
 .text.off      0x002057b0        0xc obj_zoul/csma.o
 .text.max_payload
                0x002057bc       0x1c obj_zoul/csma.o
 .text.input_packet
                0x002057d8       0x50 obj_zoul/csma.o
 .text.schedule_transmission
                0x00205828       0x38 obj_zoul/csma-output.o
 .text.tx_done  0x00205860       0x84 obj_zoul/csma-output.o
 .text.transmit_from_queue
                0x002058e4      0x1dc obj_zoul/csma-output.o
 .text.csma_output_packet
                0x00205ac0      0x13c obj_zoul/csma-output.o
                0x00205ac0                csma_output_packet
 .text.csma_output_init
                0x00205bfc       0x24 obj_zoul/csma-output.o
                0x00205bfc                csma_output_init
 .text.uipbuf_add_ext_hdr
                0x00205c20       0x28 obj_zoul/uipbuf.o
                0x00205c20                uipbuf_add_ext_hdr
 .text.uipbuf_set_len
                0x00205c48       0x14 obj_zoul/uipbuf.o
                0x00205c48                uipbuf_set_len
 .text.uipbuf_get_attr
                0x00205c5c       0x14 obj_zoul/uipbuf.o
                0x00205c5c                uipbuf_get_attr
 .text.uipbuf_clear_attr
                0x00205c70       0x14 obj_zoul/uipbuf.o
                0x00205c70                uipbuf_clear_attr
 .text.uipbuf_clear
                0x00205c84       0x20 obj_zoul/uipbuf.o
                0x00205c84                uipbuf_clear
 .text.uipbuf_init
                0x00205ca4       0x20 obj_zoul/uipbuf.o
                0x00205ca4                uipbuf_init
 .text.echo_reply_input
                0x00205cc4       0x6c obj_zoul/uip-icmp6.o
 .text.echo_request_input
                0x00205d30       0x98 obj_zoul/uip-icmp6.o
 .text.uip_icmp6_input
                0x00205dc8       0x38 obj_zoul/uip-icmp6.o
                0x00205dc8                uip_icmp6_input
 .text.uip_icmp6_register_input_handler
                0x00205e00        0xc obj_zoul/uip-icmp6.o
                0x00205e00                uip_icmp6_register_input_handler
 .text.uip_icmp6_error_output
                0x00205e0c      0x138 obj_zoul/uip-icmp6.o
                0x00205e0c                uip_icmp6_error_output
 .text.uip_icmp6_send
                0x00205f44       0x7c obj_zoul/uip-icmp6.o
                0x00205f44                uip_icmp6_send
 .text.uip_icmp6_init
                0x00205fc0       0x1c obj_zoul/uip-icmp6.o
                0x00205fc0                uip_icmp6_init
 .text.node_matches_address.part.0
                0x00205fdc       0x28 obj_zoul/uip-sr.o
 .text.uip_sr_get_node
                0x00206004       0x34 obj_zoul/uip-sr.o
                0x00206004                uip_sr_get_node
 .text.uip_sr_is_addr_reachable
                0x00206038       0x44 obj_zoul/uip-sr.o
                0x00206038                uip_sr_is_addr_reachable
 .text.uip_sr_update_node
                0x0020607c       0xa4 obj_zoul/uip-sr.o
                0x0020607c                uip_sr_update_node
 .text.uip_sr_init
                0x00206120       0x24 obj_zoul/uip-sr.o
                0x00206120                uip_sr_init
 .text.uip_sr_periodic
                0x00206144       0x68 obj_zoul/uip-sr.o
                0x00206144                uip_sr_periodic
 .text.uip_sr_free_all
                0x002061ac       0x40 obj_zoul/uip-sr.o
                0x002061ac                uip_sr_free_all
 .text.uip_ds6_prefix_add
                0x002061ec       0x64 obj_zoul/uip-ds6.o
                0x002061ec                uip_ds6_prefix_add
 .text.uip_ds6_is_addr_onlink
                0x00206250       0x40 obj_zoul/uip-ds6.o
                0x00206250                uip_ds6_is_addr_onlink
 .text.uip_ds6_addr_lookup
                0x00206290       0x2c obj_zoul/uip-ds6.o
                0x00206290                uip_ds6_addr_lookup
 .text.uip_ds6_get_link_local
                0x002062bc       0x40 obj_zoul/uip-ds6.o
                0x002062bc                uip_ds6_get_link_local
 .text.uip_ds6_maddr_add
                0x002062fc       0x4c obj_zoul/uip-ds6.o
                0x002062fc                uip_ds6_maddr_add
 .text.uip_ds6_addr_add
                0x00206348       0x94 obj_zoul/uip-ds6.o
                0x00206348                uip_ds6_addr_add
 .text.uip_ds6_maddr_lookup
                0x002063dc       0x2c obj_zoul/uip-ds6.o
                0x002063dc                uip_ds6_maddr_lookup
 .text.uip_ds6_addr_rm
                0x00206408       0x44 obj_zoul/uip-ds6.o
                0x00206408                uip_ds6_addr_rm
 .text.uip_ds6_periodic
                0x0020644c       0x4c obj_zoul/uip-ds6.o
                0x0020644c                uip_ds6_periodic
 .text.uip_ds6_select_src
                0x00206498       0x94 obj_zoul/uip-ds6.o
                0x00206498                uip_ds6_select_src
 .text.uip_ds6_compute_reachable_time
                0x0020652c       0x2c obj_zoul/uip-ds6.o
                0x0020652c                uip_ds6_compute_reachable_time
 .text.uip_ds6_init
                0x00206558       0xe0 obj_zoul/uip-ds6.o
                0x00206558                uip_ds6_init
 .text.uiplib_ipaddr_snprint
                0x00206638       0xf0 obj_zoul/uiplib.o
                0x00206638                uiplib_ipaddr_snprint
 .text.tcpip_output
                0x00206728       0x2c obj_zoul/tcpip.o
                0x00206728                tcpip_output
 .text.tcpip_input
                0x00206754       0x24 obj_zoul/tcpip.o
                0x00206754                tcpip_input
 .text.tcpip_ipv6_output
                0x00206778       0xe4 obj_zoul/tcpip.o
                0x00206778                tcpip_ipv6_output
 .text.packet_input
                0x0020685c       0x20 obj_zoul/tcpip.o
 .text.process_thread_tcpip_process
                0x0020687c       0xbc obj_zoul/tcpip.o
 .text.tcpip_uipcall
                0x00206938       0x2c obj_zoul/tcpip.o
                0x00206938                tcpip_uipcall
 .text.uip_ds6_route_init
                0x00206964       0x1c obj_zoul/uip-ds6-route.o
                0x00206964                uip_ds6_route_init
 .text.uip_ds6_defrt_rm
                0x00206980       0x38 obj_zoul/uip-ds6-route.o
                0x00206980                uip_ds6_defrt_rm
 .text.uip_ds6_defrt_lookup
                0x002069b8       0x34 obj_zoul/uip-ds6-route.o
                0x002069b8                uip_ds6_defrt_lookup
 .text.uip_ds6_defrt_add
                0x002069ec       0x60 obj_zoul/uip-ds6-route.o
                0x002069ec                uip_ds6_defrt_add
 .text.uip_ds6_defrt_choose
                0x00206a4c       0x30 obj_zoul/uip-ds6-route.o
                0x00206a4c                uip_ds6_defrt_choose
 .text.uip_ds6_defrt_periodic
                0x00206a7c       0x30 obj_zoul/uip-ds6-route.o
                0x00206a7c                uip_ds6_defrt_periodic
 .text.uip_ds6_nbr_rm
                0x00206aac       0x24 obj_zoul/uip-ds6-nbr.o
                0x00206aac                uip_ds6_nbr_rm
 .text.uip_ds6_neighbors_init
                0x00206ad0       0x1c obj_zoul/uip-ds6-nbr.o
                0x00206ad0                uip_ds6_neighbors_init
 .text.uip_ds6_nbr_add
                0x00206aec       0x40 obj_zoul/uip-ds6-nbr.o
                0x00206aec                uip_ds6_nbr_add
 .text.uip_ds6_nbr_get_ll
                0x00206b2c        0xc obj_zoul/uip-ds6-nbr.o
                0x00206b2c                uip_ds6_nbr_get_ll
 .text.uip_ds6_nbr_head
                0x00206b38        0xc obj_zoul/uip-ds6-nbr.o
                0x00206b38                uip_ds6_nbr_head
 .text.uip_ds6_nbr_next
                0x00206b44        0xc obj_zoul/uip-ds6-nbr.o
                0x00206b44                uip_ds6_nbr_next
 .text.uip_ds6_nbr_ll_lookup
                0x00206b50        0xc obj_zoul/uip-ds6-nbr.o
                0x00206b50                uip_ds6_nbr_ll_lookup
 .text.upper_layer_chksum
                0x00206b5c       0x54 obj_zoul/uip6.o
 .text.ext_hdr_options_process
                0x00206bb0       0x80 obj_zoul/uip6.o
 .text.unlikely.uip_update_ttl
                0x00206c30       0x24 obj_zoul/uip6.o
 .text.uip_init
                0x00206c54       0x38 obj_zoul/uip6.o
                0x00206c54                uip_init
 .text.uip_remove_ext_hdr
                0x00206c8c       0x60 obj_zoul/uip6.o
                0x00206c8c                uip_remove_ext_hdr
 .text.uip_process
                0x00206cec      0x44c obj_zoul/uip6.o
                0x00206cec                uip_process
 .text.ns_input
                0x00207138      0x268 obj_zoul/uip-nd6.o
 .text.uip_nd6_init
                0x002073a0        0xc obj_zoul/uip-nd6.o
                0x002073a0                uip_nd6_init
 .text.clear_fragments
                0x002073ac       0x3c obj_zoul/sicslowpan.o
 .text.sicslowpan_init
                0x002073e8       0x18 obj_zoul/sicslowpan.o
                0x002073e8                sicslowpan_init
 .text.set_packet_attrs
                0x00207400       0x58 obj_zoul/sicslowpan.o
 .text.compress_addr_64
                0x00207458       0x90 obj_zoul/sicslowpan.o
 .text.addr_context_lookup_by_prefix
                0x002074e8       0x24 obj_zoul/sicslowpan.o
 .text.send_packet
                0x0020750c       0x24 obj_zoul/sicslowpan.o
 .text.fragment_copy_payload_and_send
                0x00207530       0x6c obj_zoul/sicslowpan.o
 .text.output   0x0020759c      0x77c obj_zoul/sicslowpan.o
 .text.packet_sent
                0x00207d18       0x5c obj_zoul/sicslowpan.o
 .text.store_fragment
                0x00207d74       0x58 obj_zoul/sicslowpan.o
 .text.uncompress_addr
                0x00207dcc       0x90 obj_zoul/sicslowpan.o
 .text.add_fragment
                0x00207e5c      0x11c obj_zoul/sicslowpan.o
 .text.input    0x00207f78      0x744 obj_zoul/sicslowpan.o
 .text.update_state
                0x002086bc       0x78 obj_zoul/rpl-nbr-policy.o
 .text.rpl_nbr_policy_find_removable
                0x00208734       0x50 obj_zoul/rpl-nbr-policy.o
                0x00208734                rpl_nbr_policy_find_removable
 .text.remove_neighbor
                0x00208784       0x3c obj_zoul/rpl-neighbor.o
 .text.rpl_neighbor_get_from_lladdr
                0x002087c0       0x10 obj_zoul/rpl-neighbor.o
                0x002087c0                rpl_neighbor_get_from_lladdr
 .text.rpl_neighbor_rank_via_nbr
                0x002087d0       0x18 obj_zoul/rpl-neighbor.o
                0x002087d0                rpl_neighbor_rank_via_nbr
 .text.rpl_neighbor_get_lladdr
                0x002087e8       0x10 obj_zoul/rpl-neighbor.o
                0x002087e8                rpl_neighbor_get_lladdr
 .text.best_parent
                0x002087f8       0x90 obj_zoul/rpl-neighbor.o
 .text.rpl_neighbor_is_parent
                0x00208888       0x18 obj_zoul/rpl-neighbor.o
                0x00208888                rpl_neighbor_is_parent
 .text.rpl_neighbor_set_preferred_parent
                0x002088a0       0x44 obj_zoul/rpl-neighbor.o
                0x002088a0                rpl_neighbor_set_preferred_parent
 .text.rpl_neighbor_remove_all
                0x002088e4       0x2c obj_zoul/rpl-neighbor.o
                0x002088e4                rpl_neighbor_remove_all
 .text.rpl_neighbor_get_from_ipaddr
                0x00208910       0x1c obj_zoul/rpl-neighbor.o
                0x00208910                rpl_neighbor_get_from_ipaddr
 .text.rpl_neighbor_select_best
                0x0020892c       0x54 obj_zoul/rpl-neighbor.o
                0x0020892c                rpl_neighbor_select_best
 .text.rpl_neighbor_init
                0x00208980       0x14 obj_zoul/rpl-neighbor.o
                0x00208980                rpl_neighbor_init
 .text.init_dag
                0x00208994       0x7c obj_zoul/rpl-dag.o
 .text.init_dag_from_dio
                0x00208a10       0x84 obj_zoul/rpl-dag.o
 .text.rpl_dag_get_root_ipaddr
                0x00208a94       0x30 obj_zoul/rpl-dag.o
                0x00208a94                rpl_dag_get_root_ipaddr
 .text.rpl_dag_leave
                0x00208ac4       0x54 obj_zoul/rpl-dag.o
                0x00208ac4                rpl_dag_leave
 .text.rpl_dag_poison_and_leave
                0x00208b18       0x10 obj_zoul/rpl-dag.o
                0x00208b18                rpl_dag_poison_and_leave
 .text.rpl_dag_periodic
                0x00208b28       0x48 obj_zoul/rpl-dag.o
                0x00208b28                rpl_dag_periodic
 .text.rpl_is_addr_in_our_dag
                0x00208b70       0x28 obj_zoul/rpl-dag.o
                0x00208b70                rpl_is_addr_in_our_dag
 .text.rpl_local_repair
                0x00208b98       0x34 obj_zoul/rpl-dag.o
                0x00208b98                rpl_local_repair
 .text.rpl_global_repair
                0x00208bcc       0x38 obj_zoul/rpl-dag.o
                0x00208bcc                rpl_global_repair
 .text.rpl_dag_ready_to_advertise
                0x00208c04       0x24 obj_zoul/rpl-dag.o
                0x00208c04                rpl_dag_ready_to_advertise
 .text.rpl_dag_update_state
                0x00208c28      0x128 obj_zoul/rpl-dag.o
                0x00208c28                rpl_dag_update_state
 .text.rpl_process_dio
                0x00208d50      0x18c obj_zoul/rpl-dag.o
                0x00208d50                rpl_process_dio
 .text.rpl_process_dis
                0x00208edc       0x2c obj_zoul/rpl-dag.o
                0x00208edc                rpl_process_dis
 .text.rpl_process_dao
                0x00208f08       0x4c obj_zoul/rpl-dag.o
                0x00208f08                rpl_process_dao
 .text.rpl_process_dao_ack
                0x00208f54       0x54 obj_zoul/rpl-dag.o
                0x00208f54                rpl_process_dao_ack
 .text.rpl_dag_init_root
                0x00208fa8       0xa8 obj_zoul/rpl-dag.o
                0x00208fa8                rpl_dag_init_root
 .text.rpl_dag_init
                0x00209050       0x10 obj_zoul/rpl-dag.o
                0x00209050                rpl_dag_init
 .text.new_dio_interval
                0x00209060       0x58 obj_zoul/rpl-timers.o
 .text.handle_unicast_dio_timer
                0x002090b8       0x1c obj_zoul/rpl-timers.o
 .text.handle_dao_timer
                0x002090d4       0xdc obj_zoul/rpl-timers.o
 .text.handle_dao_ack_timer
                0x002091b0       0x14 obj_zoul/rpl-timers.o
 .text.handle_leaving_timer
                0x002091c4       0x10 obj_zoul/rpl-timers.o
 .text.handle_dio_timer
                0x002091d4       0x70 obj_zoul/rpl-timers.o
 .text.rpl_timers_schedule_periodic_dis
                0x00209244       0x38 obj_zoul/rpl-timers.o
                0x00209244                rpl_timers_schedule_periodic_dis
 .text.handle_dis_timer
                0x0020927c       0x34 obj_zoul/rpl-timers.o
 .text.handle_periodic_timer
                0x002092b0       0x48 obj_zoul/rpl-timers.o
 .text.rpl_timers_dio_reset
                0x002092f8       0x28 obj_zoul/rpl-timers.o
                0x002092f8                rpl_timers_dio_reset
 .text.rpl_timers_schedule_unicast_dio
                0x00209320       0x28 obj_zoul/rpl-timers.o
                0x00209320                rpl_timers_schedule_unicast_dio
 .text.rpl_timers_schedule_dao
                0x00209348       0x4c obj_zoul/rpl-timers.o
                0x00209348                rpl_timers_schedule_dao
 .text.rpl_timers_schedule_dao_ack
                0x00209394       0x48 obj_zoul/rpl-timers.o
                0x00209394                rpl_timers_schedule_dao_ack
 .text.get_probing_target
                0x002093dc       0xc0 obj_zoul/rpl-timers.o
                0x002093dc                get_probing_target
 .text.rpl_schedule_probing
                0x0020949c       0x28 obj_zoul/rpl-timers.o
                0x0020949c                rpl_schedule_probing
 .text.rpl_schedule_probing_now
                0x002094c4       0x2c obj_zoul/rpl-timers.o
                0x002094c4                rpl_schedule_probing_now
 .text.rpl_timers_unschedule_leaving
                0x002094f0       0x24 obj_zoul/rpl-timers.o
                0x002094f0                rpl_timers_unschedule_leaving
 .text.rpl_timers_schedule_leaving
                0x00209514       0x30 obj_zoul/rpl-timers.o
                0x00209514                rpl_timers_schedule_leaving
 .text.rpl_timers_init
                0x00209544       0x20 obj_zoul/rpl-timers.o
                0x00209544                rpl_timers_init
 .text.rpl_timers_stop_dag_timers
                0x00209564       0x44 obj_zoul/rpl-timers.o
                0x00209564                rpl_timers_stop_dag_timers
 .text.rpl_timers_unschedule_state_update
                0x002095a8       0x14 obj_zoul/rpl-timers.o
                0x002095a8                rpl_timers_unschedule_state_update
 .text.rpl_timers_schedule_state_update
                0x002095bc       0x1c obj_zoul/rpl-timers.o
                0x002095bc                rpl_timers_schedule_state_update
 .text.update_hbh_header
                0x002095d8       0x4c obj_zoul/rpl-ext-header.o
 .text.rpl_ext_header_srh_get_next_hop
                0x00209624       0x84 obj_zoul/rpl-ext-header.o
                0x00209624                rpl_ext_header_srh_get_next_hop
 .text.rpl_ext_header_srh_update
                0x002096a8       0xa4 obj_zoul/rpl-ext-header.o
                0x002096a8                rpl_ext_header_srh_update
 .text.rpl_ext_header_hbh_update
                0x0020974c       0x90 obj_zoul/rpl-ext-header.o
                0x0020974c                rpl_ext_header_hbh_update
 .text.rpl_ext_header_remove
                0x002097dc       0xa4 obj_zoul/rpl-ext-header.o
                0x002097dc                rpl_ext_header_remove
 .text.rpl_ext_header_update
                0x00209880      0x258 obj_zoul/rpl-ext-header.o
                0x00209880                rpl_ext_header_update
 .text.rpl_has_joined
                0x00209ad8       0x18 obj_zoul/rpl.o
                0x00209ad8                rpl_has_joined
 .text.rpl_is_reachable
                0x00209af0       0x18 obj_zoul/rpl.o
                0x00209af0                rpl_is_reachable
 .text.get_sr_node_ipaddr
                0x00209b08       0x2c obj_zoul/rpl.o
 .text.set_ip_from_prefix
                0x00209b34       0x2c obj_zoul/rpl.o
 .text.init     0x00209b60       0x40 obj_zoul/rpl.o
 .text.rpl_link_callback
                0x00209ba0       0x2c obj_zoul/rpl.o
                0x00209ba0                rpl_link_callback
 .text.rpl_get_global_address
                0x00209bcc       0x64 obj_zoul/rpl.o
                0x00209bcc                rpl_get_global_address
 .text.rpl_reset_prefix
                0x00209c30       0x28 obj_zoul/rpl.o
                0x00209c30                rpl_reset_prefix
 .text.rpl_set_prefix_from_addr
                0x00209c58       0x70 obj_zoul/rpl.o
                0x00209c58                rpl_set_prefix_from_addr
 .text.rpl_get_leaf_only
                0x00209cc8        0xc obj_zoul/rpl.o
                0x00209cc8                rpl_get_leaf_only
 .text.update_metric_container
                0x00209cd4        0xc obj_zoul/rpl-mrhof.o
 .text.within_hysteresis
                0x00209ce0       0x38 obj_zoul/rpl-mrhof.o
 .text.rank_via_nbr
                0x00209d18       0x30 obj_zoul/rpl-mrhof.o
 .text.best_parent
                0x00209d48       0x70 obj_zoul/rpl-mrhof.o
 .text.dao_ack_input
                0x00209db8       0x38 obj_zoul/rpl-icmp6.o
 .text.dao_input
                0x00209df0      0x100 obj_zoul/rpl-icmp6.o
 .text.dio_input
                0x00209ef0      0x214 obj_zoul/rpl-icmp6.o
 .text.dis_input
                0x0020a104       0x2c obj_zoul/rpl-icmp6.o
 .text.rpl_icmp6_dis_output
                0x0020a130       0x38 obj_zoul/rpl-icmp6.o
                0x0020a130                rpl_icmp6_dis_output
 .text.rpl_icmp6_dio_output
                0x0020a168      0x1c0 obj_zoul/rpl-icmp6.o
                0x0020a168                rpl_icmp6_dio_output
 .text.rpl_icmp6_dao_output
                0x0020a328       0xc4 obj_zoul/rpl-icmp6.o
                0x0020a328                rpl_icmp6_dao_output
 .text.rpl_icmp6_dao_ack_output
                0x0020a3ec       0x44 obj_zoul/rpl-icmp6.o
                0x0020a3ec                rpl_icmp6_dao_ack_output
 .text.rpl_icmp6_init
                0x0020a430       0x30 obj_zoul/rpl-icmp6.o
                0x0020a430                rpl_icmp6_init
 .text.rpl_dag_root_set_prefix
                0x0020a460       0x64 obj_zoul/rpl-dag-root.o
                0x0020a460                rpl_dag_root_set_prefix
 .text.rpl_dag_root_start
                0x0020a4c4       0x68 obj_zoul/rpl-dag-root.o
                0x0020a4c4                rpl_dag_root_start
 .text.rpl_dag_root_is_root
                0x0020a52c       0x18 obj_zoul/rpl-dag-root.o
                0x0020a52c                rpl_dag_root_is_root
 .text.process_thread_hello_world_process
                0x0020a544       0x48 hello-world.o
 .text          0x0020a58c       0x30 /opt/gcc-arm-none-eabi-5_3-2016q1/bin/../lib/gcc/arm-none-eabi/5.3.1/armv7-m/libgcc.a(_aeabi_uldivmod.o)
                0x0020a58c                __aeabi_uldivmod
 .text          0x0020a5bc      0x2ec /opt/gcc-arm-none-eabi-5_3-2016q1/bin/../lib/gcc/arm-none-eabi/5.3.1/armv7-m/libgcc.a(_udivmoddi4.o)
                0x0020a5bc                __udivmoddi4
 .text          0x0020a8a8        0x4 /opt/gcc-arm-none-eabi-5_3-2016q1/bin/../lib/gcc/arm-none-eabi/5.3.1/armv7-m/libgcc.a(_dvmd_tls.o)
                0x0020a8a8                __aeabi_ldiv0
                0x0020a8a8                __aeabi_idiv0
 .text.memcmp   0x0020a8ac       0x64 /opt/gcc-arm-none-eabi-5_3-2016q1/bin/../lib/gcc/arm-none-eabi/5.3.1/../../../../arm-none-eabi/lib/armv7-m/libc.a(lib_a-memcmp.o)
                0x0020a8ac                memcmp
 .text          0x0020a910       0xec /opt/gcc-arm-none-eabi-5_3-2016q1/bin/../lib/gcc/arm-none-eabi/5.3.1/../../../../arm-none-eabi/lib/armv7-m/libc.a(lib_a-memcpy.o)
                0x0020a910                memcpy
 .text.memmove  0x0020a9fc       0xc8 /opt/gcc-arm-none-eabi-5_3-2016q1/bin/../lib/gcc/arm-none-eabi/5.3.1/../../../../arm-none-eabi/lib/armv7-m/libc.a(lib_a-memmove.o)
                0x0020a9fc                memmove
 .text.memset   0x0020aac4       0x9c /opt/gcc-arm-none-eabi-5_3-2016q1/bin/../lib/gcc/arm-none-eabi/5.3.1/../../../../arm-none-eabi/lib/armv7-m/libc.a(lib_a-memset.o)
                0x0020aac4                memset
 .text.default_handler
                0x0020ab60        0x2 obj_zoul/startup-gcc.o
                0x0020ab60                default_handler
 .text.nmi_handler
                0x0020ab62        0x6 obj_zoul/startup-gcc.o
                0x0020ab62                nmi_handler
 .text.fade     0x0020ab68       0x58 obj_zoul/platform.o
 .text.platform_init_stage_one
                0x0020abc0       0x14 obj_zoul/platform.o
                0x0020abc0                platform_init_stage_one
 .text.platform_idle
                0x0020abd4        0x4 obj_zoul/platform.o
                0x0020abd4                platform_idle
 .text.board_init
                0x0020abd8        0x2 obj_zoul/board.o
                0x0020abd8                board_init
 .text.soc_init
                0x0020abda       0x22 obj_zoul/soc.o
                0x0020abda                soc_init
 .text.clock_isr
                0x0020abfc        0x4 obj_zoul/clock.o
                0x0020abfc                clock_isr
 .text.rtimer_arch_init
                0x0020ac00        0x2 obj_zoul/rtimer-arch.o
                0x0020ac00                rtimer_arch_init
 .text.uart0_isr
                0x0020ac02        0x6 obj_zoul/uart.o
                0x0020ac02                uart0_isr
 .text.uart1_isr
                0x0020ac08        0x6 obj_zoul/uart.o
                0x0020ac08                uart1_isr
 .text.gpio_port_a_isr
                0x0020ac0e        0x6 obj_zoul/gpio.o
                0x0020ac0e                gpio_port_a_isr
 .text.gpio_port_b_isr
                0x0020ac14        0x6 obj_zoul/gpio.o
                0x0020ac14                gpio_port_b_isr
 .text.gpio_port_c_isr
                0x0020ac1a        0x6 obj_zoul/gpio.o
                0x0020ac1a                gpio_port_c_isr
 .text.gpio_port_d_isr
                0x0020ac20        0x6 obj_zoul/gpio.o
                0x0020ac20                gpio_port_d_isr
 .text.send     0x0020ac26       0x12 obj_zoul/cc2538-rf.o
 .text.int_master_read_and_disable
                0x0020ac38        0x8 obj_zoul/int-master.o
                0x0020ac38                int_master_read_and_disable
 .text.int_master_status_set
                0x0020ac40        0x6 obj_zoul/int-master.o
                0x0020ac40                int_master_status_set
 .text.dbg_putchar
                0x0020ac46       0x10 obj_zoul/dbg.o
                0x0020ac46                dbg_putchar
 .text.dbg_send_bytes
                0x0020ac56       0x20 obj_zoul/dbg.o
                0x0020ac56                dbg_send_bytes
 .text.configure
                0x0020ac76        0x4 obj_zoul/cc2538-temp-sensor.o
 .text.status   0x0020ac7a        0x4 obj_zoul/cc2538-temp-sensor.o
 .text.value    0x0020ac7e       0x34 obj_zoul/cc2538-temp-sensor.o
 .text.configure
                0x0020acb2        0x4 obj_zoul/vdd3-sensor.o
 .text.status   0x0020acb6        0x4 obj_zoul/vdd3-sensor.o
 .text.value    0x0020acba       0x2a obj_zoul/vdd3-sensor.o
 .text.autostart_start
                0x0020ace4       0x14 obj_zoul/autostart.o
                0x0020ace4                autostart_start
 .text.stimer_set
                0x0020acf8        0xe obj_zoul/stimer.o
                0x0020acf8                stimer_set
 .text.energest_init
                0x0020ad06        0x2 obj_zoul/energest.o
                0x0020ad06                energest_init
 .text.etimer_set
                0x0020ad08       0x12 obj_zoul/etimer.o
                0x0020ad08                etimer_set
 .text.etimer_reset
                0x0020ad1a       0x12 obj_zoul/etimer.o
                0x0020ad1a                etimer_reset
 .text.etimer_expired
                0x0020ad2c        0xa obj_zoul/etimer.o
                0x0020ad2c                etimer_expired
 .text.call_process
                0x0020ad36        0xc obj_zoul/process.o
 .text.rtimer_init
                0x0020ad42        0x4 obj_zoul/rtimer.o
                0x0020ad42                rtimer_init
 .text.timer_set
                0x0020ad46        0xe obj_zoul/timer.o
                0x0020ad46                timer_set
 .text.timer_expired
                0x0020ad54       0x1c obj_zoul/timer.o
                0x0020ad54                timer_expired
 .text.timer_reset
                0x0020ad70       0x14 obj_zoul/timer.o
                0x0020ad70                timer_reset
 .text.button_hal_get_state
                0x0020ad84       0x2a obj_zoul/button-hal.o
                0x0020ad84                button_hal_get_state
 .text.list_init
                0x0020adae        0x6 obj_zoul/list.o
                0x0020adae                list_init
 .text.list_head
                0x0020adb4        0x4 obj_zoul/list.o
                0x0020adb4                list_head
 .text.list_tail
                0x0020adb8       0x10 obj_zoul/list.o
                0x0020adb8                list_tail
 .text.list_remove
                0x0020adc8       0x26 obj_zoul/list.o
                0x0020adc8                list_remove
 .text.list_add
                0x0020adee       0x1a obj_zoul/list.o
                0x0020adee                list_add
 .text.list_push
                0x0020ae08       0x10 obj_zoul/list.o
                0x0020ae08                list_push
 .text.list_length
                0x0020ae18        0xe obj_zoul/list.o
                0x0020ae18                list_length
 .text.list_item_next
                0x0020ae26        0x6 obj_zoul/list.o
                0x0020ae26                list_item_next
 .text.memb_init
                0x0020ae2c       0x20 obj_zoul/memb.o
                0x0020ae2c                memb_init
 .text.memb_alloc
                0x0020ae4c       0x28 obj_zoul/memb.o
                0x0020ae4c                memb_alloc
 .text.memb_free
                0x0020ae74       0x2c obj_zoul/memb.o
                0x0020ae74                memb_free
 .text.memb_inmemb
                0x0020aea0       0x1c obj_zoul/memb.o
                0x0020aea0                memb_inmemb
 .text.memb_numfree
                0x0020aebc       0x1c obj_zoul/memb.o
                0x0020aebc                memb_numfree
 .text.ringbuf_init
                0x0020aed8        0xe obj_zoul/ringbuf.o
                0x0020aed8                ringbuf_init
 .text.ringbuf_put
                0x0020aee6       0x26 obj_zoul/ringbuf.o
                0x0020aee6                ringbuf_put
 .text.ringbuf_get
                0x0020af0c       0x20 obj_zoul/ringbuf.o
                0x0020af0c                ringbuf_get
 .text.queuebuf_update_attr_from_packetbuf
                0x0020af2c        0xc obj_zoul/queuebuf.o
                0x0020af2c                queuebuf_update_attr_from_packetbuf
 .text.queuebuf_attr
                0x0020af38        0xc obj_zoul/queuebuf.o
                0x0020af38                queuebuf_attr
 .text.item_from_index
                0x0020af44       0x14 obj_zoul/nbr-table.o
 .text.index_from_item
                0x0020af58       0x16 obj_zoul/nbr-table.o
 .text.nbr_set_bit
                0x0020af6e       0x38 obj_zoul/nbr-table.o
 .text.nbr_table_get_from_lladdr
                0x0020afa6       0x26 obj_zoul/nbr-table.o
                0x0020afa6                nbr_table_get_from_lladdr
 .text.linkaddr_copy
                0x0020afcc        0x6 obj_zoul/linkaddr.o
                0x0020afcc                linkaddr_copy
 .text.linkaddr_cmp
                0x0020afd2       0x10 obj_zoul/linkaddr.o
                0x0020afd2                linkaddr_cmp
 .text.link_stats_is_fresh
                0x0020afe2       0x24 obj_zoul/link-stats.o
                0x0020afe2                link_stats_is_fresh
 .text.guess_etx_from_rssi
                0x0020b006       0x40 obj_zoul/link-stats.o
                0x0020b006                guess_etx_from_rssi
 .text.mac_call_sent_callback
                0x0020b046       0x18 obj_zoul/mac.o
                0x0020b046                mac_call_sent_callback
 .text.parse    0x0020b05e       0x8a obj_zoul/framer-802154.o
 .text.framer_802154_setup_params
                0x0020b0e8       0x84 obj_zoul/framer-802154.o
                0x0020b0e8                framer_802154_setup_params
 .text.create   0x0020b16c        0x6 obj_zoul/framer-802154.o
 .text.hdr_length
                0x0020b172        0x6 obj_zoul/framer-802154.o
 .text.frame802154_has_panid
                0x0020b178       0xa6 obj_zoul/frame802154.o
                0x0020b178                frame802154_has_panid
 .text.field_len
                0x0020b21e       0x84 obj_zoul/frame802154.o
 .text.frame802154_is_broadcast_addr
                0x0020b2a2       0x1e obj_zoul/frame802154.o
                0x0020b2a2                frame802154_is_broadcast_addr
 .text.frame802154_hdrlen
                0x0020b2c0       0x32 obj_zoul/frame802154.o
                0x0020b2c0                frame802154_hdrlen
 .text.frame802154_create_fcf
                0x0020b2f2       0x60 obj_zoul/frame802154.o
                0x0020b2f2                frame802154_create_fcf
 .text.frame802154_create
                0x0020b352       0x94 obj_zoul/frame802154.o
                0x0020b352                frame802154_create
 .text.frame802154_parse_fcf
                0x0020b3e6       0x66 obj_zoul/frame802154.o
                0x0020b3e6                frame802154_parse_fcf
 .text.write_str
                0x0020b44c       0x10 obj_zoul/printf.o
 .text.buffer_str
                0x0020b45c       0x28 obj_zoul/snprintf.o
 .text.snprintf
                0x0020b484       0x1a obj_zoul/snprintf.o
                0x0020b484                snprintf
 .text.putchar  0x0020b49e        0xc obj_zoul/putchar.o
                0x0020b49e                putchar
 .text.send_packet
                0x0020b4aa        0x4 obj_zoul/csma.o
 .text.init     0x0020b4ae        0xe obj_zoul/csma.o
 .text.uipbuf_set_len_field
                0x0020b4bc        0x8 obj_zoul/uipbuf.o
                0x0020b4bc                uipbuf_set_len_field
 .text.uipbuf_get_len_field
                0x0020b4c4        0xc obj_zoul/uipbuf.o
                0x0020b4c4                uipbuf_get_len_field
 .text.uipbuf_get_next_header
                0x0020b4d0       0x4e obj_zoul/uipbuf.o
                0x0020b4d0                uipbuf_get_next_header
 .text.uipbuf_get_last_header
                0x0020b51e       0x2c obj_zoul/uipbuf.o
                0x0020b51e                uipbuf_get_last_header
 .text.uipbuf_search_header
                0x0020b54a       0x40 obj_zoul/uipbuf.o
                0x0020b54a                uipbuf_search_header
 .text.uip_sr_expire_parent
                0x0020b58a       0x28 obj_zoul/uip-sr.o
                0x0020b58a                uip_sr_expire_parent
 .text.uip_ds6_list_loop
                0x0020b5b2       0x50 obj_zoul/uip-ds6.o
                0x0020b5b2                uip_ds6_list_loop
 .text.uip_ds6_maddr_rm
                0x0020b602        0x8 obj_zoul/uip-ds6.o
                0x0020b602                uip_ds6_maddr_rm
 .text.uip_ds6_set_addr_iid
                0x0020b60a       0x16 obj_zoul/uip-ds6.o
                0x0020b60a                uip_ds6_set_addr_iid
 .text.uip_ds6_set_lladdr_from_iid
                0x0020b620       0x16 obj_zoul/uip-ds6.o
                0x0020b620                uip_ds6_set_lladdr_from_iid
 .text.get_match_length
                0x0020b636       0x3e obj_zoul/uip-ds6.o
                0x0020b636                get_match_length
 .text.uip_ds6_route_nexthop
                0x0020b674        0x4 obj_zoul/uip-ds6-route.o
                0x0020b674                uip_ds6_route_nexthop
 .text.uip_ds6_route_lookup
                0x0020b678        0x4 obj_zoul/uip-ds6-route.o
                0x0020b678                uip_ds6_route_lookup
 .text.uip_ds6_route_rm
                0x0020b67c        0x2 obj_zoul/uip-ds6-route.o
                0x0020b67c                uip_ds6_route_rm
 .text.uip_ds6_nbr_lookup
                0x0020b67e       0x2c obj_zoul/uip-ds6-nbr.o
                0x0020b67e                uip_ds6_nbr_lookup
 .text.uip_ds6_nbr_update_ll
                0x0020b6aa       0x5e obj_zoul/uip-ds6-nbr.o
                0x0020b6aa                uip_ds6_nbr_update_ll
 .text.uip_ds6_nbr_ipaddr_from_lladdr
                0x0020b708        0x4 obj_zoul/uip-ds6-nbr.o
                0x0020b708                uip_ds6_nbr_ipaddr_from_lladdr
 .text.uip_ds6_nbr_lladdr_from_ipaddr
                0x0020b70c       0x12 obj_zoul/uip-ds6-nbr.o
                0x0020b70c                uip_ds6_nbr_lladdr_from_ipaddr
 .text.uip_ds6_link_callback
                0x0020b71e        0x2 obj_zoul/uip-ds6-nbr.o
                0x0020b71e                uip_ds6_link_callback
 .text.chksum   0x0020b720       0x38 obj_zoul/uip6.o
 .text.uip_icmp6chksum
                0x0020b758        0x6 obj_zoul/uip6.o
                0x0020b758                uip_icmp6chksum
 .text.uip_udpchksum
                0x0020b75e        0x6 obj_zoul/uip6.o
                0x0020b75e                uip_udpchksum
 .text.uip_htonl
                0x0020b764       0x12 obj_zoul/uip6.o
                0x0020b764                uip_htonl
 .text.rpl_neighbor_get_ipaddr
                0x0020b776        0xe obj_zoul/rpl-neighbor.o
                0x0020b776                rpl_neighbor_get_ipaddr
 .text.rpl_neighbor_get_link_stats
                0x0020b784        0xe obj_zoul/rpl-neighbor.o
                0x0020b784                rpl_neighbor_get_link_stats
 .text.rpl_neighbor_is_fresh
                0x0020b792        0xe obj_zoul/rpl-neighbor.o
                0x0020b792                rpl_neighbor_is_fresh
 .text.rpl_process_hbh
                0x0020b7a0       0x1c obj_zoul/rpl-dag.o
                0x0020b7a0                rpl_process_hbh
 .text.handle_state_update
                0x0020b7bc        0x4 obj_zoul/rpl-timers.o
 .text.get_probing_delay
                0x0020b7c0       0x1a obj_zoul/rpl-timers.o
                0x0020b7c0                get_probing_delay
 .text.handle_probing_timer
                0x0020b7da       0x24 obj_zoul/rpl-timers.o
 .text.drop_route
                0x0020b7fe        0x2 obj_zoul/rpl.o
 .text.neighbor_state_changed
                0x0020b800        0x2 obj_zoul/rpl.o
 .text.rpl_lollipop_greater_than
                0x0020b802       0x34 obj_zoul/rpl.o
                0x0020b802                rpl_lollipop_greater_than
 .text.reset    0x0020b836        0x2 obj_zoul/rpl-mrhof.o
 .text.nbr_link_metric
                0x0020b838       0x12 obj_zoul/rpl-mrhof.o
 .text.nbr_has_usable_link
                0x0020b84a       0x12 obj_zoul/rpl-mrhof.o
 .text.nbr_path_cost
                0x0020b85c       0x28 obj_zoul/rpl-mrhof.o
 .text.nbr_is_acceptable_parent
                0x0020b884       0x1e obj_zoul/rpl-mrhof.o
 .text.get32    0x0020b8a2       0x18 obj_zoul/rpl-icmp6.o
 .text.set32    0x0020b8ba       0x12 obj_zoul/rpl-icmp6.o
 .text.get16    0x0020b8cc        0xc obj_zoul/rpl-icmp6.o
 .text.set16    0x0020b8d8        0xa obj_zoul/rpl-icmp6.o
 .text.rpl_icmp6_update_nbr_table
                0x0020b8e2       0x2e obj_zoul/rpl-icmp6.o
                0x0020b8e2                rpl_icmp6_update_nbr_table
 *(SORT(.rodata*))
 .rodata.uart_regs
                0x0020b910       0x58 obj_zoul/uart.o
 .rodata.output_power
                0x0020b968       0x70 obj_zoul/cc2538-rf.o
 .rodata.cc2538_rf_driver
                0x0020b9d8       0x38 obj_zoul/cc2538-rf.o
                0x0020b9d8                cc2538_rf_driver
 .rodata.cc2538_temp_sensor
                0x0020ba10       0x10 obj_zoul/cc2538-temp-sensor.o
                0x0020ba10                cc2538_temp_sensor
 .rodata.vdd3_sensor
                0x0020ba20       0x10 obj_zoul/vdd3-sensor.o
                0x0020ba20                vdd3_sensor
 .rodata.framer_802154
                0x0020ba30        0xc obj_zoul/framer-802154.o
                0x0020ba30                framer_802154
 .rodata.csma_driver
                0x0020ba3c       0x1c obj_zoul/csma.o
                0x0020ba3c                csma_driver
 .rodata.sicslowpan_driver
                0x0020ba58       0x10 obj_zoul/sicslowpan.o
                0x0020ba58                sicslowpan_driver
 .rodata.rpl_lite_driver
                0x0020ba68       0x50 obj_zoul/rpl.o
                0x0020ba68                rpl_lite_driver
 .rodata.autostart_processes
                0x0020bab8        0x8 hello-world.o
                0x0020bab8                autostart_processes
 .rodata.linkaddr_null
                0x0020bac0        0x8 obj_zoul/linkaddr.o
                0x0020bac0                linkaddr_null
 .rodata.str1.1
                0x0020bac8       0x33 obj_zoul/platform.o
                                 0x37 (size before relaxing)
 .rodata.leds_arch_leds
                0x0020bafb        0x6 obj_zoul/leds-arch.o
                0x0020bafb                leds_arch_leds
 .rodata.str1.1
                0x0020bb01        0xc obj_zoul/board-buttons.o
 .rodata.str1.1
                0x0020bb0d       0x11 obj_zoul/cc2538-rf.o
 .rodata.str1.1
                0x0020bb1e       0x14 obj_zoul/cc2538-temp-sensor.o
 .rodata.str1.1
                0x0020bb32        0x5 obj_zoul/vdd3-sensor.o
 .rodata.str1.1
                0x0020bb37       0xe0 obj_zoul/contiki-main.o
                                 0xf6 (size before relaxing)
 .rodata.str1.1
                0x0020bc17       0xa9 obj_zoul/log.o
 .rodata.str1.1
                0x0020bcc0        0xc obj_zoul/etimer.o
 .rodata.str1.1
                0x0020bccc        0xf obj_zoul/ctimer.o
 .rodata.str1.1
                0x0020bcdb       0x2f obj_zoul/stack-check.o
                                 0x3e (size before relaxing)
 .rodata.str1.1
                0x0020bd0a       0x13 obj_zoul/button-hal.o
 .rodata.str1.1
                0x0020bd1d        0xe obj_zoul/serial-line.o
 .rodata.str1.1
                0x0020bd2b        0x8 obj_zoul/sensors.o
 .rodata.buffer.5337
                0x0020bd33       0x10 obj_zoul/strformat.o
 .rodata.str1.1
                0x0020bd43       0x35 obj_zoul/strformat.o
                                 0x37 (size before relaxing)
 .rodata.buffer.5346
                0x0020bd78       0x10 obj_zoul/strformat.o
 .rodata.str1.1
                0x0020bd88        0x5 obj_zoul/csma.o
 .rodata.str1.1
                0x0020bd8d       0x28 obj_zoul/uiplib.o
                                 0x2d (size before relaxing)
 .rodata.str1.1
                0x0020bdb5        0xd obj_zoul/tcpip.o
 .rodata        0x0020bdc2        0x2 obj_zoul/sicslowpan.o
 .rodata.unc_llconf
                0x0020bdc4        0x4 obj_zoul/sicslowpan.o
                0x0020bdc4                unc_llconf
 .rodata.llprefix
                0x0020bdc8        0x2 obj_zoul/sicslowpan.o
                0x0020bdc8                llprefix
 .rodata.unc_mxconf
                0x0020bdca        0x4 obj_zoul/sicslowpan.o
                0x0020bdca                unc_mxconf
 .rodata.str1.1
                0x0020bdce        0xb obj_zoul/sicslowpan.o
 .rodata.ttl_values
                0x0020bdd9        0x4 obj_zoul/sicslowpan.o
 .rodata.unc_ctxconf
                0x0020bddd        0x4 obj_zoul/sicslowpan.o
                0x0020bddd                unc_ctxconf
 .rodata.str1.1
                0x0020bde1       0xd7 obj_zoul/rpl-dag.o
 .rodata.str1.1
                0x0020beb8        0xc obj_zoul/rpl-timers.o
 .rodata.str1.1
                0x0020bec4        0x9 obj_zoul/rpl.o
 .rodata.str1.1
                0x0020becd       0x22 hello-world.o
                0x0020beef                _etext = .

.glue_7         0x0020bef0        0x0
 .glue_7        0x0020bef0        0x0 linker stubs

.glue_7t        0x0020bef0        0x0
 .glue_7t       0x0020bef0        0x0 linker stubs

.vfp11_veneer   0x0020bef0        0x0
 .vfp11_veneer  0x0020bef0        0x0 linker stubs

.v4_bx          0x0020bef0        0x0
 .v4_bx         0x0020bef0        0x0 linker stubs

.iplt           0x0020bef0        0x0
 .iplt          0x0020bef0        0x0 obj_zoul/startup-gcc.o

.socdata        0x20004000       0x40
 *(SORT(.udma_channel_control_table))
 .udma_channel_control_table
                0x20004000       0x40 obj_zoul/udma.o

.data           0x20004040      0x210 load address 0x0020bef0
                0x20004040                _data = .
 *(SORT(.data*))
 .data.button_user
                0x20004040       0x50 obj_zoul/board-buttons.o
 .data.button_hal_buttons
                0x20004090        0x8 obj_zoul/board-buttons.o
                0x20004090                button_hal_buttons
 .data.sensors  0x20004098        0xc obj_zoul/zoul-sensors.o
                0x20004098                sensors
 .data.cc2538_rf_process
                0x200040a4       0x10 obj_zoul/cc2538-rf.o
                0x200040a4                cc2538_rf_process
 .data.curr_log_level_main
                0x200040b4        0x4 obj_zoul/log.o
                0x200040b4                curr_log_level_main
 .data.etimer_process
                0x200040b8       0x10 obj_zoul/etimer.o
                0x200040b8                etimer_process
 .data.ctimer_process
                0x200040c8       0x10 obj_zoul/ctimer.o
                0x200040c8                ctimer_process
 .data.stack_check_process
                0x200040d8       0x10 obj_zoul/stack-check.o
                0x200040d8                stack_check_process
 .data.button_hal_process
                0x200040e8       0x10 obj_zoul/button-hal.o
                0x200040e8                button_hal_process
 .data.serial_line_process
                0x200040f8       0x10 obj_zoul/serial-line.o
                0x200040f8                serial_line_process
 .data.sensors_process
                0x20004108       0x10 obj_zoul/sensors.o
                0x20004108                sensors_process
 .data.bufmem   0x20004118        0xc obj_zoul/queuebuf.o
 .data.buframmem
                0x20004124        0xc obj_zoul/queuebuf.o
 .data.neighbor_addr_mem
                0x20004130        0xc obj_zoul/nbr-table.o
 .data.link_stats_struct
                0x2000413c       0x10 obj_zoul/link-stats.o
 .data.ctxt     0x2000414c        0x8 obj_zoul/printf.o
 .data.metadata_memb
                0x20004154        0xc obj_zoul/csma-output.o
 .data.packet_memb
                0x20004160        0xc obj_zoul/csma-output.o
 .data.neighbor_memb
                0x2000416c        0xc obj_zoul/csma-output.o
 .data.echo_request_handler
                0x20004178        0xc obj_zoul/uip-icmp6.o
 .data.echo_reply_handler
                0x20004184        0xc obj_zoul/uip-icmp6.o
 .data.nodememb
                0x20004190        0xc obj_zoul/uip-sr.o
 .data.tcpip_process
                0x2000419c       0x10 obj_zoul/tcpip.o
                0x2000419c                tcpip_process
 .data.defaultroutermemb
                0x200041ac        0xc obj_zoul/uip-ds6-route.o
 .data.ds6_neighbors_struct
                0x200041b8       0x10 obj_zoul/uip-ds6-nbr.o
 .data.ns_input_handler
                0x200041c8        0xc obj_zoul/uip-nd6.o
 .data.rpl_neighbors
                0x200041d4        0x4 obj_zoul/rpl-neighbor.o
                0x200041d4                rpl_neighbors
 .data.rpl_neighbors_struct
                0x200041d8       0x10 obj_zoul/rpl-neighbor.o
 .data.rpl_mrhof
                0x200041e8       0x24 obj_zoul/rpl-mrhof.o
                0x200041e8                rpl_mrhof
 .data.dao_ack_handler
                0x2000420c        0xc obj_zoul/rpl-icmp6.o
 .data.dis_handler
                0x20004218        0xc obj_zoul/rpl-icmp6.o
 .data.dao_handler
                0x20004224        0xc obj_zoul/rpl-icmp6.o
 .data.dio_handler
                0x20004230        0xc obj_zoul/rpl-icmp6.o
 .data.hello_world_process
                0x2000423c       0x10 hello-world.o
                0x2000423c                hello_world_process
 .data.mac_pan_id
                0x2000424c        0x2 obj_zoul/frame802154.o
 .data.send_on_cca
                0x2000424e        0x1 obj_zoul/cc2538-rf.o
 .data.rf_channel
                0x2000424f        0x1 obj_zoul/cc2538-rf.o
                0x20004250                _edata = .
                0x0020bef0                _ldata = LOADADDR (.data)

.igot.plt       0x20004250        0x0 load address 0x0020c100
 .igot.plt      0x20004250        0x0 obj_zoul/startup-gcc.o

.ARM.exidx      0x0020c100        0x8
 *(SORT(.ARM.exidx*))
 .ARM.exidx     0x0020c100        0x8 /opt/gcc-arm-none-eabi-5_3-2016q1/bin/../lib/gcc/arm-none-eabi/5.3.1/armv7-m/libgcc.a(_udivmoddi4.o)

.bss            0x20004250     0x21ff
                0x20004250                _bss = .
 *(SORT(.bss*))
 .bss.rt_ticks_startup
                0x20004250        0x8 obj_zoul/clock.o
 .bss.rt_ticks_epoch
                0x20004258        0x8 obj_zoul/clock.o
 .bss.next_trigger
                0x20004260        0x4 obj_zoul/rtimer-arch.o
 .bss.input_handler
                0x20004264        0x8 obj_zoul/uart.o
 .bss.ioc_sel   0x2000426c        0x4 obj_zoul/ioc.o
 .bss.ioc_over  0x20004270        0x4 obj_zoul/ioc.o
 .bss.notification_process
                0x20004274        0x4 obj_zoul/crypto.o
 .bss.periph_permit_pm1_funcs
                0x20004278       0x14 obj_zoul/lpm.o
 .bss.notification_process
                0x2000428c        0x4 obj_zoul/pka.o
 .bss.timerlist
                0x20004290        0x4 obj_zoul/etimer.o
 .bss.next_expiration
                0x20004294        0x4 obj_zoul/etimer.o
 .bss.ctimer_list_list
                0x20004298        0x4 obj_zoul/ctimer.o
 .bss.process_current
                0x2000429c        0x4 obj_zoul/process.o
                0x2000429c                process_current
 .bss.process_list
                0x200042a0        0x4 obj_zoul/process.o
                0x200042a0                process_list
 .bss.events    0x200042a4      0x180 obj_zoul/process.o
 .bss.next_rtimer
                0x20004424        0x4 obj_zoul/rtimer.o
 .bss.et.5661   0x20004428       0x10 obj_zoul/stack-check.o
 .bss.button_event_handler
                0x20004438        0xc obj_zoul/button-hal.o
 .bss.pmask     0x20004444        0x4 obj_zoul/button-hal.o
 .bss.ptr.5305  0x20004448        0x4 obj_zoul/serial-line.o
 .bss.rxbuf     0x2000444c        0x8 obj_zoul/serial-line.o
 .bss.handlers_list
                0x20004454        0x4 obj_zoul/gpio-hal.o
 .bss.i.5320    0x20004458        0x4 obj_zoul/sensors.o
 .bss.events.5321
                0x2000445c        0x4 obj_zoul/sensors.o
 .bss.bufmem_memb_mem
                0x20004460       0x20 obj_zoul/queuebuf.o
 .bss.nbr_table_keys_list
                0x20004480        0x4 obj_zoul/nbr-table.o
 .bss.neighbor_addr_mem_memb_mem
                0x20004484       0xc0 obj_zoul/nbr-table.o
 .bss.all_tables
                0x20004544       0x20 obj_zoul/nbr-table.o
 .bss.num_tables
                0x20004564        0x4 obj_zoul/nbr-table.o
 .bss.packetbuf_aligned
                0x20004568       0x80 obj_zoul/packetbuf.o
 .bss.ip_processor_list_list
                0x200045e8        0x4 obj_zoul/netstack.o
 .bss._link_stats_mem
                0x200045ec       0xc0 obj_zoul/link-stats.o
 .bss.received_seqnos
                0x200046ac      0x100 obj_zoul/mac-sequence.o
 .bss.metadata_memb_memb_mem
                0x200047ac       0x60 obj_zoul/csma-output.o
 .bss.neighbor_list_list
                0x2000480c        0x4 obj_zoul/csma-output.o
 .bss.packet_memb_memb_mem
                0x20004810       0x60 obj_zoul/csma-output.o
 .bss.neighbor_memb_memb_mem
                0x20004870       0x70 obj_zoul/csma-output.o
 .bss.echo_reply_callback_list_list
                0x200048e0        0x4 obj_zoul/uip-icmp6.o
 .bss.input_handler_list_list
                0x200048e4        0x4 obj_zoul/uip-icmp6.o
 .bss.num_nodes
                0x200048e8        0x4 obj_zoul/uip-sr.o
 .bss.nodememb_memb_mem
                0x200048ec      0x180 obj_zoul/uip-sr.o
 .bss.nodelist_list
                0x20004a6c        0x4 obj_zoul/uip-sr.o
 .bss.locmaddr  0x20004a70        0x4 obj_zoul/uip-ds6.o
 .bss.locprefix
                0x20004a74        0x4 obj_zoul/uip-ds6.o
 .bss.locaddr   0x20004a78        0x4 obj_zoul/uip-ds6.o
 .bss.periodic  0x20004a7c       0x10 obj_zoul/tcpip.o
 .bss.defaultroutermemb_memb_mem
                0x20004a8c       0x40 obj_zoul/uip-ds6-route.o
 .bss.defaultrouterlist_list
                0x20004acc        0x4 obj_zoul/uip-ds6-route.o
 .bss.nbr       0x20004ad0        0x4 obj_zoul/uip-nd6.o
 .bss.nd6_opt_llao
                0x20004ad4        0x4 obj_zoul/uip-nd6.o
 .bss.addr      0x20004ad8        0x4 obj_zoul/uip-nd6.o
 .bss.callback  0x20004adc        0x4 obj_zoul/sicslowpan.o
 .bss.context   0x20004ae0        0x4 obj_zoul/sicslowpan.o
 .bss.last_rssi
                0x20004ae4        0x4 obj_zoul/sicslowpan.o
 .bss.hc06_ptr  0x20004ae8        0x4 obj_zoul/sicslowpan.o
 .bss.packetbuf_ptr
                0x20004aec        0x4 obj_zoul/sicslowpan.o
 .bss.packetbuf_payload_len
                0x20004af0        0x4 obj_zoul/sicslowpan.o
 .bss.last_tx_status
                0x20004af4        0x4 obj_zoul/sicslowpan.o
 .bss.mac_max_payload
                0x20004af8        0x4 obj_zoul/sicslowpan.o
 .bss.frag_info
                0x20004afc      0x170 obj_zoul/sicslowpan.o
 .bss.worst_rank_nbr_lladdr
                0x20004c6c        0x4 obj_zoul/rpl-nbr-policy.o
 .bss.num_parents
                0x20004c70        0x4 obj_zoul/rpl-nbr-policy.o
 .bss._rpl_neighbors_mem
                0x20004c74       0x80 obj_zoul/rpl-neighbor.o
 .bss.periodic_timer
                0x20004cf4       0x20 obj_zoul/rpl-timers.o
 .bss.dis_timer
                0x20004d14       0x20 obj_zoul/rpl-timers.o
 .bss.timer.5274
                0x20004d34       0x10 hello-world.o
 .bss.node_id   0x20004d44        0x2 obj_zoul/node-id.o
                0x20004d44                node_id
 .bss.buframmem_memb_mem
                0x20004d46      0x560 obj_zoul/queuebuf.o
 .bss.buflen    0x200052a6        0x2 obj_zoul/packetbuf.o
 .bss.bufptr    0x200052a8        0x2 obj_zoul/packetbuf.o
 .bss.uipbuf_attrs
                0x200052aa        0xc obj_zoul/uipbuf.o
 .bss.uipbuf_default_attrs
                0x200052b6        0xc obj_zoul/uipbuf.o
 .bss.tmp_ipaddr
                0x200052c2       0x10 obj_zoul/uip-icmp6.o
 .bss.loc_fipaddr
                0x200052d2       0x10 obj_zoul/uip-ds6.o
 .bss._ds6_neighbors_mem
                0x200052e2      0x120 obj_zoul/uip-ds6-nbr.o
 .bss.lastport  0x20005402        0x2 obj_zoul/uip6.o
 .bss.my_tag    0x20005404        0x2 obj_zoul/sicslowpan.o
 .bss.worst_rank
                0x20005406        0x2 obj_zoul/rpl-nbr-policy.o
 .bss.root_ipaddr.6862
                0x20005408       0x10 obj_zoul/rpl-dag-root.o
 .bss.crc_corr  0x20005418        0x1 obj_zoul/cc2538-rf.o
 .bss.rssi      0x20005419        0x1 obj_zoul/cc2538-rf.o
 .bss.poll_mode
                0x2000541a        0x1 obj_zoul/cc2538-rf.o
 .bss.rf_flags  0x2000541b        0x1 obj_zoul/cc2538-rf.o
 .bss.max_pm    0x2000541c        0x1 obj_zoul/lpm.o
 .bss.initialized
                0x2000541d        0x1 obj_zoul/ctimer.o
 .bss.fevent    0x2000541e        0x1 obj_zoul/process.o
 .bss.nevents   0x2000541f        0x1 obj_zoul/process.o
 .bss.poll_requested
                0x20005420        0x1 obj_zoul/process.o
 .bss.lastevent
                0x20005421        0x1 obj_zoul/process.o
 .bss.rxbuf_data
                0x20005422       0x80 obj_zoul/serial-line.o
 .bss.overflow.5298
                0x200054a2        0x1 obj_zoul/serial-line.o
 .bss.buf.5304  0x200054a3       0x80 obj_zoul/serial-line.o
 .bss.num_sensors
                0x20005523        0x1 obj_zoul/sensors.o
 .bss.buframmem_memb_count
                0x20005524        0x8 obj_zoul/queuebuf.o
 .bss.bufmem_memb_count
                0x2000552c        0x8 obj_zoul/queuebuf.o
 .bss.neighbor_addr_mem_memb_count
                0x20005534       0x10 obj_zoul/nbr-table.o
 .bss.locked_map
                0x20005544       0x10 obj_zoul/nbr-table.o
 .bss.used_map  0x20005554       0x10 obj_zoul/nbr-table.o
 .bss.hdrlen    0x20005564        0x1 obj_zoul/packetbuf.o
 .bss.mac_dsn   0x20005565        0x1 obj_zoul/framer-802154.o
 .bss.initialized
                0x20005566        0x1 obj_zoul/framer-802154.o
 .bss.seqno.6159
                0x20005567        0x1 obj_zoul/csma-output.o
 .bss.packet_memb_memb_count
                0x20005568        0x8 obj_zoul/csma-output.o
 .bss.metadata_memb_memb_count
                0x20005570        0x8 obj_zoul/csma-output.o
 .bss.initialized.6158
                0x20005578        0x1 obj_zoul/csma-output.o
 .bss.neighbor_memb_memb_count
                0x20005579        0x2 obj_zoul/csma-output.o
 .bss.nodememb_memb_count
                0x2000557b       0x10 obj_zoul/uip-sr.o
 .bss.defaultroutermemb_memb_count
                0x2000558b        0x2 obj_zoul/uip-ds6-route.o
 .bss.uip_ext_len
                0x2000558d        0x1 obj_zoul/uip6.o
                0x2000558d                uip_ext_len
 .bss.uip_ext_bitmap
                0x2000558e        0x1 obj_zoul/uip6.o
                0x2000558e                uip_ext_bitmap
 .bss.uip_last_proto
                0x2000558f        0x1 obj_zoul/uip6.o
                0x2000558f                uip_last_proto
 .bss.nd6_opt_offset
                0x20005590        0x1 obj_zoul/uip-nd6.o
 .bss.curr_page
                0x20005591        0x1 obj_zoul/sicslowpan.o
 .bss.uncomp_hdr_len
                0x20005592        0x1 obj_zoul/sicslowpan.o
 .bss.addr_contexts
                0x20005593        0xa obj_zoul/sicslowpan.o
 .bss.frag_buf  0x2000559d      0x54c obj_zoul/sicslowpan.o
 .bss.packetbuf_hdr_len
                0x20005ae9        0x1 obj_zoul/sicslowpan.o
 .bss.rpl_leaf_only
                0x20005aea        0x1 obj_zoul/rpl.o
 .bss.initialized.6872
                0x20005aeb        0x1 obj_zoul/rpl-dag-root.o
 *(SORT(COMMON))
 COMMON         0x20005aec       0x20 obj_zoul/link-stats.o
                0x20005aec                periodic_timer
 COMMON         0x20005b0c      0x174 obj_zoul/uip-ds6.o
                0x20005b0c                uip_ds6_timer_ra
                0x20005b14                uip_ds6_if
                0x20005c0c                uip_ds6_netif_addr_list_offset
                0x20005c0d                uip_ds6_addr_size
                0x20005c10                uip_ds6_prefix_list
                0x20005c70                uip_ds6_timer_periodic
 COMMON         0x20005c80      0x624 obj_zoul/uip6.o
                0x20005c80                uip_len
                0x20005c84                uip_sappdata
                0x20005c88                uip_lladdr
                0x20005c90                uip_aligned_buf
                0x20006190                uip_flags
                0x20006194                uip_udp_conn
                0x20006198                uip_appdata
                0x2000619c                uip_conn
                0x200061a0                uip_slen
                0x200061a4                uip_udp_conns
 COMMON         0x200062a4      0x160 obj_zoul/rpl-dag.o
                0x200062a4                curr_instance
 COMMON         0x20006404       0x2a obj_zoul/packetbuf.o
                0x20006404                packetbuf_addrs
                0x20006414                packetbuf_attrs
 COMMON         0x2000642e        0x8 obj_zoul/linkaddr.o
                0x2000642e                linkaddr_node_addr
 COMMON         0x20006436       0x10 obj_zoul/rpl.o
                0x20006436                rpl_multicast_addr
 COMMON         0x20006446        0x3 obj_zoul/zoul-sensors.o
                0x20006446                sensors_flags
 COMMON         0x20006449        0x3 obj_zoul/button-hal.o
                0x20006449                button_hal_release_event
                0x2000644a                button_hal_periodic_event
                0x2000644b                button_hal_press_event
 COMMON         0x2000644c        0x1 obj_zoul/serial-line.o
                0x2000644c                serial_line_event_message
 COMMON         0x2000644d        0x1 obj_zoul/sensors.o
                0x2000644d                sensors_event
 COMMON         0x2000644e        0x1 obj_zoul/tcpip.o
                0x2000644e                tcpip_event
                0x2000644f                _ebss = .
                0x2000644f                _end = .
                0x2000644f                _stack = .

.stack          0x20006450      0x800
 *(SORT(.stack))
 .stack         0x20006450      0x800 obj_zoul/startup-gcc.o
                0x20006c50                _stack_origin = .
                0x20006c50                _heap = .
                0x20008000                _eheap = (ORIGIN (FRSRAM) + LENGTH (FRSRAM))

.nrdata         0x20000000        0x0
                0x20000000                _nrdata = .
 *(SORT(.nrdata*))
                0x20000000                _enrdata = .

.flashcca       0x0027ffd4       0x2c
 *(SORT(.flashcca))
 .flashcca      0x0027ffd4       0x2c obj_zoul/startup-gcc.o
                0x0027ffd4                flash_cca_lock_page
OUTPUT(hello-world.elf elf32-littlearm)

.rel.dyn        0x00280000        0x0
 .rel.iplt      0x00280000        0x0 obj_zoul/startup-gcc.o

.comment        0x00000000       0x6e
 .comment       0x00000000       0x6e obj_zoul/startup-gcc.o
                                 0x6f (size before relaxing)
 .comment       0x0000006e       0x6f obj_zoul/platform.o
 .comment       0x0000006e       0x6f obj_zoul/leds-arch.o
 .comment       0x0000006e       0x6f obj_zoul/leds.o
 .comment       0x0000006e       0x6f obj_zoul/board-buttons.o
 .comment       0x0000006e       0x6f obj_zoul/zoul-sensors.o
 .comment       0x0000006e       0x6f obj_zoul/board.o
 .comment       0x0000006e       0x6f obj_zoul/soc.o
 .comment       0x0000006e       0x6f obj_zoul/clock.o
 .comment       0x0000006e       0x6f obj_zoul/rtimer-arch.o
 .comment       0x0000006e       0x6f obj_zoul/uart.o
 .comment       0x0000006e       0x6f obj_zoul/watchdog.o
 .comment       0x0000006e       0x6f obj_zoul/nvic.o
 .comment       0x0000006e       0x6f obj_zoul/sys-ctrl.o
 .comment       0x0000006e       0x6f obj_zoul/gpio.o
 .comment       0x0000006e       0x6f obj_zoul/ioc.o
 .comment       0x0000006e       0x6f obj_zoul/adc.o
 .comment       0x0000006e       0x6f obj_zoul/crypto.o
 .comment       0x0000006e       0x6f obj_zoul/gpio-hal-arch.o
 .comment       0x0000006e       0x6f obj_zoul/cc2538-rf.o
 .comment       0x0000006e       0x6f obj_zoul/udma.o
 .comment       0x0000006e       0x6f obj_zoul/lpm.o
 .comment       0x0000006e       0x6f obj_zoul/int-master.o
 .comment       0x0000006e       0x6f obj_zoul/pka.o
 .comment       0x0000006e       0x6f obj_zoul/dbg.o
 .comment       0x0000006e       0x6f obj_zoul/ieee-addr.o
 .comment       0x0000006e       0x6f obj_zoul/cc2538-temp-sensor.o
 .comment       0x0000006e       0x6f obj_zoul/vdd3-sensor.o
 .comment       0x0000006e       0x6f obj_zoul/contiki-main.o
 .comment       0x0000006e       0x6f obj_zoul/autostart.o
 .comment       0x0000006e       0x6f obj_zoul/stimer.o
 .comment       0x0000006e       0x6f obj_zoul/log.o
 .comment       0x0000006e       0x6f obj_zoul/energest.o
 .comment       0x0000006e       0x6f obj_zoul/etimer.o
 .comment       0x0000006e       0x6f obj_zoul/node-id.o
 .comment       0x0000006e       0x6f obj_zoul/ctimer.o
 .comment       0x0000006e       0x6f obj_zoul/process.o
 .comment       0x0000006e       0x6f obj_zoul/rtimer.o
 .comment       0x0000006e       0x6f obj_zoul/timer.o
 .comment       0x0000006e       0x6f obj_zoul/stack-check.o
 .comment       0x0000006e       0x6f obj_zoul/button-hal.o
 .comment       0x0000006e       0x6f obj_zoul/serial-line.o
 .comment       0x0000006e       0x6f obj_zoul/gpio-hal.o
 .comment       0x0000006e       0x6f obj_zoul/sensors.o
 .comment       0x0000006e       0x6f obj_zoul/list.o
 .comment       0x0000006e       0x6f obj_zoul/memb.o
 .comment       0x0000006e       0x6f obj_zoul/random.o
 .comment       0x0000006e       0x6f obj_zoul/ringbuf.o
 .comment       0x0000006e       0x6f obj_zoul/queuebuf.o
 .comment       0x0000006e       0x6f obj_zoul/nbr-table.o
 .comment       0x0000006e       0x6f obj_zoul/packetbuf.o
 .comment       0x0000006e       0x6f obj_zoul/netstack.o
 .comment       0x0000006e       0x6f obj_zoul/linkaddr.o
 .comment       0x0000006e       0x6f obj_zoul/link-stats.o
 .comment       0x0000006e       0x6f obj_zoul/mac-sequence.o
 .comment       0x0000006e       0x6f obj_zoul/mac.o
 .comment       0x0000006e       0x6f obj_zoul/framer-802154.o
 .comment       0x0000006e       0x6f obj_zoul/frame802154.o
 .comment       0x0000006e       0x6f obj_zoul/strformat.o
 .comment       0x0000006e       0x6f obj_zoul/printf.o
 .comment       0x0000006e       0x6f obj_zoul/snprintf.o
 .comment       0x0000006e       0x6f obj_zoul/putchar.o
 .comment       0x0000006e       0x6f obj_zoul/csma-security.o
 .comment       0x0000006e       0x6f obj_zoul/csma.o
 .comment       0x0000006e       0x6f obj_zoul/csma-output.o
 .comment       0x0000006e       0x6f obj_zoul/uipbuf.o
 .comment       0x0000006e       0x6f obj_zoul/uip-icmp6.o
 .comment       0x0000006e       0x6f obj_zoul/uip-sr.o
 .comment       0x0000006e       0x6f obj_zoul/uip-ds6.o
 .comment       0x0000006e       0x6f obj_zoul/uiplib.o
 .comment       0x0000006e       0x6f obj_zoul/tcpip.o
 .comment       0x0000006e       0x6f obj_zoul/uip-ds6-route.o
 .comment       0x0000006e       0x6f obj_zoul/uip-ds6-nbr.o
 .comment       0x0000006e       0x6f obj_zoul/uip6.o
 .comment       0x0000006e       0x6f obj_zoul/uip-nd6.o
 .comment       0x0000006e       0x6f obj_zoul/sicslowpan.o
 .comment       0x0000006e       0x6f obj_zoul/rpl-nbr-policy.o
 .comment       0x0000006e       0x6f obj_zoul/rpl-neighbor.o
 .comment       0x0000006e       0x6f obj_zoul/rpl-dag.o
 .comment       0x0000006e       0x6f obj_zoul/rpl-timers.o
 .comment       0x0000006e       0x6f obj_zoul/rpl-ext-header.o
 .comment       0x0000006e       0x6f obj_zoul/rpl.o
 .comment       0x0000006e       0x6f obj_zoul/rpl-mrhof.o
 .comment       0x0000006e       0x6f obj_zoul/rpl-icmp6.o
 .comment       0x0000006e       0x6f obj_zoul/rpl-dag-root.o
 .comment       0x0000006e       0x6f hello-world.o

.ARM.attributes
                0x00000000       0x31
 .ARM.attributes
                0x00000000       0x33 obj_zoul/startup-gcc.o
 .ARM.attributes
                0x00000033       0x33 obj_zoul/platform.o
 .ARM.attributes
                0x00000066       0x33 obj_zoul/leds-arch.o
 .ARM.attributes
                0x00000099       0x33 obj_zoul/leds.o
 .ARM.attributes
                0x000000cc       0x33 obj_zoul/board-buttons.o
 .ARM.attributes
                0x000000ff       0x33 obj_zoul/zoul-sensors.o
 .ARM.attributes
                0x00000132       0x33 obj_zoul/board.o
 .ARM.attributes
                0x00000165       0x33 obj_zoul/soc.o
 .ARM.attributes
                0x00000198       0x33 obj_zoul/clock.o
 .ARM.attributes
                0x000001cb       0x33 obj_zoul/rtimer-arch.o
 .ARM.attributes
                0x000001fe       0x33 obj_zoul/uart.o
 .ARM.attributes
                0x00000231       0x33 obj_zoul/watchdog.o
 .ARM.attributes
                0x00000264       0x33 obj_zoul/nvic.o
 .ARM.attributes
                0x00000297       0x33 obj_zoul/sys-ctrl.o
 .ARM.attributes
                0x000002ca       0x33 obj_zoul/gpio.o
 .ARM.attributes
                0x000002fd       0x33 obj_zoul/ioc.o
 .ARM.attributes
                0x00000330       0x33 obj_zoul/adc.o
 .ARM.attributes
                0x00000363       0x33 obj_zoul/crypto.o
 .ARM.attributes
                0x00000396       0x33 obj_zoul/gpio-hal-arch.o
 .ARM.attributes
                0x000003c9       0x33 obj_zoul/cc2538-rf.o
 .ARM.attributes
                0x000003fc       0x33 obj_zoul/udma.o
 .ARM.attributes
                0x0000042f       0x33 obj_zoul/lpm.o
 .ARM.attributes
                0x00000462       0x33 obj_zoul/int-master.o
 .ARM.attributes
                0x00000495       0x33 obj_zoul/pka.o
 .ARM.attributes
                0x000004c8       0x33 obj_zoul/dbg.o
 .ARM.attributes
                0x000004fb       0x33 obj_zoul/ieee-addr.o
 .ARM.attributes
                0x0000052e       0x33 obj_zoul/cc2538-temp-sensor.o
 .ARM.attributes
                0x00000561       0x33 obj_zoul/vdd3-sensor.o
 .ARM.attributes
                0x00000594       0x33 obj_zoul/contiki-main.o
 .ARM.attributes
                0x000005c7       0x33 obj_zoul/autostart.o
 .ARM.attributes
                0x000005fa       0x33 obj_zoul/stimer.o
 .ARM.attributes
                0x0000062d       0x33 obj_zoul/log.o
 .ARM.attributes
                0x00000660       0x33 obj_zoul/energest.o
 .ARM.attributes
                0x00000693       0x33 obj_zoul/etimer.o
 .ARM.attributes
                0x000006c6       0x33 obj_zoul/node-id.o
 .ARM.attributes
                0x000006f9       0x33 obj_zoul/ctimer.o
 .ARM.attributes
                0x0000072c       0x33 obj_zoul/process.o
 .ARM.attributes
                0x0000075f       0x33 obj_zoul/rtimer.o
 .ARM.attributes
                0x00000792       0x33 obj_zoul/timer.o
 .ARM.attributes