Archive member included to satisfy reference by file (symbol)

/opt/gcc-arm-none-eabi-5_3-2016q1/bin/../lib/gcc/arm-none-eabi/5.3.1/armv7-m/libgcc.a(_arm_addsubdf3.o)
                              obj_cc26x0-cc13x0/ble-hal-cc26xx.o (__aeabi_ui2d)
/opt/gcc-arm-none-eabi-5_3-2016q1/bin/../lib/gcc/arm-none-eabi/5.3.1/armv7-m/libgcc.a(_arm_muldivdf3.o)
                              obj_cc26x0-cc13x0/ble-hal-cc26xx.o (__aeabi_dmul)
/opt/gcc-arm-none-eabi-5_3-2016q1/bin/../lib/gcc/arm-none-eabi/5.3.1/armv7-m/libgcc.a(_arm_fixunsdfsi.o)
                              obj_cc26x0-cc13x0/ble-hal-cc26xx.o (__aeabi_d2uiz)
/opt/gcc-arm-none-eabi-5_3-2016q1/bin/../lib/gcc/arm-none-eabi/5.3.1/armv7-m/libgcc.a(_aeabi_uldivmod.o)
                              obj_cc26x0-cc13x0/rf-core.o (__aeabi_uldivmod)
/opt/gcc-arm-none-eabi-5_3-2016q1/bin/../lib/gcc/arm-none-eabi/5.3.1/armv7-m/libgcc.a(_udivmoddi4.o)
                              /opt/gcc-arm-none-eabi-5_3-2016q1/bin/../lib/gcc/arm-none-eabi/5.3.1/armv7-m/libgcc.a(_aeabi_uldivmod.o) (__udivmoddi4)
/opt/gcc-arm-none-eabi-5_3-2016q1/bin/../lib/gcc/arm-none-eabi/5.3.1/armv7-m/libgcc.a(_dvmd_tls.o)
                              /opt/gcc-arm-none-eabi-5_3-2016q1/bin/../lib/gcc/arm-none-eabi/5.3.1/armv7-m/libgcc.a(_aeabi_uldivmod.o) (__aeabi_ldiv0)
/opt/gcc-arm-none-eabi-5_3-2016q1/bin/../lib/gcc/arm-none-eabi/5.3.1/../../../../arm-none-eabi/lib/armv7-m/libc.a(lib_a-ctype_.o)
                              obj_cc26x0-cc13x0/resolv.o (__ctype_ptr__)
/opt/gcc-arm-none-eabi-5_3-2016q1/bin/../lib/gcc/arm-none-eabi/5.3.1/../../../../arm-none-eabi/lib/armv7-m/libc.a(lib_a-memcmp.o)
                              obj_cc26x0-cc13x0/linkaddr.o (memcmp)
/opt/gcc-arm-none-eabi-5_3-2016q1/bin/../lib/gcc/arm-none-eabi/5.3.1/../../../../arm-none-eabi/lib/armv7-m/libc.a(lib_a-memcpy.o)
                              obj_cc26x0-cc13x0/rf-ble.o (memcpy)
/opt/gcc-arm-none-eabi-5_3-2016q1/bin/../lib/gcc/arm-none-eabi/5.3.1/../../../../arm-none-eabi/lib/armv7-m/libc.a(lib_a-memmove.o)
                              obj_cc26x0-cc13x0/uip-icmp6.o (memmove)
/opt/gcc-arm-none-eabi-5_3-2016q1/bin/../lib/gcc/arm-none-eabi/5.3.1/../../../../arm-none-eabi/lib/armv7-m/libc.a(lib_a-memset.o)
                              obj_cc26x0-cc13x0/rf-core.o (memset)
/opt/gcc-arm-none-eabi-5_3-2016q1/bin/../lib/gcc/arm-none-eabi/5.3.1/../../../../arm-none-eabi/lib/armv7-m/libc.a(lib_a-reent.o)
                              obj_cc26x0-cc13x0/syscalls.o (errno)
/opt/gcc-arm-none-eabi-5_3-2016q1/bin/../lib/gcc/arm-none-eabi/5.3.1/../../../../arm-none-eabi/lib/armv7-m/libc.a(lib_a-strcasecmp.o)
                              obj_cc26x0-cc13x0/resolv.o (strcasecmp)
/opt/gcc-arm-none-eabi-5_3-2016q1/bin/../lib/gcc/arm-none-eabi/5.3.1/../../../../arm-none-eabi/lib/armv7-m/libc.a(lib_a-strcmp.o)
                              obj_cc26x0-cc13x0/log.o (strcmp)
/opt/gcc-arm-none-eabi-5_3-2016q1/bin/../lib/gcc/arm-none-eabi/5.3.1/../../../../arm-none-eabi/lib/armv7-m/libc.a(lib_a-strlen-stub.o)
                              obj_cc26x0-cc13x0/rf-ble.o (strlen)
/opt/gcc-arm-none-eabi-5_3-2016q1/bin/../lib/gcc/arm-none-eabi/5.3.1/../../../../arm-none-eabi/lib/armv7-m/libc.a(lib_a-strncasecmp.o)
                              obj_cc26x0-cc13x0/resolv.o (strncasecmp)
/opt/gcc-arm-none-eabi-5_3-2016q1/bin/../lib/gcc/arm-none-eabi/5.3.1/../../../../arm-none-eabi/lib/armv7-m/libc.a(lib_a-strncat.o)
                              obj_cc26x0-cc13x0/resolv.o (strncat)
/opt/gcc-arm-none-eabi-5_3-2016q1/bin/../lib/gcc/arm-none-eabi/5.3.1/../../../../arm-none-eabi/lib/armv7-m/libc.a(lib_a-strncmp.o)
                              obj_cc26x0-cc13x0/sensors.o (strncmp)
/opt/gcc-arm-none-eabi-5_3-2016q1/bin/../lib/gcc/arm-none-eabi/5.3.1/../../../../arm-none-eabi/lib/armv7-m/libc.a(lib_a-strncpy.o)
                              obj_cc26x0-cc13x0/resolv.o (strncpy)
/opt/gcc-arm-none-eabi-5_3-2016q1/bin/../lib/gcc/arm-none-eabi/5.3.1/../../../../arm-none-eabi/lib/armv7-m/libc.a(lib_a-freer.o)
                              /opt/gcc-arm-none-eabi-5_3-2016q1/bin/../lib/gcc/arm-none-eabi/5.3.1/../../../../arm-none-eabi/lib/armv7-m/libc.a(lib_a-reent.o) (_free_r)
/opt/gcc-arm-none-eabi-5_3-2016q1/bin/../lib/gcc/arm-none-eabi/5.3.1/../../../../arm-none-eabi/lib/armv7-m/libc.a(lib_a-impure.o)
                              /opt/gcc-arm-none-eabi-5_3-2016q1/bin/../lib/gcc/arm-none-eabi/5.3.1/../../../../arm-none-eabi/lib/armv7-m/libc.a(lib_a-reent.o) (_impure_ptr)
/opt/gcc-arm-none-eabi-5_3-2016q1/bin/../lib/gcc/arm-none-eabi/5.3.1/../../../../arm-none-eabi/lib/armv7-m/libc.a(lib_a-mallocr.o)
                              /opt/gcc-arm-none-eabi-5_3-2016q1/bin/../lib/gcc/arm-none-eabi/5.3.1/../../../../arm-none-eabi/lib/armv7-m/libc.a(lib_a-freer.o) (__malloc_current_mallinfo)
/opt/gcc-arm-none-eabi-5_3-2016q1/bin/../lib/gcc/arm-none-eabi/5.3.1/../../../../arm-none-eabi/lib/armv7-m/libc.a(lib_a-mlock.o)
[...]
Memory Configuration

Name             Origin             Length             Attributes
FLASH            0x00000000         0x0001ffa8         xr
FLASH_CCFG       0x0001ffa8         0x00000058         xr
SRAM             0x20000000         0x00005000         xrw
GPRAM            0x11000000         0x00002000         xrw
*default*        0x00000000         0xffffffff

Linker script and memory map

LOAD obj_cc26x0-cc13x0/fault-handlers.o
LOAD obj_cc26x0-cc13x0/ccfg.o
LOAD obj_cc26x0-cc13x0/startup_gcc.o
LOAD obj_cc26x0-cc13x0/platform.o
LOAD obj_cc26x0-cc13x0/leds-arch.o
LOAD obj_cc26x0-cc13x0/srf06-sensors.o
LOAD obj_cc26x0-cc13x0/board-buttons.o
LOAD obj_cc26x0-cc13x0/board.o
LOAD obj_cc26x0-cc13x0/als-sensor.o
LOAD obj_cc26x0-cc13x0/clock.o
LOAD obj_cc26x0-cc13x0/rtimer-arch.o
LOAD obj_cc26x0-cc13x0/soc-rtc.o
LOAD obj_cc26x0-cc13x0/uart.o
LOAD obj_cc26x0-cc13x0/contiki-watchdog.o
LOAD obj_cc26x0-cc13x0/aux-ctrl.o
LOAD obj_cc26x0-cc13x0/dbg.o
LOAD obj_cc26x0-cc13x0/ieee-addr.o
LOAD obj_cc26x0-cc13x0/batmon-sensor.o
LOAD obj_cc26x0-cc13x0/adc-sensor.o
LOAD obj_cc26x0-cc13x0/slip-arch.o
LOAD obj_cc26x0-cc13x0/slip.o
LOAD obj_cc26x0-cc13x0/cc26xx-uart.o
LOAD obj_cc26x0-cc13x0/lpm.o
LOAD obj_cc26x0-cc13x0/gpio-interrupt.o
LOAD obj_cc26x0-cc13x0/gpio-hal-arch.o
LOAD obj_cc26x0-cc13x0/oscillators.o
LOAD obj_cc26x0-cc13x0/rf-core.o
LOAD obj_cc26x0-cc13x0/rf-ble.o
LOAD obj_cc26x0-cc13x0/ieee-mode.o
LOAD obj_cc26x0-cc13x0/ble-cc2650.o
LOAD obj_cc26x0-cc13x0/ble-hal-cc26xx.o
LOAD obj_cc26x0-cc13x0/ble-addr.o
LOAD obj_cc26x0-cc13x0/rf-ble-cmd.o
LOAD obj_cc26x0-cc13x0/random.o
LOAD obj_cc26x0-cc13x0/soc-trng.o
LOAD obj_cc26x0-cc13x0/int-master.o
LOAD obj_cc26x0-cc13x0/spi-arch.o
LOAD obj_cc26x0-cc13x0/contiki-main.o
LOAD obj_cc26x0-cc13x0/autostart.o
LOAD obj_cc26x0-cc13x0/stimer.o
LOAD obj_cc26x0-cc13x0/log.o
LOAD obj_cc26x0-cc13x0/energest.o
LOAD obj_cc26x0-cc13x0/etimer.o
LOAD obj_cc26x0-cc13x0/node-id.o
LOAD obj_cc26x0-cc13x0/mutex.o
LOAD obj_cc26x0-cc13x0/ctimer.o
LOAD obj_cc26x0-cc13x0/compower.o
LOAD obj_cc26x0-cc13x0/process.o
LOAD obj_cc26x0-cc13x0/rtimer.o
LOAD obj_cc26x0-cc13x0/timer.o
LOAD obj_cc26x0-cc13x0/stack-check.o
LOAD obj_cc26x0-cc13x0/button-hal.o
LOAD obj_cc26x0-cc13x0/serial-line.o
LOAD obj_cc26x0-cc13x0/spi.o
LOAD obj_cc26x0-cc13x0/leds.o
LOAD obj_cc26x0-cc13x0/nullradio.o
LOAD obj_cc26x0-cc13x0/gpio-hal.o
LOAD obj_cc26x0-cc13x0/dbl-circ-list.o
LOAD obj_cc26x0-cc13x0/crc16.o
LOAD obj_cc26x0-cc13x0/ifft.o
LOAD obj_cc26x0-cc13x0/sensors.o
LOAD obj_cc26x0-cc13x0/ccm-star.o
LOAD obj_cc26x0-cc13x0/dbl-list.o
LOAD obj_cc26x0-cc13x0/ringbufindex.o
LOAD obj_cc26x0-cc13x0/list.o
LOAD obj_cc26x0-cc13x0/circular-list.o
LOAD obj_cc26x0-cc13x0/aes-128.o
LOAD obj_cc26x0-cc13x0/trickle-timer.o
LOAD obj_cc26x0-cc13x0/memb.o
LOAD obj_cc26x0-cc13x0/heapmem.o
LOAD obj_cc26x0-cc13x0/assert.o
LOAD obj_cc26x0-cc13x0/ringbuf.o
LOAD obj_cc26x0-cc13x0/queuebuf.o
LOAD obj_cc26x0-cc13x0/nbr-table.o
LOAD obj_cc26x0-cc13x0/packetbuf.o
LOAD obj_cc26x0-cc13x0/netstack.o
LOAD obj_cc26x0-cc13x0/linkaddr.o
LOAD obj_cc26x0-cc13x0/net-debug.o
LOAD obj_cc26x0-cc13x0/link-stats.o
LOAD obj_cc26x0-cc13x0/mac-sequence.o
LOAD obj_cc26x0-cc13x0/mac.o
LOAD obj_cc26x0-cc13x0/frame802154e-ie.o
LOAD obj_cc26x0-cc13x0/framer-802154.o
LOAD obj_cc26x0-cc13x0/nullframer.o
LOAD obj_cc26x0-cc13x0/frame802154.o
LOAD obj_cc26x0-cc13x0/aux_wuc.o
LOAD obj_cc26x0-cc13x0/setup.o
LOAD obj_cc26x0-cc13x0/aux_smph.o
LOAD obj_cc26x0-cc13x0/setup_rom.o
LOAD obj_cc26x0-cc13x0/watchdog.o
LOAD obj_cc26x0-cc13x0/ssi.o
LOAD obj_cc26x0-cc13x0/aon_batmon.o
LOAD obj_cc26x0-cc13x0/ccfgread.o
LOAD obj_cc26x0-cc13x0/i2c.o
LOAD obj_cc26x0-cc13x0/crypto.o
LOAD obj_cc26x0-cc13x0/ioc.o
LOAD obj_cc26x0-cc13x0/rom_crypto.o
LOAD obj_cc26x0-cc13x0/systick.o
LOAD obj_cc26x0-cc13x0/aon_ioc.o
LOAD obj_cc26x0-cc13x0/sys_ctrl.o
LOAD obj_cc26x0-cc13x0/interrupt.o
LOAD obj_cc26x0-cc13x0/aux_tdc.o
LOAD obj_cc26x0-cc13x0/smph.o
LOAD obj_cc26x0-cc13x0/vims.o
LOAD obj_cc26x0-cc13x0/flash.o
LOAD obj_cc26x0-cc13x0/adi.o
LOAD obj_cc26x0-cc13x0/cpu.o
LOAD obj_cc26x0-cc13x0/prcm.o
LOAD obj_cc26x0-cc13x0/udma.o
LOAD obj_cc26x0-cc13x0/event.o
LOAD obj_cc26x0-cc13x0/aon_wuc.o
LOAD obj_cc26x0-cc13x0/osc.o
LOAD obj_cc26x0-cc13x0/pwr_ctrl.o
LOAD obj_cc26x0-cc13x0/aux_adc.o
LOAD obj_cc26x0-cc13x0/trng.o
LOAD obj_cc26x0-cc13x0/chipinfo.o
LOAD obj_cc26x0-cc13x0/aux_timer.o
LOAD obj_cc26x0-cc13x0/gpio.o
LOAD obj_cc26x0-cc13x0/ddi.o
LOAD obj_cc26x0-cc13x0/aon_rtc.o
LOAD obj_cc26x0-cc13x0/driverlib_release.o
LOAD obj_cc26x0-cc13x0/i2s.o
LOAD obj_cc26x0-cc13x0/aon_event.o
LOAD obj_cc26x0-cc13x0/rfc.o
LOAD obj_cc26x0-cc13x0/syscalls.o
LOAD obj_cc26x0-cc13x0/strformat.o
LOAD obj_cc26x0-cc13x0/printf.o
LOAD obj_cc26x0-cc13x0/sprintf.o
LOAD obj_cc26x0-cc13x0/snprintf.o
LOAD obj_cc26x0-cc13x0/puts.o
LOAD obj_cc26x0-cc13x0/putchar.o
LOAD obj_cc26x0-cc13x0/csma-security.o
LOAD obj_cc26x0-cc13x0/anti-replay.o
LOAD obj_cc26x0-cc13x0/csma.o
LOAD obj_cc26x0-cc13x0/csma-output.o
LOAD obj_cc26x0-cc13x0/ccm-star-packetbuf.o
LOAD obj_cc26x0-cc13x0/uipbuf.o
LOAD obj_cc26x0-cc13x0/uip-icmp6.o
LOAD obj_cc26x0-cc13x0/uip-sr.o
LOAD obj_cc26x0-cc13x0/uip-ds6.o
LOAD obj_cc26x0-cc13x0/uip-packetqueue.o
LOAD obj_cc26x0-cc13x0/tcp-socket.o
LOAD obj_cc26x0-cc13x0/uiplib.o
LOAD obj_cc26x0-cc13x0/tcpip.o
LOAD obj_cc26x0-cc13x0/ip64-addr.o
LOAD obj_cc26x0-cc13x0/uip-udp-packet.o
LOAD obj_cc26x0-cc13x0/uip-ds6-route.o
LOAD obj_cc26x0-cc13x0/psock.o
LOAD obj_cc26x0-cc13x0/uip-ds6-nbr.o
LOAD obj_cc26x0-cc13x0/uip6.o
LOAD obj_cc26x0-cc13x0/resolv.o
LOAD obj_cc26x0-cc13x0/uip-nameserver.o
LOAD obj_cc26x0-cc13x0/uip-nd6.o
LOAD obj_cc26x0-cc13x0/udp-socket.o
LOAD obj_cc26x0-cc13x0/simple-udp.o
LOAD obj_cc26x0-cc13x0/sicslowpan.o
LOAD obj_cc26x0-cc13x0/rpl-nbr-policy.o
LOAD obj_cc26x0-cc13x0/rpl-of0.o
LOAD obj_cc26x0-cc13x0/rpl-neighbor.o
LOAD obj_cc26x0-cc13x0/rpl-dag.o
LOAD obj_cc26x0-cc13x0/rpl-timers.o
LOAD obj_cc26x0-cc13x0/rpl-ext-header.o
LOAD obj_cc26x0-cc13x0/rpl.o
LOAD obj_cc26x0-cc13x0/rpl-mrhof.o
LOAD obj_cc26x0-cc13x0/rpl-icmp6.o
LOAD obj_cc26x0-cc13x0/rpl-dag-root.o
LOAD hello-world.o
START GROUP
LOAD /opt/gcc-arm-none-eabi-5_3-2016q1/bin/../lib/gcc/arm-none-eabi/5.3.1/../../../../arm-none-eabi/lib/armv7-m/libm.a
END GROUP
START GROUP
LOAD /opt/gcc-arm-none-eabi-5_3-2016q1/bin/../lib/gcc/arm-none-eabi/5.3.1/armv7-m/libgcc.a
LOAD /opt/gcc-arm-none-eabi-5_3-2016q1/bin/../lib/gcc/arm-none-eabi/5.3.1/../../../../arm-none-eabi/lib/armv7-m/libc.a
END GROUP
                0x20005000                _estack = (ORIGIN (SRAM) + LENGTH (SRAM))
                0x00000000                _Min_Heap_Size = 0x0
                0x00000400                _Min_Stack_Size = 0x400

.text           0x00000000     0xcca4
                0x00000000                _text = .
 *(SORT(.vectors))
 .vectors       0x00000000       0xc8 obj_cc26x0-cc13x0/startup_gcc.o
                0x00000000                g_pfnVectors
 *(SORT(.text*))
 .text.FaultISR
                0x000000c8       0x18 obj_cc26x0-cc13x0/fault-handlers.o
                0x000000c8                FaultISR
 .text.NmiSRHandler
                0x000000e0        0x4 obj_cc26x0-cc13x0/startup_gcc.o
                0x000000e0                NmiSR
 .text.IntDefaultHandler
                0x000000e4        0x4 obj_cc26x0-cc13x0/startup_gcc.o
                0x000000e4                SSI0IntHandler
                0x000000e4                SWEvent0IntHandler
                0x000000e4                uDMAIntHandler
                0x000000e4                WatchdogIntHandler
                0x000000e4                RFCHardwareIntHandler
                0x000000e4                Timer1BIntHandler
                0x000000e4                I2SIntHandler
                0x000000e4                Timer2BIntHandler
                0x000000e4                Timer2AIntHandler
                0x000000e4                Timer1AIntHandler
                0x000000e4                AONIntHandler
                0x000000e4                AUXSWEvent0IntHandler
                0x000000e4                AUXADCIntHandler
                0x000000e4                PendSVIntHandler
                0x000000e4                AUXSWEvent1IntHandler
                0x000000e4                SVCallIntHandler
                0x000000e4                MPUFaultIntHandler
                0x000000e4                SysTickIntHandler
                0x000000e4                BusFaultIntHandler
                0x000000e4                AONProgIntHandler
                0x000000e4                AUXCompAIntHandler
                0x000000e4                SSI1IntHandler
                0x000000e4                FlashIntHandler
                0x000000e4                uDMAErrIntHandler
                0x000000e4                UsageFaultIntHandler
                0x000000e4                RFCCmdAckIntHandler
                0x000000e4                CryptoIntHandler
                0x000000e4                Timer0AIntHandler
                0x000000e4                I2CIntHandler
                0x000000e4                DebugMonIntHandler
                0x000000e4                Timer0BIntHandler
                0x000000e4                AUXCombEventIntHandler
                0x000000e4                Timer3AIntHandler
                0x000000e4                DynProgIntHandler
                0x000000e4                Timer3BIntHandler
 .text.ResetISR
                0x000000e8       0x5c obj_cc26x0-cc13x0/startup_gcc.o
                0x000000e8                ResetISR
 .text.fade     0x00000144       0x64 obj_cc26x0-cc13x0/platform.o
 .text.platform_init_stage_one
                0x000001a8       0x7c obj_cc26x0-cc13x0/platform.o
                0x000001a8                platform_init_stage_one
 .text.platform_init_stage_two
                0x00000224       0x2c obj_cc26x0-cc13x0/platform.o
                0x00000224                platform_init_stage_two
 .text.platform_init_stage_three
                0x00000250       0xd8 obj_cc26x0-cc13x0/platform.o
                0x00000250                platform_init_stage_three
 .text.platform_idle
                0x00000328        0x4 obj_cc26x0-cc13x0/platform.o
                0x00000328                platform_idle
 .text.lpm_handler
                0x0000032c       0x34 obj_cc26x0-cc13x0/board.o
 .text.wakeup_handler
                0x00000360       0x20 obj_cc26x0-cc13x0/board.o
 .text.board_init
                0x00000380       0x70 obj_cc26x0-cc13x0/board.o
                0x00000380                board_init
 .text.status   0x000003f0        0x4 obj_cc26x0-cc13x0/als-sensor.o
 .text.value    0x000003f4       0x24 obj_cc26x0-cc13x0/als-sensor.o
 .text.config   0x00000418       0x88 obj_cc26x0-cc13x0/als-sensor.o
 .text.power_domain_on
                0x000004a0       0x20 obj_cc26x0-cc13x0/clock.o
 .text.clock_init
                0x000004c0       0x98 obj_cc26x0-cc13x0/clock.o
                0x000004c0                clock_init
 .text.clock_time
                0x00000558       0x34 obj_cc26x0-cc13x0/clock.o
                0x00000558                clock_time
 .text.clock_update
                0x0000058c       0x3c obj_cc26x0-cc13x0/clock.o
                0x0000058c                clock_update
 .text.clock_seconds
                0x000005c8       0x18 obj_cc26x0-cc13x0/clock.o
                0x000005c8                clock_seconds
 .text.clock_delay_usec
                0x000005e0       0x84 obj_cc26x0-cc13x0/clock.o
                0x000005e0                clock_delay_usec
 .text.rtimer_arch_init
                0x00000664        0x4 obj_cc26x0-cc13x0/rtimer-arch.o
                0x00000664                rtimer_arch_init
 .text.rtimer_arch_schedule
                0x00000668        0x8 obj_cc26x0-cc13x0/rtimer-arch.o
                0x00000668                rtimer_arch_schedule
 .text.rtimer_arch_now
                0x00000670        0x4 obj_cc26x0-cc13x0/rtimer-arch.o
                0x00000670                rtimer_arch_now
 .text.soc_rtc_init
                0x00000674       0xa0 obj_cc26x0-cc13x0/soc-rtc.o
                0x00000674                soc_rtc_init
 .text.soc_rtc_schedule_one_shot
                0x00000714       0x6c obj_cc26x0-cc13x0/soc-rtc.o
                0x00000714                soc_rtc_schedule_one_shot
 .text.soc_rtc_last_isr_time
                0x00000780        0xc obj_cc26x0-cc13x0/soc-rtc.o
                0x00000780                soc_rtc_last_isr_time
 .text.AONRTCIntHandler
                0x0000078c       0x88 obj_cc26x0-cc13x0/soc-rtc.o
                0x0000078c                AONRTCIntHandler
 .text.watchdog_init
                0x00000814       0x1c obj_cc26x0-cc13x0/contiki-watchdog.o
                0x00000814                watchdog_init
 .text.watchdog_start
                0x00000830       0x68 obj_cc26x0-cc13x0/contiki-watchdog.o
                0x00000830                watchdog_start
 .text.watchdog_periodic
                0x00000898       0x1c obj_cc26x0-cc13x0/contiki-watchdog.o
                0x00000898                watchdog_periodic
 .text.aux_ctrl_power_up
                0x000008b4       0x28 obj_cc26x0-cc13x0/aux-ctrl.o
                0x000008b4                aux_ctrl_power_up
 .text.aux_ctrl_register_consumer
                0x000008dc       0x40 obj_cc26x0-cc13x0/aux-ctrl.o
                0x000008dc                aux_ctrl_register_consumer
 .text.aux_ctrl_power_down
                0x0000091c       0x6c obj_cc26x0-cc13x0/aux-ctrl.o
                0x0000091c                aux_ctrl_power_down
 .text.aux_ctrl_unregister_consumer
                0x00000988       0x28 obj_cc26x0-cc13x0/aux-ctrl.o
                0x00000988                aux_ctrl_unregister_consumer
 .text.dbg_send_bytes
                0x000009b0       0x40 obj_cc26x0-cc13x0/dbg.o
                0x000009b0                dbg_send_bytes
 .text.ieee_addr_cpy_to
                0x000009f0       0x40 obj_cc26x0-cc13x0/ieee-addr.o
                0x000009f0                ieee_addr_cpy_to
 .text.power_and_clock
                0x00000a30       0x40 obj_cc26x0-cc13x0/cc26xx-uart.o
 .text.enable   0x00000a70       0xf0 obj_cc26x0-cc13x0/cc26xx-uart.o
 .text.accessible
                0x00000b60       0x24 obj_cc26x0-cc13x0/cc26xx-uart.o
 .text.lpm_drop_handler
                0x00000b84       0xcc obj_cc26x0-cc13x0/cc26xx-uart.o
 .text.cc26xx_uart_init
                0x00000c50       0x28 obj_cc26x0-cc13x0/cc26xx-uart.o
                0x00000c50                cc26xx_uart_init
 .text.cc26xx_uart_write_byte
                0x00000c78       0x28 obj_cc26x0-cc13x0/cc26xx-uart.o
                0x00000c78                cc26xx_uart_write_byte
 .text.cc26xx_uart_busy
                0x00000ca0       0x18 obj_cc26x0-cc13x0/cc26xx-uart.o
                0x00000ca0                cc26xx_uart_busy
 .text.UART0IntHandler
                0x00000cb8       0x54 obj_cc26x0-cc13x0/cc26xx-uart.o
                0x00000cb8                UART0IntHandler
 .text.lpm_sleep
                0x00000d0c       0x14 obj_cc26x0-cc13x0/lpm.o
                0x00000d0c                lpm_sleep
 .text.lpm_drop
                0x00000d20      0x258 obj_cc26x0-cc13x0/lpm.o
                0x00000d20                lpm_drop
 .text.lpm_register_module
                0x00000f78        0xc obj_cc26x0-cc13x0/lpm.o
                0x00000f78                lpm_register_module
 .text.lpm_unregister_module
                0x00000f84        0xc obj_cc26x0-cc13x0/lpm.o
                0x00000f84                lpm_unregister_module
 .text.lpm_init
                0x00000f90       0x20 obj_cc26x0-cc13x0/lpm.o
                0x00000f90                lpm_init
 .text.lpm_pin_set_default_state
                0x00000fb0       0x2c obj_cc26x0-cc13x0/lpm.o
                0x00000fb0                lpm_pin_set_default_state
 .text.GPIOIntHandler
                0x00000fdc       0x10 obj_cc26x0-cc13x0/gpio-interrupt.o
                0x00000fdc                GPIOIntHandler
 .text.gpio_hal_arch_pin_cfg_set
                0x00000fec       0x7c obj_cc26x0-cc13x0/gpio-hal-arch.o
                0x00000fec                gpio_hal_arch_pin_cfg_set
 .text.gpio_hal_arch_read_pin
                0x00001068       0x28 obj_cc26x0-cc13x0/gpio-hal-arch.o
                0x00001068                gpio_hal_arch_read_pin
 .text.oscillators_select_lf_xosc
                0x00001090       0x50 obj_cc26x0-cc13x0/oscillators.o
                0x00001090                oscillators_select_lf_xosc
 .text.oscillators_request_hf_xosc
                0x000010e0       0x30 obj_cc26x0-cc13x0/oscillators.o
                0x000010e0                oscillators_request_hf_xosc
 .text.oscillators_switch_to_hf_xosc
                0x00001110       0x34 obj_cc26x0-cc13x0/oscillators.o
                0x00001110                oscillators_switch_to_hf_xosc
 .text.oscillators_switch_to_hf_rc
                0x00001144       0x38 obj_cc26x0-cc13x0/oscillators.o
                0x00001144                oscillators_switch_to_hf_rc
 .text.process_thread_rf_core_process
                0x0000117c       0x58 obj_cc26x0-cc13x0/rf-core.o
 .text.rf_core_is_accessible
                0x000011d4       0x10 obj_cc26x0-cc13x0/rf-core.o
                0x000011d4                rf_core_is_accessible
 .text.rf_core_send_cmd
                0x000011e4       0x94 obj_cc26x0-cc13x0/rf-core.o
                0x000011e4                rf_core_send_cmd
 .text.rf_core_wait_cmd_done
                0x00001278       0x30 obj_cc26x0-cc13x0/rf-core.o
                0x00001278                rf_core_wait_cmd_done
 .text.rf_core_power_up
                0x000012a8       0xcc obj_cc26x0-cc13x0/rf-core.o
                0x000012a8                rf_core_power_up
 .text.rf_core_start_rat
                0x00001374       0x70 obj_cc26x0-cc13x0/rf-core.o
                0x00001374                rf_core_start_rat
 .text.rf_core_stop_rat
                0x000013e4       0x88 obj_cc26x0-cc13x0/rf-core.o
                0x000013e4                rf_core_stop_rat
 .text.rf_core_power_down
                0x0000146c       0xf4 obj_cc26x0-cc13x0/rf-core.o
                0x0000146c                rf_core_power_down
 .text.rf_core_set_modesel
                0x00001560       0x44 obj_cc26x0-cc13x0/rf-core.o
                0x00001560                rf_core_set_modesel
 .text.rf_core_boot
                0x000015a4       0x1c obj_cc26x0-cc13x0/rf-core.o
                0x000015a4                rf_core_boot
 .text.rf_core_restart_rat
                0x000015c0       0x18 obj_cc26x0-cc13x0/rf-core.o
                0x000015c0                rf_core_restart_rat
 .text.rf_core_setup_interrupts
                0x000015d8       0x80 obj_cc26x0-cc13x0/rf-core.o
                0x000015d8                rf_core_setup_interrupts
 .text.rf_core_cmd_done_en
                0x00001658       0x3c obj_cc26x0-cc13x0/rf-core.o
                0x00001658                rf_core_cmd_done_en
 .text.rf_core_cmd_done_dis
                0x00001694       0x20 obj_cc26x0-cc13x0/rf-core.o
                0x00001694                rf_core_cmd_done_dis
 .text.rf_core_get_last_radio_op
                0x000016b4        0xc obj_cc26x0-cc13x0/rf-core.o
                0x000016b4                rf_core_get_last_radio_op
 .text.rf_core_init_radio_op
                0x000016c0       0x1c obj_cc26x0-cc13x0/rf-core.o
                0x000016c0                rf_core_init_radio_op
 .text.rf_core_primary_mode_register
                0x000016dc        0xc obj_cc26x0-cc13x0/rf-core.o
                0x000016dc                rf_core_primary_mode_register
 .text.rf_core_rat_init
                0x000016e8       0x2c obj_cc26x0-cc13x0/rf-core.o
                0x000016e8                rf_core_rat_init
 .text.rf_core_check_rat_overflow
                0x00001714       0x70 obj_cc26x0-cc13x0/rf-core.o
                0x00001714                rf_core_check_rat_overflow
 .text.rat_overflow_check_timer_cb
                0x00001784       0x60 obj_cc26x0-cc13x0/rf-core.o
 .text.rf_core_convert_rat_to_rtimer
                0x000017e4       0xa0 obj_cc26x0-cc13x0/rf-core.o
                0x000017e4                rf_core_convert_rat_to_rtimer
 .text.RFCCPE1IntHandler
                0x00001884       0x54 obj_cc26x0-cc13x0/rf-core.o
                0x00001884                RFCCPE1IntHandler
 .text.RFCCPE0IntHandler
                0x000018d8       0x5c obj_cc26x0-cc13x0/rf-core.o
                0x000018d8                RFCCPE0IntHandler
 .text.rf_ble_is_active
                0x00001934        0xc obj_cc26x0-cc13x0/rf-ble.o
                0x00001934                rf_ble_is_active
 .text.rf_is_on
                0x00001940       0x1c obj_cc26x0-cc13x0/ieee-mode.o
 .text.request  0x0000195c       0x20 obj_cc26x0-cc13x0/ieee-mode.o
 .text.rx_on    0x0000197c       0x64 obj_cc26x0-cc13x0/ieee-mode.o
 .text.prepare  0x000019e0       0x1c obj_cc26x0-cc13x0/ieee-mode.o
 .text.rf_radio_setup
                0x000019fc       0x64 obj_cc26x0-cc13x0/ieee-mode.o
 .text.soft_on  0x00001a60       0x18 obj_cc26x0-cc13x0/ieee-mode.o
 .text.pending_packet
                0x00001a78       0x48 obj_cc26x0-cc13x0/ieee-mode.o
 .text.soft_off
                0x00001ac0       0x54 obj_cc26x0-cc13x0/ieee-mode.o
 .text.get_object
                0x00001b14       0x4c obj_cc26x0-cc13x0/ieee-mode.o
 .text.transmitting.part.1
                0x00001b60       0x48 obj_cc26x0-cc13x0/ieee-mode.o
 .text.rx_off   0x00001ba8       0x94 obj_cc26x0-cc13x0/ieee-mode.o
 .text.set_object
                0x00001c3c       0x60 obj_cc26x0-cc13x0/ieee-mode.o
 .text.get_cca_info
                0x00001c9c       0x60 obj_cc26x0-cc13x0/ieee-mode.o
 .text.receiving_packet
                0x00001cfc       0x3c obj_cc26x0-cc13x0/ieee-mode.o
 .text.off.part.6
                0x00001d38       0x84 obj_cc26x0-cc13x0/ieee-mode.o
 .text.off      0x00001dbc       0x14 obj_cc26x0-cc13x0/ieee-mode.o
 .text.on       0x00001dd0       0x98 obj_cc26x0-cc13x0/ieee-mode.o
 .text.set_value
                0x00001e68      0x188 obj_cc26x0-cc13x0/ieee-mode.o
 .text.get_value
                0x00001ff0      0x1b8 obj_cc26x0-cc13x0/ieee-mode.o
 .text.transmit
                0x000021a8      0x104 obj_cc26x0-cc13x0/ieee-mode.o
 .text.send     0x000022ac       0x24 obj_cc26x0-cc13x0/ieee-mode.o
 .text.channel_clear
                0x000022d0       0x9c obj_cc26x0-cc13x0/ieee-mode.o
 .text.read_frame
                0x0000236c       0xec obj_cc26x0-cc13x0/ieee-mode.o
 .text.init     0x00002458      0x150 obj_cc26x0-cc13x0/ieee-mode.o
 .text.random_rand
                0x000025a8        0xc obj_cc26x0-cc13x0/random.o
                0x000025a8                random_rand
 .text.random_init
                0x000025b4        0x4 obj_cc26x0-cc13x0/random.o
                0x000025b4                random_init
 .text.power_up
                0x000025b8       0x40 obj_cc26x0-cc13x0/soc-trng.o
 .text.request  0x000025f8       0x14 obj_cc26x0-cc13x0/soc-trng.o
 .text.process_thread_soc_trng_process
                0x0000260c       0x94 obj_cc26x0-cc13x0/soc-trng.o
 .text.accessible
                0x000026a0       0x24 obj_cc26x0-cc13x0/soc-trng.o
 .text.soc_trng_rand_synchronous
                0x000026c4       0xc4 obj_cc26x0-cc13x0/soc-trng.o
                0x000026c4                soc_trng_rand_synchronous
 .text.TRNGIntHandler
                0x00002788       0x50 obj_cc26x0-cc13x0/soc-trng.o
                0x00002788                TRNGIntHandler
 .text.soc_trng_init
                0x000027d8       0x28 obj_cc26x0-cc13x0/soc-trng.o
                0x000027d8                soc_trng_init
 .text.int_master_read_and_disable
                0x00002800       0x10 obj_cc26x0-cc13x0/int-master.o
                0x00002800                int_master_read_and_disable
 .text.int_master_status_set
                0x00002810        0x8 obj_cc26x0-cc13x0/int-master.o
                0x00002810                int_master_status_set
 .text.startup.main
                0x00002818      0x1fc obj_cc26x0-cc13x0/contiki-main.o
                0x00002818                main
 .text.autostart_start
                0x00002a14       0x18 obj_cc26x0-cc13x0/autostart.o
                0x00002a14                autostart_start
 .text.stimer_set
                0x00002a2c       0x10 obj_cc26x0-cc13x0/stimer.o
                0x00002a2c                stimer_set
 .text.stimer_expired
                0x00002a3c       0x20 obj_cc26x0-cc13x0/stimer.o
                0x00002a3c                stimer_expired
 .text.log_6addr
                0x00002a5c       0x20 obj_cc26x0-cc13x0/log.o
                0x00002a5c                log_6addr
 .text.log_lladdr
                0x00002a7c       0x54 obj_cc26x0-cc13x0/log.o
                0x00002a7c                log_lladdr
 .text.energest_init
                0x00002ad0        0x4 obj_cc26x0-cc13x0/energest.o
                0x00002ad0                energest_init
 .text.update_time
                0x00002ad4       0x44 obj_cc26x0-cc13x0/etimer.o
 .text.process_thread_etimer_process
                0x00002b18       0xc8 obj_cc26x0-cc13x0/etimer.o
 .text.add_timer
                0x00002be0       0x54 obj_cc26x0-cc13x0/etimer.o
 .text.etimer_request_poll
                0x00002c34        0xc obj_cc26x0-cc13x0/etimer.o
                0x00002c34                etimer_request_poll
 .text.etimer_set
                0x00002c40       0x14 obj_cc26x0-cc13x0/etimer.o
                0x00002c40                etimer_set
 .text.etimer_reset
                0x00002c54       0x14 obj_cc26x0-cc13x0/etimer.o
                0x00002c54                etimer_reset
 .text.etimer_expired
                0x00002c68        0xc obj_cc26x0-cc13x0/etimer.o
                0x00002c68                etimer_expired
 .text.etimer_pending
                0x00002c74       0x10 obj_cc26x0-cc13x0/etimer.o
                0x00002c74                etimer_pending
 .text.etimer_next_expiration_time
                0x00002c84       0x14 obj_cc26x0-cc13x0/etimer.o
                0x00002c84                etimer_next_expiration_time
 .text.etimer_stop
                0x00002c98       0x44 obj_cc26x0-cc13x0/etimer.o
                0x00002c98                etimer_stop
 .text.node_id_init
                0x00002cdc       0x18 obj_cc26x0-cc13x0/node-id.o
                0x00002cdc                node_id_init
 .text.process_thread_ctimer_process
                0x00002cf4       0x94 obj_cc26x0-cc13x0/ctimer.o
 .text.ctimer_init
                0x00002d88       0x28 obj_cc26x0-cc13x0/ctimer.o
                0x00002d88                ctimer_init
 .text.ctimer_set_with_process
                0x00002db0       0x4c obj_cc26x0-cc13x0/ctimer.o
                0x00002db0                ctimer_set_with_process
 .text.ctimer_set
                0x00002dfc       0x18 obj_cc26x0-cc13x0/ctimer.o
                0x00002dfc                ctimer_set
 .text.ctimer_reset
                0x00002e14       0x38 obj_cc26x0-cc13x0/ctimer.o
                0x00002e14                ctimer_reset
 .text.ctimer_stop
                0x00002e4c       0x34 obj_cc26x0-cc13x0/ctimer.o
                0x00002e4c                ctimer_stop
 .text.ctimer_expired
                0x00002e80       0x40 obj_cc26x0-cc13x0/ctimer.o
                0x00002e80                ctimer_expired
 .text.exit_process
                0x00002ec0       0xb0 obj_cc26x0-cc13x0/process.o
 .text.call_process.part.0
                0x00002f70       0x38 obj_cc26x0-cc13x0/process.o
 .text.do_poll  0x00002fa8       0x3c obj_cc26x0-cc13x0/process.o
 .text.process_alloc_event
                0x00002fe4       0x10 obj_cc26x0-cc13x0/process.o
                0x00002fe4                process_alloc_event
 .text.process_start
                0x00002ff4       0x48 obj_cc26x0-cc13x0/process.o
                0x00002ff4                process_start
 .text.process_init
                0x0000303c       0x34 obj_cc26x0-cc13x0/process.o
                0x0000303c                process_init
 .text.process_run
                0x00003070       0xa8 obj_cc26x0-cc13x0/process.o
                0x00003070                process_run
 .text.process_nevents
                0x00003118       0x14 obj_cc26x0-cc13x0/process.o
                0x00003118                process_nevents
 .text.process_post
                0x0000312c       0x40 obj_cc26x0-cc13x0/process.o
                0x0000312c                process_post
 .text.process_post_synch
                0x0000316c       0x18 obj_cc26x0-cc13x0/process.o
                0x0000316c                process_post_synch
 .text.process_poll
                0x00003184       0x18 obj_cc26x0-cc13x0/process.o
                0x00003184                process_poll
 .text.rtimer_init
                0x0000319c        0x4 obj_cc26x0-cc13x0/rtimer.o
                0x0000319c                rtimer_init
 .text.rtimer_run_next
                0x000031a0       0x28 obj_cc26x0-cc13x0/rtimer.o
                0x000031a0                rtimer_run_next
 .text.timer_set
                0x000031c8       0x10 obj_cc26x0-cc13x0/timer.o
                0x000031c8                timer_set
 .text.timer_reset
                0x000031d8       0x1c obj_cc26x0-cc13x0/timer.o
                0x000031d8                timer_reset
 .text.timer_expired
                0x000031f4       0x1c obj_cc26x0-cc13x0/timer.o
                0x000031f4                timer_expired
 .text.stack_check_init
                0x00003210       0x2c obj_cc26x0-cc13x0/stack-check.o
                0x00003210                stack_check_init
 .text.stack_check_get_usage
                0x0000323c       0x58 obj_cc26x0-cc13x0/stack-check.o
                0x0000323c                stack_check_get_usage
 .text.process_thread_stack_check_process
                0x00003294       0x90 obj_cc26x0-cc13x0/stack-check.o
 .text.duration_exceeded_callback
                0x00003324       0x34 obj_cc26x0-cc13x0/button-hal.o
 .text.process_thread_button_hal_process
                0x00003358       0x7c obj_cc26x0-cc13x0/button-hal.o
 .text.press_release_handler
                0x000033d4       0x18 obj_cc26x0-cc13x0/button-hal.o
 .text.button_hal_get_state
                0x000033ec       0x24 obj_cc26x0-cc13x0/button-hal.o
                0x000033ec                button_hal_get_state
 .text.debounce_handler
                0x00003410       0x74 obj_cc26x0-cc13x0/button-hal.o
 .text.button_hal_init
                0x00003484       0xb4 obj_cc26x0-cc13x0/button-hal.o
                0x00003484                button_hal_init
 .text.process_thread_serial_line_process
                0x00003538       0xa8 obj_cc26x0-cc13x0/serial-line.o
 .text.serial_line_init
                0x000035e0       0x24 obj_cc26x0-cc13x0/serial-line.o
                0x000035e0                serial_line_init
 .text.leds_init
                0x00003604       0x64 obj_cc26x0-cc13x0/leds.o
                0x00003604                leds_init
 .text.leds_on  0x00003668       0x4c obj_cc26x0-cc13x0/leds.o
                0x00003668                leds_on
 .text.leds_off
                0x000036b4       0x4c obj_cc26x0-cc13x0/leds.o
                0x000036b4                leds_off
 .text.gpio_hal_register_handler
                0x00003700        0xc obj_cc26x0-cc13x0/gpio-hal.o
                0x00003700                gpio_hal_register_handler
 .text.gpio_hal_event_handler
                0x0000370c       0x28 obj_cc26x0-cc13x0/gpio-hal.o
                0x0000370c                gpio_hal_event_handler
 .text.gpio_hal_init
                0x00003734        0xc obj_cc26x0-cc13x0/gpio-hal.o
                0x00003734                gpio_hal_init
 .text.process_thread_sensors_process
                0x00003740       0xf8 obj_cc26x0-cc13x0/sensors.o
 .text.list_init
                0x00003838        0x8 obj_cc26x0-cc13x0/list.o
                0x00003838                list_init
 .text.list_head
                0x00003840        0x4 obj_cc26x0-cc13x0/list.o
                0x00003840                list_head
 .text.list_add
                0x00003844       0x5c obj_cc26x0-cc13x0/list.o
                0x00003844                list_add
 .text.list_push
                0x000038a0       0x48 obj_cc26x0-cc13x0/list.o
                0x000038a0                list_push
 .text.list_remove
                0x000038e8       0x38 obj_cc26x0-cc13x0/list.o
                0x000038e8                list_remove
 .text.list_length
                0x00003920       0x14 obj_cc26x0-cc13x0/list.o
                0x00003920                list_length
 .text.list_item_next
                0x00003934        0x8 obj_cc26x0-cc13x0/list.o
                0x00003934                list_item_next
 .text.memb_init
                0x0000393c       0x24 obj_cc26x0-cc13x0/memb.o
                0x0000393c                memb_init
 .text.memb_alloc
                0x00003960       0x3c obj_cc26x0-cc13x0/memb.o
                0x00003960                memb_alloc
 .text.memb_free
                0x0000399c       0x3c obj_cc26x0-cc13x0/memb.o
                0x0000399c                memb_free
 .text.memb_inmemb
                0x000039d8       0x1c obj_cc26x0-cc13x0/memb.o
                0x000039d8                memb_inmemb
 .text.memb_numfree
                0x000039f4       0x1c obj_cc26x0-cc13x0/memb.o
                0x000039f4                memb_numfree
 .text.ringbuf_init
                0x00003a10       0x10 obj_cc26x0-cc13x0/ringbuf.o
                0x00003a10                ringbuf_init
 .text.ringbuf_get
                0x00003a20       0x24 obj_cc26x0-cc13x0/ringbuf.o
                0x00003a20                ringbuf_get
 .text.queuebuf_init
                0x00003a44       0x1c obj_cc26x0-cc13x0/queuebuf.o
                0x00003a44                queuebuf_init
 .text.queuebuf_numfree
                0x00003a60        0xc obj_cc26x0-cc13x0/queuebuf.o
                0x00003a60                queuebuf_numfree
 .text.queuebuf_new_from_packetbuf
                0x00003a6c       0x48 obj_cc26x0-cc13x0/queuebuf.o
                0x00003a6c                queuebuf_new_from_packetbuf
 .text.queuebuf_update_attr_from_packetbuf
                0x00003ab4        0xc obj_cc26x0-cc13x0/queuebuf.o
                0x00003ab4                queuebuf_update_attr_from_packetbuf
 .text.queuebuf_free
                0x00003ac0       0x2c obj_cc26x0-cc13x0/queuebuf.o
                0x00003ac0                queuebuf_free
 .text.queuebuf_to_packetbuf
                0x00003aec       0x30 obj_cc26x0-cc13x0/queuebuf.o
                0x00003aec                queuebuf_to_packetbuf
 .text.queuebuf_attr
                0x00003b1c        0xc obj_cc26x0-cc13x0/queuebuf.o
                0x00003b1c                queuebuf_attr
 .text.index_from_lladdr
                0x00003b28       0x50 obj_cc26x0-cc13x0/nbr-table.o
 .text.nbr_table_register
                0x00003b78       0x44 obj_cc26x0-cc13x0/nbr-table.o
                0x00003b78                nbr_table_register
 .text.nbr_table_next
                0x00003bbc       0x7c obj_cc26x0-cc13x0/nbr-table.o
                0x00003bbc                nbr_table_next
 .text.nbr_table_head
                0x00003c38       0x70 obj_cc26x0-cc13x0/nbr-table.o
                0x00003c38                nbr_table_head
 .text.nbr_table_add_lladdr
                0x00003ca8      0x1fc obj_cc26x0-cc13x0/nbr-table.o
                0x00003ca8                nbr_table_add_lladdr
 .text.nbr_table_get_from_lladdr
                0x00003ea4       0x44 obj_cc26x0-cc13x0/nbr-table.o
                0x00003ea4                nbr_table_get_from_lladdr
 .text.nbr_table_remove
                0x00003ee8       0x5c obj_cc26x0-cc13x0/nbr-table.o
                0x00003ee8                nbr_table_remove
 .text.nbr_table_lock
                0x00003f44       0x34 obj_cc26x0-cc13x0/nbr-table.o
                0x00003f44                nbr_table_lock
 .text.nbr_table_unlock
                0x00003f78       0x38 obj_cc26x0-cc13x0/nbr-table.o
                0x00003f78                nbr_table_unlock
 .text.nbr_table_get_lladdr
                0x00003fb0       0x30 obj_cc26x0-cc13x0/nbr-table.o
                0x00003fb0                nbr_table_get_lladdr
 .text.packetbuf_copyto
                0x00003fe0       0x4c obj_cc26x0-cc13x0/packetbuf.o
                0x00003fe0                packetbuf_copyto
 .text.packetbuf_hdralloc
                0x0000402c       0x54 obj_cc26x0-cc13x0/packetbuf.o
                0x0000402c                packetbuf_hdralloc
 .text.packetbuf_hdrreduce
                0x00004080       0x2c obj_cc26x0-cc13x0/packetbuf.o
                0x00004080                packetbuf_hdrreduce
 .text.packetbuf_set_datalen
                0x000040ac        0xc obj_cc26x0-cc13x0/packetbuf.o
                0x000040ac                packetbuf_set_datalen
 .text.packetbuf_dataptr
                0x000040b8       0x20 obj_cc26x0-cc13x0/packetbuf.o
                0x000040b8                packetbuf_dataptr
 .text.packetbuf_hdrptr
                0x000040d8        0x8 obj_cc26x0-cc13x0/packetbuf.o
                0x000040d8                packetbuf_hdrptr
 .text.packetbuf_datalen
                0x000040e0        0xc obj_cc26x0-cc13x0/packetbuf.o
                0x000040e0                packetbuf_datalen
 .text.packetbuf_totlen
                0x000040ec       0x24 obj_cc26x0-cc13x0/packetbuf.o
                0x000040ec                packetbuf_totlen
 .text.packetbuf_attr_clear
                0x00004110       0x34 obj_cc26x0-cc13x0/packetbuf.o
                0x00004110                packetbuf_attr_clear
 .text.packetbuf_clear
                0x00004144       0x20 obj_cc26x0-cc13x0/packetbuf.o
                0x00004144                packetbuf_clear
 .text.packetbuf_copyfrom
                0x00004164       0x40 obj_cc26x0-cc13x0/packetbuf.o
                0x00004164                packetbuf_copyfrom
 .text.packetbuf_attr_copyto
                0x000041a4       0x24 obj_cc26x0-cc13x0/packetbuf.o
                0x000041a4                packetbuf_attr_copyto
 .text.packetbuf_attr_copyfrom
                0x000041c8       0x24 obj_cc26x0-cc13x0/packetbuf.o
                0x000041c8                packetbuf_attr_copyfrom
 .text.packetbuf_set_attr
                0x000041ec       0x10 obj_cc26x0-cc13x0/packetbuf.o
                0x000041ec                packetbuf_set_attr
 .text.packetbuf_attr
                0x000041fc        0xc obj_cc26x0-cc13x0/packetbuf.o
                0x000041fc                packetbuf_attr
 .text.packetbuf_set_addr
                0x00004208       0x18 obj_cc26x0-cc13x0/packetbuf.o
                0x00004208                packetbuf_set_addr
 .text.packetbuf_addr
                0x00004220       0x10 obj_cc26x0-cc13x0/packetbuf.o
                0x00004220                packetbuf_addr
 .text.packetbuf_holds_broadcast
                0x00004230       0x10 obj_cc26x0-cc13x0/packetbuf.o
                0x00004230                packetbuf_holds_broadcast
 .text.netstack_process_ip_callback
                0x00004240       0x44 obj_cc26x0-cc13x0/netstack.o
                0x00004240                netstack_process_ip_callback
 .text.netstack_init
                0x00004284       0x24 obj_cc26x0-cc13x0/netstack.o
                0x00004284                netstack_init
 .text.linkaddr_copy
                0x000042a8        0x8 obj_cc26x0-cc13x0/linkaddr.o
                0x000042a8                linkaddr_copy
 .text.linkaddr_cmp
                0x000042b0       0x10 obj_cc26x0-cc13x0/linkaddr.o
                0x000042b0                linkaddr_cmp
 .text.periodic
                0x000042c0       0x2c obj_cc26x0-cc13x0/link-stats.o
 .text.link_stats_from_lladdr
                0x000042ec        0xc obj_cc26x0-cc13x0/link-stats.o
                0x000042ec                link_stats_from_lladdr
 .text.link_stats_is_fresh
                0x000042f8       0x28 obj_cc26x0-cc13x0/link-stats.o
                0x000042f8                link_stats_is_fresh
 .text.link_stats_packet_sent
                0x00004320       0xf8 obj_cc26x0-cc13x0/link-stats.o
                0x00004320                link_stats_packet_sent
 .text.link_stats_input_callback
                0x00004418       0x88 obj_cc26x0-cc13x0/link-stats.o
                0x00004418                link_stats_input_callback
 .text.link_stats_reset
                0x000044a0       0x28 obj_cc26x0-cc13x0/link-stats.o
                0x000044a0                link_stats_reset
 .text.link_stats_init
                0x000044c8       0x28 obj_cc26x0-cc13x0/link-stats.o
                0x000044c8                link_stats_init
 .text.mac_sequence_is_duplicate
                0x000044f0       0x4c obj_cc26x0-cc13x0/mac-sequence.o
                0x000044f0                mac_sequence_is_duplicate
 .text.mac_sequence_register_seqno
                0x0000453c       0x70 obj_cc26x0-cc13x0/mac-sequence.o
                0x0000453c                mac_sequence_register_seqno
 .text.mac_call_sent_callback
                0x000045ac       0x18 obj_cc26x0-cc13x0/mac.o
                0x000045ac                mac_call_sent_callback
 .text.parse    0x000045c4       0x98 obj_cc26x0-cc13x0/framer-802154.o
 .text.framer_802154_setup_params
                0x0000465c       0x80 obj_cc26x0-cc13x0/framer-802154.o
                0x0000465c                framer_802154_setup_params
 .text.create_frame
                0x000046dc       0xe0 obj_cc26x0-cc13x0/framer-802154.o
 .text.create   0x000047bc        0x8 obj_cc26x0-cc13x0/framer-802154.o
 .text.hdr_length
                0x000047c4        0x8 obj_cc26x0-cc13x0/framer-802154.o
 .text.frame802154_get_pan_id
                0x000047cc        0xc obj_cc26x0-cc13x0/frame802154.o
                0x000047cc                frame802154_get_pan_id
 .text.frame802154_has_panid
                0x000047d8       0xac obj_cc26x0-cc13x0/frame802154.o
                0x000047d8                frame802154_has_panid
 .text.field_len
                0x00004884       0x8c obj_cc26x0-cc13x0/frame802154.o
 .text.frame802154_is_broadcast_addr
                0x00004910       0x20 obj_cc26x0-cc13x0/frame802154.o
                0x00004910                frame802154_is_broadcast_addr
 .text.frame802154_hdrlen
                0x00004930       0x34 obj_cc26x0-cc13x0/frame802154.o
                0x00004930                frame802154_hdrlen
 .text.frame802154_create_fcf
                0x00004964       0x64 obj_cc26x0-cc13x0/frame802154.o
                0x00004964                frame802154_create_fcf
 .text.frame802154_create
                0x000049c8       0xbc obj_cc26x0-cc13x0/frame802154.o
                0x000049c8                frame802154_create
 .text.frame802154_parse_fcf
                0x00004a84       0x64 obj_cc26x0-cc13x0/frame802154.o
                0x00004a84                frame802154_parse_fcf
 .text.frame802154_parse
                0x00004ae8      0x138 obj_cc26x0-cc13x0/frame802154.o
                0x00004ae8                frame802154_parse
 .text.TrimAfterColdResetWakeupFromShutDown
                0x00004c20       0xe4 obj_cc26x0-cc13x0/setup.o
 .text.NOROM_SetupTrimDevice
                0x00004d04       0xa4 obj_cc26x0-cc13x0/setup.o
                0x00004d04                NOROM_SetupTrimDevice
 .text.NOROM_SetupGetTrimForXoscHfCtl.part.3
                0x00004da8       0x20 obj_cc26x0-cc13x0/setup_rom.o
 .text.NOROM_SetupGetTrimForRadcExtCfg.part.4
                0x00004dc8       0x1c obj_cc26x0-cc13x0/setup_rom.o
 .text.NOROM_SetupAfterColdResetWakeupFromShutDownCfg1
                0x00004de4       0x7c obj_cc26x0-cc13x0/setup_rom.o
                0x00004de4                NOROM_SetupAfterColdResetWakeupFromShutDownCfg1
 .text.NOROM_SetupAfterColdResetWakeupFromShutDownCfg3
                0x00004e60      0x1a0 obj_cc26x0-cc13x0/setup_rom.o
                0x00004e60                NOROM_SetupAfterColdResetWakeupFromShutDownCfg3
 .text.NOROM_SetupGetTrimForAnabypassValue1
                0x00005000       0x64 obj_cc26x0-cc13x0/setup_rom.o
                0x00005000                NOROM_SetupGetTrimForAnabypassValue1
 .text.NOROM_SetupGetTrimForAmpcompCtrl
                0x00005064       0x74 obj_cc26x0-cc13x0/setup_rom.o
                0x00005064                NOROM_SetupGetTrimForAmpcompCtrl
 .text.NOROM_SetupAfterColdResetWakeupFromShutDownCfg2
                0x000050d8      0x194 obj_cc26x0-cc13x0/setup_rom.o
                0x000050d8                NOROM_SetupAfterColdResetWakeupFromShutDownCfg2
 .text.NOROM_SetupSetCacheModeAccordingToCcfgSetting
                0x0000526c       0x68 obj_cc26x0-cc13x0/setup_rom.o
                0x0000526c                NOROM_SetupSetCacheModeAccordingToCcfgSetting
 .text.NOROM_AONBatMonTemperatureGetDegC
                0x000052d4       0x30 obj_cc26x0-cc13x0/aon_batmon.o
                0x000052d4                NOROM_AONBatMonTemperatureGetDegC
 .text.NOROM_SysCtrlSetRechargeBeforePowerDown
                0x00005304      0x264 obj_cc26x0-cc13x0/sys_ctrl.o
                0x00005304                NOROM_SysCtrlSetRechargeBeforePowerDown
 .text.NOROM_SysCtrlAdjustRechargeAfterPowerDown
                0x00005568       0x70 obj_cc26x0-cc13x0/sys_ctrl.o
                0x00005568                NOROM_SysCtrlAdjustRechargeAfterPowerDown
 .text.NOROM_SysCtrl_DCDC_VoltageConditionalControl
                0x000055d8       0x7c obj_cc26x0-cc13x0/sys_ctrl.o
                0x000055d8                NOROM_SysCtrl_DCDC_VoltageConditionalControl
 .text.SafeHapiVoid
                0x00005654       0x2c obj_cc26x0-cc13x0/adi.o
                0x00005654                SafeHapiVoid
 .text.SafeHapiAuxAdiSelect
                0x00005680       0x30 obj_cc26x0-cc13x0/adi.o
                0x00005680                SafeHapiAuxAdiSelect
 .text.NOROM_CPUcpsid
                0x000056b0        0x8 obj_cc26x0-cc13x0/cpu.o
                0x000056b0                NOROM_CPUcpsid
 .text.NOROM_CPUcpsie
                0x000056b8        0x8 obj_cc26x0-cc13x0/cpu.o
                0x000056b8                NOROM_CPUcpsie
 .text.NOROM_OSCClockSourceSet
                0x000056c0       0x50 obj_cc26x0-cc13x0/osc.o
                0x000056c0                NOROM_OSCClockSourceSet
 .text.NOROM_OSCClockSourceGet
                0x00005710       0x20 obj_cc26x0-cc13x0/osc.o
                0x00005710                NOROM_OSCClockSourceGet
 .text.NOROM_PowerCtrlSourceSet
                0x00005730       0x30 obj_cc26x0-cc13x0/pwr_ctrl.o
                0x00005730                NOROM_PowerCtrlSourceSet
 .text.NOROM_AUXADCDisable
                0x00005760       0x80 obj_cc26x0-cc13x0/aux_adc.o
                0x00005760                NOROM_AUXADCDisable
 .text.NOROM_AUXADCEnableSync
                0x000057e0       0xbc obj_cc26x0-cc13x0/aux_adc.o
                0x000057e0                NOROM_AUXADCEnableSync
 .text.NOROM_AUXADCReadFifo
                0x0000589c       0x18 obj_cc26x0-cc13x0/aux_adc.o
                0x0000589c                NOROM_AUXADCReadFifo
 .text.NOROM_TRNGConfigure
                0x000058b4       0x38 obj_cc26x0-cc13x0/trng.o
                0x000058b4                NOROM_TRNGConfigure
 .text.NOROM_ChipInfo_GetChipFamily
                0x000058ec       0x4c obj_cc26x0-cc13x0/chipinfo.o
                0x000058ec                NOROM_ChipInfo_GetChipFamily
 .text.NOROM_ChipInfo_GetChipType
                0x00005938       0x50 obj_cc26x0-cc13x0/chipinfo.o
                0x00005938                NOROM_ChipInfo_GetChipType
 .text.NOROM_ChipInfo_GetHwRevision
                0x00005988       0x6c obj_cc26x0-cc13x0/chipinfo.o
                0x00005988                NOROM_ChipInfo_GetHwRevision
 .text.NOROM_ThisCodeIsBuiltForCC26xxHwRev22AndLater_HaltIfViolated
                0x000059f4       0x14 obj_cc26x0-cc13x0/chipinfo.o
                0x000059f4                NOROM_ThisCodeIsBuiltForCC26xxHwRev22AndLater_HaltIfViolated
 .text.NOROM_DDI32RegWrite
                0x00005a08       0x34 obj_cc26x0-cc13x0/ddi.o
                0x00005a08                NOROM_DDI32RegWrite
 .text.NOROM_DDI16BitfieldWrite
                0x00005a3c       0x4c obj_cc26x0-cc13x0/ddi.o
                0x00005a3c                NOROM_DDI16BitfieldWrite
 .text.NOROM_DDI16BitfieldRead
                0x00005a88       0x4c obj_cc26x0-cc13x0/ddi.o
                0x00005a88                NOROM_DDI16BitfieldRead
 .text.NOROM_AONRTCCurrentCompareValueGet
                0x00005ad4       0x24 obj_cc26x0-cc13x0/aon_rtc.o
                0x00005ad4                NOROM_AONRTCCurrentCompareValueGet
 .text.fill_space
                0x00005af8       0x3c obj_cc26x0-cc13x0/strformat.o
 .text.format_str_v
                0x00005b34      0x95c obj_cc26x0-cc13x0/strformat.o
                0x00005b34                format_str_v
 .text.write_str
                0x00006490       0x14 obj_cc26x0-cc13x0/printf.o
 .text.printf   0x000064a4       0x24 obj_cc26x0-cc13x0/printf.o
                0x000064a4                printf
 .text.buffer_str
                0x000064c8       0x28 obj_cc26x0-cc13x0/snprintf.o
 .text.snprintf
                0x000064f0       0x38 obj_cc26x0-cc13x0/snprintf.o
                0x000064f0                snprintf
 .text.csma_security_create_frame
                0x00006528       0x18 obj_cc26x0-cc13x0/csma-security.o
                0x00006528                csma_security_create_frame
 .text.csma_security_parse_frame
                0x00006540        0xc obj_cc26x0-cc13x0/csma-security.o
                0x00006540                csma_security_parse_frame
 .text.on       0x0000654c        0xc obj_cc26x0-cc13x0/csma.o
 .text.off      0x00006558        0xc obj_cc26x0-cc13x0/csma.o
 .text.max_payload
                0x00006564       0x18 obj_cc26x0-cc13x0/csma.o
 .text.send_packet
                0x0000657c        0x4 obj_cc26x0-cc13x0/csma.o
 .text.init     0x00006580       0x14 obj_cc26x0-cc13x0/csma.o
 .text.input_packet
                0x00006594       0x50 obj_cc26x0-cc13x0/csma.o
 .text.schedule_transmission
                0x000065e4       0x3c obj_cc26x0-cc13x0/csma-output.o
 .text.tx_done  0x00006620       0x90 obj_cc26x0-cc13x0/csma-output.o
 .text.transmit_from_queue
                0x000066b0      0x1fc obj_cc26x0-cc13x0/csma-output.o
 .text.csma_output_packet
                0x000068ac      0x15c obj_cc26x0-cc13x0/csma-output.o
                0x000068ac                csma_output_packet
 .text.csma_output_init
                0x00006a08       0x24 obj_cc26x0-cc13x0/csma-output.o
                0x00006a08                csma_output_init
 .text.uipbuf_clear
                0x00006a2c       0x30 obj_cc26x0-cc13x0/uipbuf.o
                0x00006a2c                uipbuf_clear
 .text.uipbuf_add_ext_hdr
                0x00006a5c       0x2c obj_cc26x0-cc13x0/uipbuf.o
                0x00006a5c                uipbuf_add_ext_hdr
 .text.uipbuf_set_len
                0x00006a88       0x18 obj_cc26x0-cc13x0/uipbuf.o
                0x00006a88                uipbuf_set_len
 .text.uipbuf_set_len_field
                0x00006aa0        0x8 obj_cc26x0-cc13x0/uipbuf.o
                0x00006aa0                uipbuf_set_len_field
 .text.uipbuf_get_len_field
                0x00006aa8        0xc obj_cc26x0-cc13x0/uipbuf.o
                0x00006aa8                uipbuf_get_len_field
 .text.uipbuf_get_next_header
                0x00006ab4       0x50 obj_cc26x0-cc13x0/uipbuf.o
                0x00006ab4                uipbuf_get_next_header
 .text.uipbuf_get_last_header
                0x00006b04       0x40 obj_cc26x0-cc13x0/uipbuf.o
                0x00006b04                uipbuf_get_last_header
 .text.uipbuf_search_header
                0x00006b44       0x58 obj_cc26x0-cc13x0/uipbuf.o
                0x00006b44                uipbuf_search_header
 .text.uipbuf_get_attr
                0x00006b9c       0x14 obj_cc26x0-cc13x0/uipbuf.o
                0x00006b9c                uipbuf_get_attr
 .text.uipbuf_init
                0x00006bb0       0x20 obj_cc26x0-cc13x0/uipbuf.o
                0x00006bb0                uipbuf_init
 .text.echo_reply_input
                0x00006bd0       0x70 obj_cc26x0-cc13x0/uip-icmp6.o
 .text.echo_request_input
                0x00006c40       0x7c obj_cc26x0-cc13x0/uip-icmp6.o
 .text.uip_icmp6_input
                0x00006cbc       0x3c obj_cc26x0-cc13x0/uip-icmp6.o
                0x00006cbc                uip_icmp6_input
 .text.uip_icmp6_register_input_handler
                0x00006cf8        0xc obj_cc26x0-cc13x0/uip-icmp6.o
                0x00006cf8                uip_icmp6_register_input_handler
 .text.uip_icmp6_error_output
                0x00006d04      0x12c obj_cc26x0-cc13x0/uip-icmp6.o
                0x00006d04                uip_icmp6_error_output
 .text.uip_icmp6_send
                0x00006e30       0x7c obj_cc26x0-cc13x0/uip-icmp6.o
                0x00006e30                uip_icmp6_send
 .text.uip_icmp6_init
                0x00006eac       0x24 obj_cc26x0-cc13x0/uip-icmp6.o
                0x00006eac                uip_icmp6_init
 .text.node_matches_address.part.0
                0x00006ed0       0x28 obj_cc26x0-cc13x0/uip-sr.o
 .text.uip_sr_get_node
                0x00006ef8       0x3c obj_cc26x0-cc13x0/uip-sr.o
                0x00006ef8                uip_sr_get_node
 .text.uip_sr_is_addr_reachable
                0x00006f34       0x4c obj_cc26x0-cc13x0/uip-sr.o
                0x00006f34                uip_sr_is_addr_reachable
 .text.uip_sr_expire_parent
                0x00006f80       0x2c obj_cc26x0-cc13x0/uip-sr.o
                0x00006f80                uip_sr_expire_parent
 .text.uip_sr_update_node
                0x00006fac       0xb0 obj_cc26x0-cc13x0/uip-sr.o
                0x00006fac                uip_sr_update_node
 .text.uip_sr_init
                0x0000705c       0x24 obj_cc26x0-cc13x0/uip-sr.o
                0x0000705c                uip_sr_init
 .text.uip_sr_periodic
                0x00007080       0x74 obj_cc26x0-cc13x0/uip-sr.o
                0x00007080                uip_sr_periodic
 .text.uip_sr_free_all
                0x000070f4       0x40 obj_cc26x0-cc13x0/uip-sr.o
                0x000070f4                uip_sr_free_all
 .text.uip_ds6_list_loop.part.0
                0x00007134       0x58 obj_cc26x0-cc13x0/uip-ds6.o
 .text.uip_ds6_prefix_add
                0x0000718c       0x70 obj_cc26x0-cc13x0/uip-ds6.o
                0x0000718c                uip_ds6_prefix_add
 .text.uip_ds6_is_addr_onlink
                0x000071fc       0x44 obj_cc26x0-cc13x0/uip-ds6.o
                0x000071fc                uip_ds6_is_addr_onlink
 .text.uip_ds6_addr_lookup
                0x00007240       0x34 obj_cc26x0-cc13x0/uip-ds6.o
                0x00007240                uip_ds6_addr_lookup
 .text.uip_ds6_get_link_local
                0x00007274       0x50 obj_cc26x0-cc13x0/uip-ds6.o
                0x00007274                uip_ds6_get_link_local
 .text.uip_ds6_maddr_add
                0x000072c4       0x54 obj_cc26x0-cc13x0/uip-ds6.o
                0x000072c4                uip_ds6_maddr_add
 .text.uip_ds6_addr_add
                0x00007318       0xac obj_cc26x0-cc13x0/uip-ds6.o
                0x00007318                uip_ds6_addr_add
 .text.uip_ds6_maddr_lookup
                0x000073c4       0x34 obj_cc26x0-cc13x0/uip-ds6.o
                0x000073c4                uip_ds6_maddr_lookup
 .text.uip_ds6_addr_rm
                0x000073f8       0x48 obj_cc26x0-cc13x0/uip-ds6.o
                0x000073f8                uip_ds6_addr_rm
 .text.uip_ds6_periodic
                0x00007440       0x5c obj_cc26x0-cc13x0/uip-ds6.o
                0x00007440                uip_ds6_periodic
 .text.uip_ds6_select_src
                0x0000749c      0x118 obj_cc26x0-cc13x0/uip-ds6.o
                0x0000749c                uip_ds6_select_src
 .text.uip_ds6_set_addr_iid
                0x000075b4       0x18 obj_cc26x0-cc13x0/uip-ds6.o
                0x000075b4                uip_ds6_set_addr_iid
 .text.uip_ds6_set_lladdr_from_iid
                0x000075cc       0x18 obj_cc26x0-cc13x0/uip-ds6.o
                0x000075cc                uip_ds6_set_lladdr_from_iid
 .text.uip_ds6_compute_reachable_time
                0x000075e4       0x2c obj_cc26x0-cc13x0/uip-ds6.o
                0x000075e4                uip_ds6_compute_reachable_time
 .text.uip_ds6_init
                0x00007610       0xf4 obj_cc26x0-cc13x0/uip-ds6.o
                0x00007610                uip_ds6_init
 .text.uiplib_ipaddr_snprint
                0x00007704       0xfc obj_cc26x0-cc13x0/uiplib.o
                0x00007704                uiplib_ipaddr_snprint
 .text.tcpip_output
                0x00007800       0x30 obj_cc26x0-cc13x0/tcpip.o
                0x00007800                tcpip_output
 .text.tcpip_input
                0x00007830       0x24 obj_cc26x0-cc13x0/tcpip.o
                0x00007830                tcpip_input
 .text.tcpip_ipv6_output
                0x00007854       0xe8 obj_cc26x0-cc13x0/tcpip.o
                0x00007854                tcpip_ipv6_output
 .text.packet_input.part.4
                0x0000793c       0x1c obj_cc26x0-cc13x0/tcpip.o
 .text.process_thread_tcpip_process
                0x00007958       0xcc obj_cc26x0-cc13x0/tcpip.o
 .text.tcpip_uipcall
                0x00007a24       0x2c obj_cc26x0-cc13x0/tcpip.o
                0x00007a24                tcpip_uipcall
 .text.uip_ds6_route_init
                0x00007a50       0x1c obj_cc26x0-cc13x0/uip-ds6-route.o
                0x00007a50                uip_ds6_route_init
 .text.uip_ds6_route_nexthop
                0x00007a6c        0x4 obj_cc26x0-cc13x0/uip-ds6-route.o
                0x00007a6c                uip_ds6_route_nexthop
 .text.uip_ds6_route_lookup
                0x00007a70        0x4 obj_cc26x0-cc13x0/uip-ds6-route.o
                0x00007a70                uip_ds6_route_lookup
 .text.uip_ds6_route_rm
                0x00007a74        0x4 obj_cc26x0-cc13x0/uip-ds6-route.o
                0x00007a74                uip_ds6_route_rm
 .text.uip_ds6_defrt_rm
                0x00007a78       0x3c obj_cc26x0-cc13x0/uip-ds6-route.o
                0x00007a78                uip_ds6_defrt_rm
 .text.uip_ds6_defrt_lookup
                0x00007ab4       0x3c obj_cc26x0-cc13x0/uip-ds6-route.o
                0x00007ab4                uip_ds6_defrt_lookup
 .text.uip_ds6_defrt_add
                0x00007af0       0x5c obj_cc26x0-cc13x0/uip-ds6-route.o
                0x00007af0                uip_ds6_defrt_add
 .text.uip_ds6_defrt_choose
                0x00007b4c       0x34 obj_cc26x0-cc13x0/uip-ds6-route.o
                0x00007b4c                uip_ds6_defrt_choose
 .text.uip_ds6_defrt_periodic
                0x00007b80       0x40 obj_cc26x0-cc13x0/uip-ds6-route.o
                0x00007b80                uip_ds6_defrt_periodic
 .text.uip_ds6_nbr_rm
                0x00007bc0       0x24 obj_cc26x0-cc13x0/uip-ds6-nbr.o
                0x00007bc0                uip_ds6_nbr_rm
 .text.uip_ds6_neighbors_init
                0x00007be4       0x1c obj_cc26x0-cc13x0/uip-ds6-nbr.o
                0x00007be4                uip_ds6_neighbors_init
 .text.uip_ds6_nbr_add
                0x00007c00       0x40 obj_cc26x0-cc13x0/uip-ds6-nbr.o
                0x00007c00                uip_ds6_nbr_add
 .text.uip_ds6_nbr_update_ll
                0x00007c40       0x64 obj_cc26x0-cc13x0/uip-ds6-nbr.o
                0x00007c40                uip_ds6_nbr_update_ll
 .text.uip_ds6_nbr_get_ll
                0x00007ca4        0xc obj_cc26x0-cc13x0/uip-ds6-nbr.o
                0x00007ca4                uip_ds6_nbr_get_ll
 .text.uip_ds6_nbr_head
                0x00007cb0        0xc obj_cc26x0-cc13x0/uip-ds6-nbr.o
                0x00007cb0                uip_ds6_nbr_head
 .text.uip_ds6_nbr_next
                0x00007cbc        0xc obj_cc26x0-cc13x0/uip-ds6-nbr.o
                0x00007cbc                uip_ds6_nbr_next
 .text.uip_ds6_nbr_lookup
                0x00007cc8       0x3c obj_cc26x0-cc13x0/uip-ds6-nbr.o
                0x00007cc8                uip_ds6_nbr_lookup
 .text.uip_ds6_nbr_ipaddr_from_lladdr
                0x00007d04        0xc obj_cc26x0-cc13x0/uip-ds6-nbr.o
                0x00007d04                uip_ds6_nbr_ipaddr_from_lladdr
 .text.uip_ds6_nbr_lladdr_from_ipaddr
                0x00007d10       0x1c obj_cc26x0-cc13x0/uip-ds6-nbr.o
                0x00007d10                uip_ds6_nbr_lladdr_from_ipaddr
 .text.uip_ds6_link_callback
                0x00007d2c        0x4 obj_cc26x0-cc13x0/uip-ds6-nbr.o
                0x00007d2c                uip_ds6_link_callback
 .text.chksum   0x00007d30       0x50 obj_cc26x0-cc13x0/uip6.o
 .text.upper_layer_chksum
                0x00007d80       0x58 obj_cc26x0-cc13x0/uip6.o
 .text.ext_hdr_options_process
                0x00007dd8       0x90 obj_cc26x0-cc13x0/uip6.o
 .text.uip_icmp6chksum
                0x00007e68        0x8 obj_cc26x0-cc13x0/uip6.o
                0x00007e68                uip_icmp6chksum
 .text.uip_init
                0x00007e70       0x34 obj_cc26x0-cc13x0/uip6.o
                0x00007e70                uip_init
 .text.uip_remove_ext_hdr
                0x00007ea4       0x60 obj_cc26x0-cc13x0/uip6.o
                0x00007ea4                uip_remove_ext_hdr
 .text.uip_process
                0x00007f04      0x538 obj_cc26x0-cc13x0/uip6.o
                0x00007f04                uip_process
 .text.uip_htonl
                0x0000843c       0x14 obj_cc26x0-cc13x0/uip6.o
                0x0000843c                uip_htonl
 .text.ns_input
                0x00008450      0x29c obj_cc26x0-cc13x0/uip-nd6.o
 .text.uip_nd6_init
                0x000086ec        0xc obj_cc26x0-cc13x0/uip-nd6.o
                0x000086ec                uip_nd6_init
 .text.sicslowpan_init
                0x000086f8       0x18 obj_cc26x0-cc13x0/sicslowpan.o
                0x000086f8                sicslowpan_init
 .text.set_packet_attrs
                0x00008710       0x74 obj_cc26x0-cc13x0/sicslowpan.o
 .text.compress_addr_64
                0x00008784       0xa0 obj_cc26x0-cc13x0/sicslowpan.o
 .text.addr_context_lookup_by_prefix
                0x00008824       0x24 obj_cc26x0-cc13x0/sicslowpan.o
 .text.send_packet
                0x00008848       0x24 obj_cc26x0-cc13x0/sicslowpan.o
 .text.fragment_copy_payload_and_send
                0x0000886c       0x6c obj_cc26x0-cc13x0/sicslowpan.o
 .text.output   0x000088d8      0x888 obj_cc26x0-cc13x0/sicslowpan.o
 .text.packet_sent
                0x00009160       0x5c obj_cc26x0-cc13x0/sicslowpan.o
 .text.store_fragment
                0x000091bc       0x68 obj_cc26x0-cc13x0/sicslowpan.o
 .text.add_fragment
                0x00009224      0x17c obj_cc26x0-cc13x0/sicslowpan.o
 .text.uncompress_addr
                0x000093a0       0xb0 obj_cc26x0-cc13x0/sicslowpan.o
 .text.input    0x00009450      0x814 obj_cc26x0-cc13x0/sicslowpan.o
 .text.update_state
                0x00009c64       0x88 obj_cc26x0-cc13x0/rpl-nbr-policy.o
 .text.rpl_nbr_policy_find_removable
                0x00009cec       0x58 obj_cc26x0-cc13x0/rpl-nbr-policy.o
                0x00009cec                rpl_nbr_policy_find_removable
 .text.remove_neighbor
                0x00009d44       0x3c obj_cc26x0-cc13x0/rpl-neighbor.o
 .text.rpl_neighbor_get_from_lladdr
                0x00009d80       0x10 obj_cc26x0-cc13x0/rpl-neighbor.o
                0x00009d80                rpl_neighbor_get_from_lladdr
 .text.rpl_neighbor_rank_via_nbr
                0x00009d90       0x18 obj_cc26x0-cc13x0/rpl-neighbor.o
                0x00009d90                rpl_neighbor_rank_via_nbr
 .text.rpl_neighbor_get_ipaddr
                0x00009da8       0x18 obj_cc26x0-cc13x0/rpl-neighbor.o
                0x00009da8                rpl_neighbor_get_ipaddr
 .text.rpl_neighbor_get_link_stats
                0x00009dc0       0x18 obj_cc26x0-cc13x0/rpl-neighbor.o
                0x00009dc0                rpl_neighbor_get_link_stats
 .text.best_parent
                0x00009dd8       0xb0 obj_cc26x0-cc13x0/rpl-neighbor.o
 .text.rpl_neighbor_is_fresh
                0x00009e88       0x10 obj_cc26x0-cc13x0/rpl-neighbor.o
                0x00009e88                rpl_neighbor_is_fresh
 .text.rpl_neighbor_is_parent
                0x00009e98       0x18 obj_cc26x0-cc13x0/rpl-neighbor.o
                0x00009e98                rpl_neighbor_is_parent
 .text.rpl_neighbor_set_preferred_parent
                0x00009eb0       0x44 obj_cc26x0-cc13x0/rpl-neighbor.o
                0x00009eb0                rpl_neighbor_set_preferred_parent
 .text.rpl_neighbor_remove_all
                0x00009ef4       0x30 obj_cc26x0-cc13x0/rpl-neighbor.o
                0x00009ef4                rpl_neighbor_remove_all
 .text.rpl_neighbor_get_from_ipaddr
                0x00009f24       0x1c obj_cc26x0-cc13x0/rpl-neighbor.o
                0x00009f24                rpl_neighbor_get_from_ipaddr
 .text.rpl_neighbor_select_best
                0x00009f40       0x5c obj_cc26x0-cc13x0/rpl-neighbor.o
                0x00009f40                rpl_neighbor_select_best
 .text.rpl_neighbor_init
                0x00009f9c       0x14 obj_cc26x0-cc13x0/rpl-neighbor.o
                0x00009f9c                rpl_neighbor_init
 .text.init_dag
                0x00009fb0       0x80 obj_cc26x0-cc13x0/rpl-dag.o
 .text.init_dag_from_dio
                0x0000a030       0x94 obj_cc26x0-cc13x0/rpl-dag.o
 .text.rpl_local_repair.part.2
                0x0000a0c4       0x30 obj_cc26x0-cc13x0/rpl-dag.o
 .text.rpl_global_repair.part.3
                0x0000a0f4       0x2c obj_cc26x0-cc13x0/rpl-dag.o
 .text.rpl_dag_update_state.part.4
                0x0000a120      0x144 obj_cc26x0-cc13x0/rpl-dag.o
 .text.rpl_dag_get_root_ipaddr
                0x0000a264       0x30 obj_cc26x0-cc13x0/rpl-dag.o
                0x0000a264                rpl_dag_get_root_ipaddr
 .text.rpl_dag_leave
                0x0000a294       0x54 obj_cc26x0-cc13x0/rpl-dag.o
                0x0000a294                rpl_dag_leave
 .text.rpl_dag_poison_and_leave
                0x0000a2e8       0x10 obj_cc26x0-cc13x0/rpl-dag.o
                0x0000a2e8                rpl_dag_poison_and_leave
 .text.rpl_dag_periodic
                0x0000a2f8       0x44 obj_cc26x0-cc13x0/rpl-dag.o
                0x0000a2f8                rpl_dag_periodic
 .text.rpl_is_addr_in_our_dag
                0x0000a33c       0x28 obj_cc26x0-cc13x0/rpl-dag.o
                0x0000a33c                rpl_is_addr_in_our_dag
 .text.rpl_global_repair
                0x0000a364       0x14 obj_cc26x0-cc13x0/rpl-dag.o
                0x0000a364                rpl_global_repair
 .text.rpl_local_repair
                0x0000a378       0x10 obj_cc26x0-cc13x0/rpl-dag.o
                0x0000a378                rpl_local_repair
 .text.rpl_dag_ready_to_advertise
                0x0000a388       0x24 obj_cc26x0-cc13x0/rpl-dag.o
                0x0000a388                rpl_dag_ready_to_advertise
 .text.rpl_dag_update_state
                0x0000a3ac       0x10 obj_cc26x0-cc13x0/rpl-dag.o
                0x0000a3ac                rpl_dag_update_state
 .text.rpl_process_dio
                0x0000a3bc      0x1a8 obj_cc26x0-cc13x0/rpl-dag.o
                0x0000a3bc                rpl_process_dio
 .text.rpl_process_dis
                0x0000a564       0x28 obj_cc26x0-cc13x0/rpl-dag.o
                0x0000a564                rpl_process_dis
 .text.rpl_process_dao
                0x0000a58c       0x54 obj_cc26x0-cc13x0/rpl-dag.o
                0x0000a58c                rpl_process_dao
 .text.rpl_process_dao_ack
                0x0000a5e0       0x54 obj_cc26x0-cc13x0/rpl-dag.o
                0x0000a5e0                rpl_process_dao_ack
 .text.rpl_process_hbh
                0x0000a634       0x2c obj_cc26x0-cc13x0/rpl-dag.o
                0x0000a634                rpl_process_hbh
 .text.rpl_dag_init_root
                0x0000a660       0xac obj_cc26x0-cc13x0/rpl-dag.o
                0x0000a660                rpl_dag_init_root
 .text.rpl_dag_init
                0x0000a70c       0x10 obj_cc26x0-cc13x0/rpl-dag.o
                0x0000a70c                rpl_dag_init
 .text.new_dio_interval
                0x0000a71c       0x60 obj_cc26x0-cc13x0/rpl-timers.o
 .text.handle_unicast_dio_timer
                0x0000a77c       0x1c obj_cc26x0-cc13x0/rpl-timers.o
 .text.handle_dao_timer
                0x0000a798       0xe8 obj_cc26x0-cc13x0/rpl-timers.o
 .text.handle_dao_ack_timer
                0x0000a880       0x14 obj_cc26x0-cc13x0/rpl-timers.o
 .text.handle_leaving_timer
                0x0000a894       0x10 obj_cc26x0-cc13x0/rpl-timers.o
 .text.handle_state_update
                0x0000a8a4        0x4 obj_cc26x0-cc13x0/rpl-timers.o
 .text.handle_dio_timer
                0x0000a8a8       0x70 obj_cc26x0-cc13x0/rpl-timers.o
 .text.rpl_schedule_probing.part.3
                0x0000a918       0x38 obj_cc26x0-cc13x0/rpl-timers.o
 .text.rpl_timers_schedule_periodic_dis
                0x0000a950       0x40 obj_cc26x0-cc13x0/rpl-timers.o
                0x0000a950                rpl_timers_schedule_periodic_dis
 .text.handle_dis_timer
                0x0000a990       0x34 obj_cc26x0-cc13x0/rpl-timers.o
 .text.handle_periodic_timer
                0x0000a9c4       0x54 obj_cc26x0-cc13x0/rpl-timers.o
 .text.rpl_timers_dio_reset
                0x0000aa18       0x2c obj_cc26x0-cc13x0/rpl-timers.o
                0x0000aa18                rpl_timers_dio_reset
 .text.rpl_timers_schedule_unicast_dio
                0x0000aa44       0x2c obj_cc26x0-cc13x0/rpl-timers.o
                0x0000aa44                rpl_timers_schedule_unicast_dio
 .text.rpl_timers_schedule_dao
                0x0000aa70       0x4c obj_cc26x0-cc13x0/rpl-timers.o
                0x0000aa70                rpl_timers_schedule_dao
 .text.rpl_timers_schedule_dao_ack
                0x0000aabc       0x38 obj_cc26x0-cc13x0/rpl-timers.o
                0x0000aabc                rpl_timers_schedule_dao_ack
 .text.get_probing_target
                0x0000aaf4       0xe0 obj_cc26x0-cc13x0/rpl-timers.o
                0x0000aaf4                get_probing_target
 .text.handle_probing_timer
                0x0000abd4       0x30 obj_cc26x0-cc13x0/rpl-timers.o
 .text.rpl_schedule_probing
                0x0000ac04       0x10 obj_cc26x0-cc13x0/rpl-timers.o
                0x0000ac04                rpl_schedule_probing
 .text.rpl_schedule_probing_now
                0x0000ac14       0x2c obj_cc26x0-cc13x0/rpl-timers.o
                0x0000ac14                rpl_schedule_probing_now
 .text.rpl_timers_unschedule_leaving
                0x0000ac40       0x28 obj_cc26x0-cc13x0/rpl-timers.o
                0x0000ac40                rpl_timers_unschedule_leaving
 .text.rpl_timers_schedule_leaving
                0x0000ac68       0x34 obj_cc26x0-cc13x0/rpl-timers.o
                0x0000ac68                rpl_timers_schedule_leaving
 .text.rpl_timers_init
                0x0000ac9c       0x20 obj_cc26x0-cc13x0/rpl-timers.o
                0x0000ac9c                rpl_timers_init
 .text.rpl_timers_stop_dag_timers
                0x0000acbc       0x44 obj_cc26x0-cc13x0/rpl-timers.o
                0x0000acbc                rpl_timers_stop_dag_timers
 .text.rpl_timers_unschedule_state_update
                0x0000ad00       0x14 obj_cc26x0-cc13x0/rpl-timers.o
                0x0000ad00                rpl_timers_unschedule_state_update
 .text.rpl_timers_schedule_state_update
                0x0000ad14       0x1c obj_cc26x0-cc13x0/rpl-timers.o
                0x0000ad14                rpl_timers_schedule_state_update
 .text.update_hbh_header
                0x0000ad30       0x5c obj_cc26x0-cc13x0/rpl-ext-header.o
 .text.rpl_ext_header_srh_get_next_hop
                0x0000ad8c       0x70 obj_cc26x0-cc13x0/rpl-ext-header.o
                0x0000ad8c                rpl_ext_header_srh_get_next_hop
 .text.rpl_ext_header_srh_update
                0x0000adfc       0xb8 obj_cc26x0-cc13x0/rpl-ext-header.o
                0x0000adfc                rpl_ext_header_srh_update
 .text.rpl_ext_header_hbh_update
                0x0000aeb4       0x90 obj_cc26x0-cc13x0/rpl-ext-header.o
                0x0000aeb4                rpl_ext_header_hbh_update
 .text.rpl_ext_header_remove
                0x0000af44       0xbc obj_cc26x0-cc13x0/rpl-ext-header.o
                0x0000af44                rpl_ext_header_remove
 .text.rpl_ext_header_update
                0x0000b000      0x2bc obj_cc26x0-cc13x0/rpl-ext-header.o
                0x0000b000                rpl_ext_header_update
 .text.rpl_has_joined
                0x0000b2bc       0x18 obj_cc26x0-cc13x0/rpl.o
                0x0000b2bc                rpl_has_joined
 .text.rpl_is_reachable
                0x0000b2d4       0x1c obj_cc26x0-cc13x0/rpl.o
                0x0000b2d4                rpl_is_reachable
 .text.drop_route
                0x0000b2f0        0x4 obj_cc26x0-cc13x0/rpl.o
 .text.get_sr_node_ipaddr
                0x0000b2f4       0x30 obj_cc26x0-cc13x0/rpl.o
 .text.set_ip_from_prefix
                0x0000b324       0x2c obj_cc26x0-cc13x0/rpl.o
 .text.init     0x0000b350       0x40 obj_cc26x0-cc13x0/rpl.o
 .text.rpl_link_callback
                0x0000b390       0x30 obj_cc26x0-cc13x0/rpl.o
                0x0000b390                rpl_link_callback
 .text.neighbor_state_changed
                0x0000b3c0        0x4 obj_cc26x0-cc13x0/rpl.o
 .text.rpl_lollipop_greater_than
                0x0000b3c4       0x3c obj_cc26x0-cc13x0/rpl.o
                0x0000b3c4                rpl_lollipop_greater_than
 .text.rpl_get_global_address
                0x0000b400       0x6c obj_cc26x0-cc13x0/rpl.o
                0x0000b400                rpl_get_global_address
 .text.rpl_reset_prefix
                0x0000b46c       0x2c obj_cc26x0-cc13x0/rpl.o
                0x0000b46c                rpl_reset_prefix
 .text.rpl_set_prefix_from_addr
                0x0000b498       0x78 obj_cc26x0-cc13x0/rpl.o
                0x0000b498                rpl_set_prefix_from_addr
 .text.rpl_get_leaf_only
                0x0000b510        0xc obj_cc26x0-cc13x0/rpl.o
                0x0000b510                rpl_get_leaf_only
 .text.reset    0x0000b51c        0x4 obj_cc26x0-cc13x0/rpl-mrhof.o
 .text.update_metric_container
                0x0000b520        0xc obj_cc26x0-cc13x0/rpl-mrhof.o
 .text.nbr_link_metric
                0x0000b52c       0x14 obj_cc26x0-cc13x0/rpl-mrhof.o
 .text.nbr_has_usable_link
                0x0000b540       0x18 obj_cc26x0-cc13x0/rpl-mrhof.o
 .text.nbr_path_cost.part.0
                0x0000b558       0x3c obj_cc26x0-cc13x0/rpl-mrhof.o
 .text.nbr_path_cost
                0x0000b594        0xc obj_cc26x0-cc13x0/rpl-mrhof.o
 .text.within_hysteresis
                0x0000b5a0       0x58 obj_cc26x0-cc13x0/rpl-mrhof.o
 .text.rank_via_nbr
                0x0000b5f8       0x30 obj_cc26x0-cc13x0/rpl-mrhof.o
 .text.nbr_is_acceptable_parent
                0x0000b628       0x34 obj_cc26x0-cc13x0/rpl-mrhof.o
 .text.best_parent
                0x0000b65c       0x74 obj_cc26x0-cc13x0/rpl-mrhof.o
 .text.dao_ack_input
                0x0000b6d0       0x40 obj_cc26x0-cc13x0/rpl-icmp6.o
 .text.dao_input
                0x0000b710      0x11c obj_cc26x0-cc13x0/rpl-icmp6.o
 .text.dio_input
                0x0000b82c      0x27c obj_cc26x0-cc13x0/rpl-icmp6.o
 .text.dis_input
                0x0000baa8       0x2c obj_cc26x0-cc13x0/rpl-icmp6.o
 .text.rpl_icmp6_update_nbr_table
                0x0000bad4       0x38 obj_cc26x0-cc13x0/rpl-icmp6.o
                0x0000bad4                rpl_icmp6_update_nbr_table
 .text.rpl_icmp6_dis_output
                0x0000bb0c       0x3c obj_cc26x0-cc13x0/rpl-icmp6.o
                0x0000bb0c                rpl_icmp6_dis_output
 .text.rpl_icmp6_dio_output
                0x0000bb48      0x27c obj_cc26x0-cc13x0/rpl-icmp6.o
                0x0000bb48                rpl_icmp6_dio_output
 .text.rpl_icmp6_dao_output
                0x0000bdc4       0xd0 obj_cc26x0-cc13x0/rpl-icmp6.o
                0x0000bdc4                rpl_icmp6_dao_output
 .text.rpl_icmp6_dao_ack_output
                0x0000be94       0x44 obj_cc26x0-cc13x0/rpl-icmp6.o
                0x0000be94                rpl_icmp6_dao_ack_output
 .text.rpl_icmp6_init
                0x0000bed8       0x30 obj_cc26x0-cc13x0/rpl-icmp6.o
                0x0000bed8                rpl_icmp6_init
 .text.set_global_address
                0x0000bf08       0x5c obj_cc26x0-cc13x0/rpl-dag-root.o
 .text.rpl_dag_root_set_prefix
                0x0000bf64       0x18 obj_cc26x0-cc13x0/rpl-dag-root.o
                0x0000bf64                rpl_dag_root_set_prefix
 .text.rpl_dag_root_start
                0x0000bf7c       0x7c obj_cc26x0-cc13x0/rpl-dag-root.o
                0x0000bf7c                rpl_dag_root_start
 .text.rpl_dag_root_is_root
                0x0000bff8       0x1c obj_cc26x0-cc13x0/rpl-dag-root.o
                0x0000bff8                rpl_dag_root_is_root
 .text.process_thread_hello_world_process
                0x0000c014       0x48 hello-world.o
 .text          0x0000c05c       0x30 /opt/gcc-arm-none-eabi-5_3-2016q1/bin/../lib/gcc/arm-none-eabi/5.3.1/armv7-m/libgcc.a(_aeabi_uldivmod.o)
                0x0000c05c                __aeabi_uldivmod
 .text          0x0000c08c      0x2ec /opt/gcc-arm-none-eabi-5_3-2016q1/bin/../lib/gcc/arm-none-eabi/5.3.1/armv7-m/libgcc.a(_udivmoddi4.o)
                0x0000c08c                __udivmoddi4
 .text          0x0000c378        0x4 /opt/gcc-arm-none-eabi-5_3-2016q1/bin/../lib/gcc/arm-none-eabi/5.3.1/armv7-m/libgcc.a(_dvmd_tls.o)
                0x0000c378                __aeabi_ldiv0
                0x0000c378                __aeabi_idiv0
 .text.memcmp   0x0000c37c       0x64 /opt/gcc-arm-none-eabi-5_3-2016q1/bin/../lib/gcc/arm-none-eabi/5.3.1/../../../../arm-none-eabi/lib/armv7-m/libc.a(lib_a-memcmp.o)
                0x0000c37c                memcmp
 .text          0x0000c3e0       0xec /opt/gcc-arm-none-eabi-5_3-2016q1/bin/../lib/gcc/arm-none-eabi/5.3.1/../../../../arm-none-eabi/lib/armv7-m/libc.a(lib_a-memcpy.o)
                0x0000c3e0                memcpy
 .text.memmove  0x0000c4cc       0xc8 /opt/gcc-arm-none-eabi-5_3-2016q1/bin/../lib/gcc/arm-none-eabi/5.3.1/../../../../arm-none-eabi/lib/armv7-m/libc.a(lib_a-memmove.o)
                0x0000c4cc                memmove
 .text.memset   0x0000c594       0x9c /opt/gcc-arm-none-eabi-5_3-2016q1/bin/../lib/gcc/arm-none-eabi/5.3.1/../../../../arm-none-eabi/lib/armv7-m/libc.a(lib_a-memset.o)
                0x0000c594                memset
 *(SORT(.rodata*))
 .rodata.str1.4
                0x0000c630       0x63 obj_cc26x0-cc13x0/platform.o
                                 0x66 (size before relaxing)
 *fill*         0x0000c693        0x1 00000000
 .rodata.leds_arch_leds
                0x0000c694        0x8 obj_cc26x0-cc13x0/leds-arch.o
                0x0000c694                leds_arch_leds
 .rodata.str1.4
                0x0000c69c       0x35 obj_cc26x0-cc13x0/board-buttons.o
 *fill*         0x0000c6d1        0x3 00000000
 .rodata.als_sensor
                0x0000c6d4       0x10 obj_cc26x0-cc13x0/als-sensor.o
                0x0000c6d4                als_sensor
 .rodata.str1.4
                0x0000c6e4        0x4 obj_cc26x0-cc13x0/als-sensor.o
 .rodata.str1.4
                0x0000c6e8       0x46 obj_cc26x0-cc13x0/rf-core.o
 *fill*         0x0000c72e        0x2 00000000
 .rodata.output_power
                0x0000c730       0x68 obj_cc26x0-cc13x0/ieee-mode.o
 .rodata.ieee_mode_driver
                0x0000c798       0x38 obj_cc26x0-cc13x0/ieee-mode.o
                0x0000c798                ieee_mode_driver
 .rodata.mode_ieee
                0x0000c7d0       0x10 obj_cc26x0-cc13x0/ieee-mode.o
 .rodata.str1.4
                0x0000c7e0       0x1b obj_cc26x0-cc13x0/soc-trng.o
 *fill*         0x0000c7fb        0x1 00000000
 .rodata.str1.4
                0x0000c7fc       0xf0 obj_cc26x0-cc13x0/contiki-main.o
                                0x10c (size before relaxing)
 .rodata.str1.4
                0x0000c8ec       0xcd obj_cc26x0-cc13x0/log.o
 *fill*         0x0000c9b9        0x3 00000000
 .rodata.str1.4
                0x0000c9bc        0xc obj_cc26x0-cc13x0/etimer.o
 .rodata.str1.4
                0x0000c9c8        0xf obj_cc26x0-cc13x0/ctimer.o
 *fill*         0x0000c9d7        0x1 00000000
 .rodata.str1.4
                0x0000c9d8       0x34 obj_cc26x0-cc13x0/stack-check.o
                                 0x44 (size before relaxing)
 .rodata.str1.4
                0x0000ca0c       0x13 obj_cc26x0-cc13x0/button-hal.o
 *fill*         0x0000ca1f        0x1 00000000
 .rodata.str1.4
                0x0000ca20        0xe obj_cc26x0-cc13x0/serial-line.o
 *fill*         0x0000ca2e        0x2 00000000
 .rodata.str1.4
                0x0000ca30        0x8 obj_cc26x0-cc13x0/sensors.o
 .rodata.linkaddr_null
                0x0000ca38        0x8 obj_cc26x0-cc13x0/linkaddr.o
                0x0000ca38                linkaddr_null
 .rodata.framer_802154
                0x0000ca40        0xc obj_cc26x0-cc13x0/framer-802154.o
                0x0000ca40                framer_802154
 .rodata.buffer.4998
                0x0000ca4c       0x10 obj_cc26x0-cc13x0/strformat.o
 .rodata.buffer.5007
                0x0000ca5c       0x10 obj_cc26x0-cc13x0/strformat.o
 .rodata.str1.4
                0x0000ca6c       0x46 obj_cc26x0-cc13x0/strformat.o
 *fill*         0x0000cab2        0x2 00000000
 .rodata.str1.4
                0x0000cab4        0x5 obj_cc26x0-cc13x0/csma.o
 *fill*         0x0000cab9        0x3 00000000
 .rodata.csma_driver
                0x0000cabc       0x1c obj_cc26x0-cc13x0/csma.o
                0x0000cabc                csma_driver
 .rodata.str1.4
                0x0000cad8       0x2f obj_cc26x0-cc13x0/uiplib.o
                                 0x33 (size before relaxing)
 *fill*         0x0000cb07        0x1 00000000
 .rodata.str1.4
                0x0000cb08        0xd obj_cc26x0-cc13x0/tcpip.o
 *fill*         0x0000cb15        0x3 00000000
 .rodata        0x0000cb18        0x2 obj_cc26x0-cc13x0/sicslowpan.o
 *fill*         0x0000cb1a        0x2 00000000
 .rodata.unc_llconf
                0x0000cb1c        0x4 obj_cc26x0-cc13x0/sicslowpan.o
                0x0000cb1c                unc_llconf
 .rodata.llprefix
                0x0000cb20        0x2 obj_cc26x0-cc13x0/sicslowpan.o
                0x0000cb20                llprefix
 *fill*         0x0000cb22        0x2 00000000
 .rodata.unc_mxconf
                0x0000cb24        0x4 obj_cc26x0-cc13x0/sicslowpan.o
                0x0000cb24                unc_mxconf
 .rodata.sicslowpan_driver
                0x0000cb28       0x10 obj_cc26x0-cc13x0/sicslowpan.o
                0x0000cb28                sicslowpan_driver
 .rodata.str1.4
                0x0000cb38        0xb obj_cc26x0-cc13x0/sicslowpan.o
 *fill*         0x0000cb43        0x1 00000000
 .rodata.ttl_values
                0x0000cb44        0x4 obj_cc26x0-cc13x0/sicslowpan.o
 .rodata.unc_ctxconf
                0x0000cb48        0x4 obj_cc26x0-cc13x0/sicslowpan.o
                0x0000cb48                unc_ctxconf
 .rodata.str1.4
                0x0000cb4c       0xc2 obj_cc26x0-cc13x0/rpl-dag.o
 *fill*         0x0000cc0e        0x2 00000000
 .rodata.str1.4
                0x0000cc10        0xc obj_cc26x0-cc13x0/rpl-timers.o
 .rodata.rpl_lite_driver
                0x0000cc1c       0x50 obj_cc26x0-cc13x0/rpl.o
                0x0000cc1c                rpl_lite_driver
 .rodata.str1.4
                0x0000cc6c        0x9 obj_cc26x0-cc13x0/rpl.o
 *fill*         0x0000cc75        0x3 00000000
 .rodata.autostart_processes
                0x0000cc78        0x8 hello-world.o
                0x0000cc78                autostart_processes
 .rodata.str1.4
                0x0000cc80       0x24 hello-world.o
                0x0000cca4                _etext = .

.glue_7         0x0000cca4        0x0
 .glue_7        0x0000cca4        0x0 linker stubs

.glue_7t        0x0000cca4        0x0
 .glue_7t       0x0000cca4        0x0 linker stubs

.vfp11_veneer   0x0000cca4        0x0
 .vfp11_veneer  0x0000cca4        0x0 linker stubs

.v4_bx          0x0000cca4        0x0
 .v4_bx         0x0000cca4        0x0 linker stubs

.iplt           0x0000cca4        0x0
 .iplt          0x0000cca4        0x0 obj_cc26x0-cc13x0/startup_gcc.o

.data           0x20000000      0x3f4 load address 0x0000cca4
                0x20000000                _data = .
 *(SORT(vtable))
 *(SORT(.data*))
 .data.sensors  0x20000000        0x8 obj_cc26x0-cc13x0/srf06-sensors.o
                0x20000000                sensors
 .data.key_up   0x20000008       0x50 obj_cc26x0-cc13x0/board-buttons.o
 .data.key_left
                0x20000058       0x50 obj_cc26x0-cc13x0/board-buttons.o
 .data.key_select
                0x200000a8       0x50 obj_cc26x0-cc13x0/board-buttons.o
 .data.key_right
                0x200000f8       0x50 obj_cc26x0-cc13x0/board-buttons.o
 .data.key_down
                0x20000148       0x50 obj_cc26x0-cc13x0/board-buttons.o
 .data.button_hal_buttons
                0x20000198       0x18 obj_cc26x0-cc13x0/board-buttons.o
                0x20000198                button_hal_buttons
 .data.srf_module
                0x200001b0       0x14 obj_cc26x0-cc13x0/board.o
 .data.als_aux  0x200001c4        0x8 obj_cc26x0-cc13x0/als-sensor.o
 .data.uart_module
                0x200001cc       0x14 obj_cc26x0-cc13x0/cc26xx-uart.o
 .data.rf_core_process
                0x200001e0       0x10 obj_cc26x0-cc13x0/rf-core.o
                0x200001e0                rf_core_process
 .data.cc26xx_rf_lpm_module
                0x200001f0       0x14 obj_cc26x0-cc13x0/ieee-mode.o
 .data.tx_power_current
                0x20000204        0x4 obj_cc26x0-cc13x0/ieee-mode.o
 .data.ieee_overrides
                0x20000208       0x2c obj_cc26x0-cc13x0/ieee-mode.o
 .data.rng_module
                0x20000234       0x14 obj_cc26x0-cc13x0/soc-trng.o
 .data.soc_trng_process
                0x20000248       0x10 obj_cc26x0-cc13x0/soc-trng.o
                0x20000248                soc_trng_process
 .data.curr_log_level_main
                0x20000258        0x4 obj_cc26x0-cc13x0/log.o
                0x20000258                curr_log_level_main
 .data.etimer_process
                0x2000025c       0x10 obj_cc26x0-cc13x0/etimer.o
                0x2000025c                etimer_process
 .data.ctimer_process
                0x2000026c       0x10 obj_cc26x0-cc13x0/ctimer.o
                0x2000026c                ctimer_process
 .data.stack_check_process
                0x2000027c       0x10 obj_cc26x0-cc13x0/stack-check.o
                0x2000027c                stack_check_process
 .data.button_hal_process
                0x2000028c       0x10 obj_cc26x0-cc13x0/button-hal.o
                0x2000028c                button_hal_process
 .data.serial_line_process
                0x2000029c       0x10 obj_cc26x0-cc13x0/serial-line.o
                0x2000029c                serial_line_process
 .data.sensors_process
                0x200002ac       0x10 obj_cc26x0-cc13x0/sensors.o
                0x200002ac                sensors_process
 .data.bufmem   0x200002bc        0xc obj_cc26x0-cc13x0/queuebuf.o
 .data.buframmem
                0x200002c8        0xc obj_cc26x0-cc13x0/queuebuf.o
 .data.neighbor_addr_mem
                0x200002d4        0xc obj_cc26x0-cc13x0/nbr-table.o
 .data.link_stats_struct
                0x200002e0       0x10 obj_cc26x0-cc13x0/link-stats.o
 .data.ctxt     0x200002f0        0x8 obj_cc26x0-cc13x0/printf.o
 .data.metadata_memb
                0x200002f8        0xc obj_cc26x0-cc13x0/csma-output.o
 .data.packet_memb
                0x20000304        0xc obj_cc26x0-cc13x0/csma-output.o
 .data.neighbor_memb
                0x20000310        0xc obj_cc26x0-cc13x0/csma-output.o
 .data.echo_request_handler
                0x2000031c        0xc obj_cc26x0-cc13x0/uip-icmp6.o
 .data.echo_reply_handler
                0x20000328        0xc obj_cc26x0-cc13x0/uip-icmp6.o
 .data.nodememb
                0x20000334        0xc obj_cc26x0-cc13x0/uip-sr.o
 .data.tcpip_process
                0x20000340       0x10 obj_cc26x0-cc13x0/tcpip.o
                0x20000340                tcpip_process
 .data.defaultroutermemb
                0x20000350        0xc obj_cc26x0-cc13x0/uip-ds6-route.o
 .data.ds6_neighbors_struct
                0x2000035c       0x10 obj_cc26x0-cc13x0/uip-ds6-nbr.o
 .data.ns_input_handler
                0x2000036c        0xc obj_cc26x0-cc13x0/uip-nd6.o
 .data.rpl_neighbors
                0x20000378        0x4 obj_cc26x0-cc13x0/rpl-neighbor.o
                0x20000378                rpl_neighbors
 .data.rpl_neighbors_struct
                0x2000037c       0x10 obj_cc26x0-cc13x0/rpl-neighbor.o
 .data.rpl_mrhof
                0x2000038c       0x24 obj_cc26x0-cc13x0/rpl-mrhof.o
                0x2000038c                rpl_mrhof
 .data.dao_ack_handler
                0x200003b0        0xc obj_cc26x0-cc13x0/rpl-icmp6.o
 .data.dis_handler
                0x200003bc        0xc obj_cc26x0-cc13x0/rpl-icmp6.o
 .data.dao_handler
                0x200003c8        0xc obj_cc26x0-cc13x0/rpl-icmp6.o
 .data.dio_handler
                0x200003d4        0xc obj_cc26x0-cc13x0/rpl-icmp6.o
 .data.hello_world_process
                0x200003e0       0x10 hello-world.o
                0x200003e0                hello_world_process
 .data.mac_pan_id
                0x200003f0        0x2 obj_cc26x0-cc13x0/frame802154.o
 .data.rf_core_last_rssi
                0x200003f2        0x1 obj_cc26x0-cc13x0/rf-core.o
                0x200003f2                rf_core_last_rssi
 .data.rng_ready_event
                0x200003f3        0x1 obj_cc26x0-cc13x0/soc-trng.o
                0x200003f4                _edata = .
                0x0000cca4                _ldata = LOADADDR (.data)

.igot.plt       0x200003f4        0x0 load address 0x0000d098
 .igot.plt      0x200003f4        0x0 obj_cc26x0-cc13x0/startup_gcc.o

.ARM.exidx      0x0000d098        0x8
 *(SORT(.ARM.exidx*))
 .ARM.exidx     0x0000d098        0x8 /opt/gcc-arm-none-eabi-5_3-2016q1/bin/../lib/gcc/arm-none-eabi/5.3.1/armv7-m/libgcc.a(_udivmoddi4.o)

.bss            0x200003f8     0x25da
                0x200003f8                _bss = .
 *(SORT(.bss*))
 .bss.count     0x200003f8        0x8 obj_cc26x0-cc13x0/clock.o
 .bss.rands_cache
                0x20000400       0x20 obj_cc26x0-cc13x0/soc-trng.o
 .bss.last_isr_time
                0x20000420        0x4 obj_cc26x0-cc13x0/soc-rtc.o
 .bss.consumers_list_list
                0x20000424        0x4 obj_cc26x0-cc13x0/aux-ctrl.o
 .bss.input_handler
                0x20000428        0x4 obj_cc26x0-cc13x0/cc26xx-uart.o
 .bss.modules_list_list
                0x2000042c        0x4 obj_cc26x0-cc13x0/lpm.o
 .bss.rat_last_value
                0x20000430        0x4 obj_cc26x0-cc13x0/rf-core.o
 .bss.rat_overflow_timer
                0x20000434       0x20 obj_cc26x0-cc13x0/rf-core.o
 .bss.last_radio_op
                0x20000454        0x4 obj_cc26x0-cc13x0/rf-core.o
 .bss.rat_overflow_counter
                0x20000458        0x4 obj_cc26x0-cc13x0/rf-core.o
 .bss.primary_mode
                0x2000045c        0x4 obj_cc26x0-cc13x0/rf-core.o
 .bss.rat_last_overflow
                0x20000460        0x4 obj_cc26x0-cc13x0/rf-core.o
 .bss.rf_core_last_packet_timestamp
                0x20000464        0x4 obj_cc26x0-cc13x0/rf-core.o
                0x20000464                rf_core_last_packet_timestamp
 .bss.rat_offset
                0x20000468        0x4 obj_cc26x0-cc13x0/rf-core.o
 .bss.filter_cmd
                0x2000046c        0x8 obj_cc26x0-cc13x0/ieee-mode.o
 .bss.rx_data_queue
                0x20000474        0x8 obj_cc26x0-cc13x0/ieee-mode.o
 .bss.rx_read_entry
                0x2000047c        0x4 obj_cc26x0-cc13x0/ieee-mode.o
 .bss.cmd_ieee_rx_buf
                0x20000480       0x80 obj_cc26x0-cc13x0/ieee-mode.o
 .bss.tx_buf    0x20000500       0xb6 obj_cc26x0-cc13x0/ieee-mode.o
 *fill*         0x200005b6        0x2 
 .bss.rx_buf_1  0x200005b8       0x8c obj_cc26x0-cc13x0/ieee-mode.o
 .bss.rf_stats  0x20000644       0x10 obj_cc26x0-cc13x0/ieee-mode.o
 .bss.rx_buf_0  0x20000654       0x8c obj_cc26x0-cc13x0/ieee-mode.o
 .bss.rx_buf_2  0x200006e0       0x8c obj_cc26x0-cc13x0/ieee-mode.o
 .bss.rx_buf_3  0x2000076c       0x8c obj_cc26x0-cc13x0/ieee-mode.o
 .bss.notify_cb
                0x200007f8        0x4 obj_cc26x0-cc13x0/soc-trng.o
 .bss.rands_mask
                0x200007fc        0x4 obj_cc26x0-cc13x0/soc-trng.o
 .bss.timerlist
                0x20000800        0x4 obj_cc26x0-cc13x0/etimer.o
 .bss.next_expiration
                0x20000804        0x4 obj_cc26x0-cc13x0/etimer.o
 .bss.ctimer_list_list
                0x20000808        0x4 obj_cc26x0-cc13x0/ctimer.o
 .bss.process_current
                0x2000080c        0x4 obj_cc26x0-cc13x0/process.o
                0x2000080c                process_current
 .bss.process_list
                0x20000810        0x4 obj_cc26x0-cc13x0/process.o
                0x20000810                process_list
 .bss.events    0x20000814      0x180 obj_cc26x0-cc13x0/process.o
 .bss.next_rtimer
                0x20000994        0x4 obj_cc26x0-cc13x0/rtimer.o
 .bss.et.5416   0x20000998       0x10 obj_cc26x0-cc13x0/stack-check.o
 .bss.button_event_handler
                0x200009a8        0xc obj_cc26x0-cc13x0/button-hal.o
 .bss.pmask     0x200009b4        0x4 obj_cc26x0-cc13x0/button-hal.o
 .bss.rxbuf_data
                0x200009b8       0x80 obj_cc26x0-cc13x0/serial-line.o
 .bss.rxbuf     0x20000a38        0x8 obj_cc26x0-cc13x0/serial-line.o
 .bss.ptr.5060  0x20000a40        0x4 obj_cc26x0-cc13x0/serial-line.o
 .bss.buf.5059  0x20000a44       0x80 obj_cc26x0-cc13x0/serial-line.o
 .bss.handlers_list
                0x20000ac4        0x4 obj_cc26x0-cc13x0/gpio-hal.o
 .bss.events.5076
                0x20000ac8        0x4 obj_cc26x0-cc13x0/sensors.o
 .bss.i.5075    0x20000acc        0x4 obj_cc26x0-cc13x0/sensors.o
 .bss.buframmem_memb_count
                0x20000ad0        0x8 obj_cc26x0-cc13x0/queuebuf.o
 .bss.bufmem_memb_mem
                0x20000ad8       0x20 obj_cc26x0-cc13x0/queuebuf.o
 .bss.buframmem_memb_mem
                0x20000af8      0x560 obj_cc26x0-cc13x0/queuebuf.o
 .bss.bufmem_memb_count
                0x20001058        0x8 obj_cc26x0-cc13x0/queuebuf.o
 .bss.neighbor_addr_mem_memb_count
                0x20001060       0x10 obj_cc26x0-cc13x0/nbr-table.o
 .bss.locked_map
                0x20001070       0x10 obj_cc26x0-cc13x0/nbr-table.o
 .bss.nbr_table_keys_list
                0x20001080        0x4 obj_cc26x0-cc13x0/nbr-table.o
 .bss.neighbor_addr_mem_memb_mem